Archive member included to satisfy reference by file (symbol)

C:/ST/STM32CubeIDE_1.14.0/STM32CubeIDE/plugins/com.st.stm32cube.ide.mcu.externaltools.gnu-tools-for-stm32.11.3.rel1.win32_1.1.100.202309141235/tools/bin/../lib/gcc/arm-none-eabi/11.3.1/../../../../arm-none-eabi/lib/thumb/v7e-m+fp/hard\libc_nano.a(libc_a-exit.o)
                              C:/ST/STM32CubeIDE_1.14.0/STM32CubeIDE/plugins/com.st.stm32cube.ide.mcu.externaltools.gnu-tools-for-stm32.11.3.rel1.win32_1.1.100.202309141235/tools/bin/../lib/gcc/arm-none-eabi/11.3.1/../../../../arm-none-eabi/lib/thumb/v7e-m+fp/hard/crt0.o (exit)
C:/ST/STM32CubeIDE_1.14.0/STM32CubeIDE/plugins/com.st.stm32cube.ide.mcu.externaltools.gnu-tools-for-stm32.11.3.rel1.win32_1.1.100.202309141235/tools/bin/../lib/gcc/arm-none-eabi/11.3.1/../../../../arm-none-eabi/lib/thumb/v7e-m+fp/hard\libc_nano.a(libc_a-malloc.o)
                              ./Core/Src/ili9341.o (malloc)
C:/ST/STM32CubeIDE_1.14.0/STM32CubeIDE/plugins/com.st.stm32cube.ide.mcu.externaltools.gnu-tools-for-stm32.11.3.rel1.win32_1.1.100.202309141235/tools/bin/../lib/gcc/arm-none-eabi/11.3.1/../../../../arm-none-eabi/lib/thumb/v7e-m+fp/hard\libc_nano.a(libc_a-mallocr.o)
                              C:/ST/STM32CubeIDE_1.14.0/STM32CubeIDE/plugins/com.st.stm32cube.ide.mcu.externaltools.gnu-tools-for-stm32.11.3.rel1.win32_1.1.100.202309141235/tools/bin/../lib/gcc/arm-none-eabi/11.3.1/../../../../arm-none-eabi/lib/thumb/v7e-m+fp/hard\libc_nano.a(libc_a-malloc.o) (_malloc_r)
C:/ST/STM32CubeIDE_1.14.0/STM32CubeIDE/plugins/com.st.stm32cube.ide.mcu.externaltools.gnu-tools-for-stm32.11.3.rel1.win32_1.1.100.202309141235/tools/bin/../lib/gcc/arm-none-eabi/11.3.1/../../../../arm-none-eabi/lib/thumb/v7e-m+fp/hard\libc_nano.a(libc_a-mlock.o)
                              C:/ST/STM32CubeIDE_1.14.0/STM32CubeIDE/plugins/com.st.stm32cube.ide.mcu.externaltools.gnu-tools-for-stm32.11.3.rel1.win32_1.1.100.202309141235/tools/bin/../lib/gcc/arm-none-eabi/11.3.1/../../../../arm-none-eabi/lib/thumb/v7e-m+fp/hard\libc_nano.a(libc_a-mallocr.o) (__malloc_lock)
C:/ST/STM32CubeIDE_1.14.0/STM32CubeIDE/plugins/com.st.stm32cube.ide.mcu.externaltools.gnu-tools-for-stm32.11.3.rel1.win32_1.1.100.202309141235/tools/bin/../lib/gcc/arm-none-eabi/11.3.1/../../../../arm-none-eabi/lib/thumb/v7e-m+fp/hard\libc_nano.a(libc_a-findfp.o)
                              C:/ST/STM32CubeIDE_1.14.0/STM32CubeIDE/plugins/com.st.stm32cube.ide.mcu.externaltools.gnu-tools-for-stm32.11.3.rel1.win32_1.1.100.202309141235/tools/bin/../lib/gcc/arm-none-eabi/11.3.1/../../../../arm-none-eabi/lib/thumb/v7e-m+fp/hard\libc_nano.a(libc_a-exit.o) (__stdio_exit_handler)
C:/ST/STM32CubeIDE_1.14.0/STM32CubeIDE/plugins/com.st.stm32cube.ide.mcu.externaltools.gnu-tools-for-stm32.11.3.rel1.win32_1.1.100.202309141235/tools/bin/../lib/gcc/arm-none-eabi/11.3.1/../../../../arm-none-eabi/lib/thumb/v7e-m+fp/hard\libc_nano.a(libc_a-fwalk.o)
                              C:/ST/STM32CubeIDE_1.14.0/STM32CubeIDE/plugins/com.st.stm32cube.ide.mcu.externaltools.gnu-tools-for-stm32.11.3.rel1.win32_1.1.100.202309141235/tools/bin/../lib/gcc/arm-none-eabi/11.3.1/../../../../arm-none-eabi/lib/thumb/v7e-m+fp/hard\libc_nano.a(libc_a-findfp.o) (_fwalk_sglue)
C:/ST/STM32CubeIDE_1.14.0/STM32CubeIDE/plugins/com.st.stm32cube.ide.mcu.externaltools.gnu-tools-for-stm32.11.3.rel1.win32_1.1.100.202309141235/tools/bin/../lib/gcc/arm-none-eabi/11.3.1/../../../../arm-none-eabi/lib/thumb/v7e-m+fp/hard\libc_nano.a(libc_a-sprintf.o)
                              ./Core/Src/display.o (sprintf)
C:/ST/STM32CubeIDE_1.14.0/STM32CubeIDE/plugins/com.st.stm32cube.ide.mcu.externaltools.gnu-tools-for-stm32.11.3.rel1.win32_1.1.100.202309141235/tools/bin/../lib/gcc/arm-none-eabi/11.3.1/../../../../arm-none-eabi/lib/thumb/v7e-m+fp/hard\libc_nano.a(libc_a-stdio.o)
                              C:/ST/STM32CubeIDE_1.14.0/STM32CubeIDE/plugins/com.st.stm32cube.ide.mcu.externaltools.gnu-tools-for-stm32.11.3.rel1.win32_1.1.100.202309141235/tools/bin/../lib/gcc/arm-none-eabi/11.3.1/../../../../arm-none-eabi/lib/thumb/v7e-m+fp/hard\libc_nano.a(libc_a-findfp.o) (__sread)
C:/ST/STM32CubeIDE_1.14.0/STM32CubeIDE/plugins/com.st.stm32cube.ide.mcu.externaltools.gnu-tools-for-stm32.11.3.rel1.win32_1.1.100.202309141235/tools/bin/../lib/gcc/arm-none-eabi/11.3.1/../../../../arm-none-eabi/lib/thumb/v7e-m+fp/hard\libc_nano.a(libc_a-memset.o)
                              C:/ST/STM32CubeIDE_1.14.0/STM32CubeIDE/plugins/com.st.stm32cube.ide.mcu.externaltools.gnu-tools-for-stm32.11.3.rel1.win32_1.1.100.202309141235/tools/bin/../lib/gcc/arm-none-eabi/11.3.1/../../../../arm-none-eabi/lib/thumb/v7e-m+fp/hard/crt0.o (memset)
C:/ST/STM32CubeIDE_1.14.0/STM32CubeIDE/plugins/com.st.stm32cube.ide.mcu.externaltools.gnu-tools-for-stm32.11.3.rel1.win32_1.1.100.202309141235/tools/bin/../lib/gcc/arm-none-eabi/11.3.1/../../../../arm-none-eabi/lib/thumb/v7e-m+fp/hard\libc_nano.a(libc_a-closer.o)
[...]
Memory Configuration

Name             Origin             Length             Attributes
RAM              0x0000000020000000 0x000000000000c000 xrw
RAM2             0x0000000010000000 0x0000000000004000 xrw
FLASH            0x0000000008000000 0x0000000000040000 xr
*default*        0x0000000000000000 0xffffffffffffffff

Linker script and memory map

LOAD C:/ST/STM32CubeIDE_1.14.0/STM32CubeIDE/plugins/com.st.stm32cube.ide.mcu.externaltools.gnu-tools-for-stm32.11.3.rel1.win32_1.1.100.202309141235/tools/bin/../lib/gcc/arm-none-eabi/11.3.1/thumb/v7e-m+fp/hard/crti.o
LOAD C:/ST/STM32CubeIDE_1.14.0/STM32CubeIDE/plugins/com.st.stm32cube.ide.mcu.externaltools.gnu-tools-for-stm32.11.3.rel1.win32_1.1.100.202309141235/tools/bin/../lib/gcc/arm-none-eabi/11.3.1/thumb/v7e-m+fp/hard/crtbegin.o
LOAD C:/ST/STM32CubeIDE_1.14.0/STM32CubeIDE/plugins/com.st.stm32cube.ide.mcu.externaltools.gnu-tools-for-stm32.11.3.rel1.win32_1.1.100.202309141235/tools/bin/../lib/gcc/arm-none-eabi/11.3.1/../../../../arm-none-eabi/lib/thumb/v7e-m+fp/hard/crt0.o
LOAD ./Core/Src/bt.o
LOAD ./Core/Src/display.o
LOAD ./Core/Src/ili9341.o
LOAD ./Core/Src/ili9341_font.o
LOAD ./Core/Src/ili9341_gfx.o
LOAD ./Core/Src/main.o
LOAD ./Core/Src/stm32l4xx_hal_msp.o
LOAD ./Core/Src/stm32l4xx_it.o
LOAD ./Core/Src/sysmem.o
LOAD ./Core/Src/system_stm32l4xx.o
LOAD ./Core/Src/task_manager.o
LOAD ./Core/Startup/startup_stm32l432kcux.o
LOAD ./Drivers/STM32L4xx_HAL_Driver/Src/stm32l4xx_hal.o
LOAD ./Drivers/STM32L4xx_HAL_Driver/Src/stm32l4xx_hal_adc.o
LOAD ./Drivers/STM32L4xx_HAL_Driver/Src/stm32l4xx_hal_adc_ex.o
LOAD ./Drivers/STM32L4xx_HAL_Driver/Src/stm32l4xx_hal_cortex.o
LOAD ./Drivers/STM32L4xx_HAL_Driver/Src/stm32l4xx_hal_dma.o
LOAD ./Drivers/STM32L4xx_HAL_Driver/Src/stm32l4xx_hal_dma_ex.o
LOAD ./Drivers/STM32L4xx_HAL_Driver/Src/stm32l4xx_hal_exti.o
LOAD ./Drivers/STM32L4xx_HAL_Driver/Src/stm32l4xx_hal_flash.o
LOAD ./Drivers/STM32L4xx_HAL_Driver/Src/stm32l4xx_hal_flash_ex.o
LOAD ./Drivers/STM32L4xx_HAL_Driver/Src/stm32l4xx_hal_flash_ramfunc.o
LOAD ./Drivers/STM32L4xx_HAL_Driver/Src/stm32l4xx_hal_gpio.o
LOAD ./Drivers/STM32L4xx_HAL_Driver/Src/stm32l4xx_hal_i2c.o
LOAD ./Drivers/STM32L4xx_HAL_Driver/Src/stm32l4xx_hal_i2c_ex.o
LOAD ./Drivers/STM32L4xx_HAL_Driver/Src/stm32l4xx_hal_opamp.o
LOAD ./Drivers/STM32L4xx_HAL_Driver/Src/stm32l4xx_hal_opamp_ex.o
LOAD ./Drivers/STM32L4xx_HAL_Driver/Src/stm32l4xx_hal_pwr.o
LOAD ./Drivers/STM32L4xx_HAL_Driver/Src/stm32l4xx_hal_pwr_ex.o
LOAD ./Drivers/STM32L4xx_HAL_Driver/Src/stm32l4xx_hal_rcc.o
LOAD ./Drivers/STM32L4xx_HAL_Driver/Src/stm32l4xx_hal_rcc_ex.o
LOAD ./Drivers/STM32L4xx_HAL_Driver/Src/stm32l4xx_hal_spi.o
LOAD ./Drivers/STM32L4xx_HAL_Driver/Src/stm32l4xx_hal_spi_ex.o
LOAD ./Drivers/STM32L4xx_HAL_Driver/Src/stm32l4xx_hal_tim.o
LOAD ./Drivers/STM32L4xx_HAL_Driver/Src/stm32l4xx_hal_tim_ex.o
LOAD ./Drivers/STM32L4xx_HAL_Driver/Src/stm32l4xx_hal_uart.o
LOAD ./Drivers/STM32L4xx_HAL_Driver/Src/stm32l4xx_hal_uart_ex.o
START GROUP
LOAD C:/ST/STM32CubeIDE_1.14.0/STM32CubeIDE/plugins/com.st.stm32cube.ide.mcu.externaltools.gnu-tools-for-stm32.11.3.rel1.win32_1.1.100.202309141235/tools/bin/../lib/gcc/arm-none-eabi/11.3.1/../../../../arm-none-eabi/lib/thumb/v7e-m+fp/hard\libc_nano.a
LOAD C:/ST/STM32CubeIDE_1.14.0/STM32CubeIDE/plugins/com.st.stm32cube.ide.mcu.externaltools.gnu-tools-for-stm32.11.3.rel1.win32_1.1.100.202309141235/tools/bin/../lib/gcc/arm-none-eabi/11.3.1/../../../../arm-none-eabi/lib/thumb/v7e-m+fp/hard\libm.a
END GROUP
START GROUP
LOAD C:/ST/STM32CubeIDE_1.14.0/STM32CubeIDE/plugins/com.st.stm32cube.ide.mcu.externaltools.gnu-tools-for-stm32.11.3.rel1.win32_1.1.100.202309141235/tools/bin/../lib/gcc/arm-none-eabi/11.3.1/thumb/v7e-m+fp/hard\libgcc.a
LOAD C:/ST/STM32CubeIDE_1.14.0/STM32CubeIDE/plugins/com.st.stm32cube.ide.mcu.externaltools.gnu-tools-for-stm32.11.3.rel1.win32_1.1.100.202309141235/tools/bin/../lib/gcc/arm-none-eabi/11.3.1/../../../../arm-none-eabi/lib/thumb/v7e-m+fp/hard\libc_nano.a
END GROUP
START GROUP
LOAD C:/ST/STM32CubeIDE_1.14.0/STM32CubeIDE/plugins/com.st.stm32cube.ide.mcu.externaltools.gnu-tools-for-stm32.11.3.rel1.win32_1.1.100.202309141235/tools/bin/../lib/gcc/arm-none-eabi/11.3.1/thumb/v7e-m+fp/hard\libgcc.a
LOAD C:/ST/STM32CubeIDE_1.14.0/STM32CubeIDE/plugins/com.st.stm32cube.ide.mcu.externaltools.gnu-tools-for-stm32.11.3.rel1.win32_1.1.100.202309141235/tools/bin/../lib/gcc/arm-none-eabi/11.3.1/../../../../arm-none-eabi/lib/thumb/v7e-m+fp/hard\libc_nano.a
LOAD C:/ST/STM32CubeIDE_1.14.0/STM32CubeIDE/plugins/com.st.stm32cube.ide.mcu.externaltools.gnu-tools-for-stm32.11.3.rel1.win32_1.1.100.202309141235/tools/bin/../lib/gcc/arm-none-eabi/11.3.1/../../../../arm-none-eabi/lib/thumb/v7e-m+fp/hard\libnosys.a
END GROUP
START GROUP
LOAD C:/ST/STM32CubeIDE_1.14.0/STM32CubeIDE/plugins/com.st.stm32cube.ide.mcu.externaltools.gnu-tools-for-stm32.11.3.rel1.win32_1.1.100.202309141235/tools/bin/../lib/gcc/arm-none-eabi/11.3.1/thumb/v7e-m+fp/hard\libgcc.a
LOAD C:/ST/STM32CubeIDE_1.14.0/STM32CubeIDE/plugins/com.st.stm32cube.ide.mcu.externaltools.gnu-tools-for-stm32.11.3.rel1.win32_1.1.100.202309141235/tools/bin/../lib/gcc/arm-none-eabi/11.3.1/../../../../arm-none-eabi/lib/thumb/v7e-m+fp/hard\libc_nano.a
LOAD C:/ST/STM32CubeIDE_1.14.0/STM32CubeIDE/plugins/com.st.stm32cube.ide.mcu.externaltools.gnu-tools-for-stm32.11.3.rel1.win32_1.1.100.202309141235/tools/bin/../lib/gcc/arm-none-eabi/11.3.1/../../../../arm-none-eabi/lib/thumb/v7e-m+fp/hard\libnosys.a
END GROUP
LOAD C:/ST/STM32CubeIDE_1.14.0/STM32CubeIDE/plugins/com.st.stm32cube.ide.mcu.externaltools.gnu-tools-for-stm32.11.3.rel1.win32_1.1.100.202309141235/tools/bin/../lib/gcc/arm-none-eabi/11.3.1/thumb/v7e-m+fp/hard/crtend.o
LOAD C:/ST/STM32CubeIDE_1.14.0/STM32CubeIDE/plugins/com.st.stm32cube.ide.mcu.externaltools.gnu-tools-for-stm32.11.3.rel1.win32_1.1.100.202309141235/tools/bin/../lib/gcc/arm-none-eabi/11.3.1/thumb/v7e-m+fp/hard/crtn.o
                0x000000002000c000                _estack = (ORIGIN (RAM) + LENGTH (RAM))
                0x0000000000000800                _Min_Heap_Size = 0x800
                0x0000000000000800                _Min_Stack_Size = 0x800

.isr_vector     0x0000000008000000      0x18c
                0x0000000008000000                . = ALIGN (0x4)
 *(.isr_vector)
 .isr_vector    0x0000000008000000      0x18c ./Core/Startup/startup_stm32l432kcux.o
                0x0000000008000000                g_pfnVectors
                0x000000000800018c                . = ALIGN (0x4)

.text           0x0000000008000190     0x7654
                0x0000000008000190                . = ALIGN (0x4)
 *(.text)
 .text          0x0000000008000190       0x40 C:/ST/STM32CubeIDE_1.14.0/STM32CubeIDE/plugins/com.st.stm32cube.ide.mcu.externaltools.gnu-tools-for-stm32.11.3.rel1.win32_1.1.100.202309141235/tools/bin/../lib/gcc/arm-none-eabi/11.3.1/thumb/v7e-m+fp/hard/crtbegin.o
 .text          0x00000000080001d0       0x10 C:/ST/STM32CubeIDE_1.14.0/STM32CubeIDE/plugins/com.st.stm32cube.ide.mcu.externaltools.gnu-tools-for-stm32.11.3.rel1.win32_1.1.100.202309141235/tools/bin/../lib/gcc/arm-none-eabi/11.3.1/../../../../arm-none-eabi/lib/thumb/v7e-m+fp/hard\libc_nano.a(libc_a-strlen.o)
                0x00000000080001d0                strlen
 .text          0x00000000080001e0       0xa0 C:/ST/STM32CubeIDE_1.14.0/STM32CubeIDE/plugins/com.st.stm32cube.ide.mcu.externaltools.gnu-tools-for-stm32.11.3.rel1.win32_1.1.100.202309141235/tools/bin/../lib/gcc/arm-none-eabi/11.3.1/../../../../arm-none-eabi/lib/thumb/v7e-m+fp/hard\libc_nano.a(libc_a-memchr.o)
                0x00000000080001e0                memchr
 .text          0x0000000008000280       0x30 C:/ST/STM32CubeIDE_1.14.0/STM32CubeIDE/plugins/com.st.stm32cube.ide.mcu.externaltools.gnu-tools-for-stm32.11.3.rel1.win32_1.1.100.202309141235/tools/bin/../lib/gcc/arm-none-eabi/11.3.1/thumb/v7e-m+fp/hard\libgcc.a(_aeabi_uldivmod.o)
                0x0000000008000280                __aeabi_uldivmod
 .text          0x00000000080002b0      0x2c8 C:/ST/STM32CubeIDE_1.14.0/STM32CubeIDE/plugins/com.st.stm32cube.ide.mcu.externaltools.gnu-tools-for-stm32.11.3.rel1.win32_1.1.100.202309141235/tools/bin/../lib/gcc/arm-none-eabi/11.3.1/thumb/v7e-m+fp/hard\libgcc.a(_udivmoddi4.o)
                0x00000000080002b0                __udivmoddi4
 .text          0x0000000008000578        0x4 C:/ST/STM32CubeIDE_1.14.0/STM32CubeIDE/plugins/com.st.stm32cube.ide.mcu.externaltools.gnu-tools-for-stm32.11.3.rel1.win32_1.1.100.202309141235/tools/bin/../lib/gcc/arm-none-eabi/11.3.1/thumb/v7e-m+fp/hard\libgcc.a(_dvmd_tls.o)
                0x0000000008000578                __aeabi_idiv0
                0x0000000008000578                __aeabi_ldiv0
 *(.text*)
 .text.init_bt  0x000000000800057c       0x20 ./Core/Src/bt.o
                0x000000000800057c                init_bt
 .text.bt_send  0x000000000800059c       0x2c ./Core/Src/bt.o
                0x000000000800059c                bt_send
 .text.init_display
                0x00000000080005c8       0xf0 ./Core/Src/display.o
                0x00000000080005c8                init_display
 .text.translate_y
                0x00000000080006b8       0x7c ./Core/Src/display.o
                0x00000000080006b8                translate_y
 .text.display_graph
                0x0000000008000734      0x178 ./Core/Src/display.o
                0x0000000008000734                display_graph
 .text.HAL_TIM_PeriodElapsedCallback
                0x00000000080008ac       0x5c ./Core/Src/display.o
                0x00000000080008ac                HAL_TIM_PeriodElapsedCallback
 .text.ili9341_new
                0x0000000008000908      0x234 ./Core/Src/ili9341.o
                0x0000000008000908                ili9341_new
 .text.ili9341_spi_tft_select
                0x0000000008000b3c       0x20 ./Core/Src/ili9341.o
                0x0000000008000b3c                ili9341_spi_tft_select
 .text.ili9341_spi_tft_release
                0x0000000008000b5c       0x20 ./Core/Src/ili9341.o
                0x0000000008000b5c                ili9341_spi_tft_release
 .text.ili9341_spi_touch_select
                0x0000000008000b7c       0x20 ./Core/Src/ili9341.o
                0x0000000008000b7c                ili9341_spi_touch_select
 .text.ili9341_spi_touch_release
                0x0000000008000b9c       0x20 ./Core/Src/ili9341.o
                0x0000000008000b9c                ili9341_spi_touch_release
 .text.ili9341_spi_slave_select
                0x0000000008000bbc       0x32 ./Core/Src/ili9341.o
                0x0000000008000bbc                ili9341_spi_slave_select
 .text.ili9341_spi_slave_release
                0x0000000008000bee       0x32 ./Core/Src/ili9341.o
                0x0000000008000bee                ili9341_spi_slave_release
 .text.ili9341_spi_write_command
                0x0000000008000c20       0x70 ./Core/Src/ili9341.o
                0x0000000008000c20                ili9341_spi_write_command
 .text.ili9341_spi_write_data
                0x0000000008000c90       0x72 ./Core/Src/ili9341.o
                0x0000000008000c90                ili9341_spi_write_data
 .text.ili9341_spi_write_command_data
                0x0000000008000d02       0x76 ./Core/Src/ili9341.o
                0x0000000008000d02                ili9341_spi_write_command_data
 .text.ili9341_reset
                0x0000000008000d78       0x42 ./Core/Src/ili9341.o
 *fill*         0x0000000008000dba        0x2 
 .text.ili9341_initialize
                0x0000000008000dbc      0x2c0 ./Core/Src/ili9341.o
 .text.ili9341_screen_size
                0x000000000800107c       0x60 ./Core/Src/ili9341.o
 .text.ili9341_screen_rotation
                0x00000000080010dc       0x38 ./Core/Src/ili9341.o
 .text.glyph_index
                0x0000000008001114       0x2c ./Core/Src/ili9341_font.o
                0x0000000008001114                glyph_index
 .text.ili9341_spi_tft_set_address_rect
                0x0000000008001140       0xa2 ./Core/Src/ili9341_gfx.o
                0x0000000008001140                ili9341_spi_tft_set_address_rect
 .text.ili9341_transmit_wait
                0x00000000080011e2       0x2e ./Core/Src/ili9341_gfx.o
                0x00000000080011e2                ili9341_transmit_wait
 .text.ili9341_transmit_color
                0x0000000008001210       0x4a ./Core/Src/ili9341_gfx.o
                0x0000000008001210                ili9341_transmit_color
 .text.ili9341_draw_pixel
                0x000000000800125a       0xb0 ./Core/Src/ili9341_gfx.o
                0x000000000800125a                ili9341_draw_pixel
 .text.ili9341_draw_line
                0x000000000800130a      0x1da ./Core/Src/ili9341_gfx.o
                0x000000000800130a                ili9341_draw_line
 .text.ili9341_fill_rect
                0x00000000080014e4      0x124 ./Core/Src/ili9341_gfx.o
                0x00000000080014e4                ili9341_fill_rect
 .text.ili9341_fill_screen
                0x0000000008001608       0x2c ./Core/Src/ili9341_gfx.o
                0x0000000008001608                ili9341_fill_screen
 .text.ili9341_draw_char
                0x0000000008001634      0x1d0 ./Core/Src/ili9341_gfx.o
                0x0000000008001634                ili9341_draw_char
 .text.ili9341_draw_string
                0x0000000008001804       0x9a ./Core/Src/ili9341_gfx.o
                0x0000000008001804                ili9341_draw_string
 .text.ili9341_clip_rect
                0x000000000800189e      0x13e ./Core/Src/ili9341_gfx.o
 .text.main     0x00000000080019dc       0x58 ./Core/Src/main.o
                0x00000000080019dc                main
 .text.SystemClock_Config
                0x0000000008001a34       0xc4 ./Core/Src/main.o
                0x0000000008001a34                SystemClock_Config
 .text.MX_ADC1_Init
                0x0000000008001af8       0xc8 ./Core/Src/main.o
 .text.MX_OPAMP1_Init
                0x0000000008001bc0       0x48 ./Core/Src/main.o
 .text.MX_SPI1_Init
                0x0000000008001c08       0x7c ./Core/Src/main.o
 .text.MX_TIM16_Init
                0x0000000008001c84       0x4c ./Core/Src/main.o
 .text.MX_USART1_UART_Init
                0x0000000008001cd0       0x60 ./Core/Src/main.o
 .text.MX_USART2_UART_Init
                0x0000000008001d30       0x60 ./Core/Src/main.o
 .text.MX_DMA_Init
                0x0000000008001d90       0x4c ./Core/Src/main.o
 .text.MX_GPIO_Init
                0x0000000008001ddc       0xb0 ./Core/Src/main.o
 .text.Error_Handler
                0x0000000008001e8c        0xa ./Core/Src/main.o
                0x0000000008001e8c                Error_Handler
 *fill*         0x0000000008001e96        0x2 
 .text.HAL_MspInit
                0x0000000008001e98       0x48 ./Core/Src/stm32l4xx_hal_msp.o
                0x0000000008001e98                HAL_MspInit
 .text.HAL_ADC_MspInit
                0x0000000008001ee0      0x128 ./Core/Src/stm32l4xx_hal_msp.o
                0x0000000008001ee0                HAL_ADC_MspInit
 .text.HAL_OPAMP_MspInit
                0x0000000008002008       0x7c ./Core/Src/stm32l4xx_hal_msp.o
                0x0000000008002008                HAL_OPAMP_MspInit
 .text.HAL_SPI_MspInit
                0x0000000008002084      0x100 ./Core/Src/stm32l4xx_hal_msp.o
                0x0000000008002084                HAL_SPI_MspInit
 .text.HAL_TIM_Base_MspInit
                0x0000000008002184       0x4c ./Core/Src/stm32l4xx_hal_msp.o
                0x0000000008002184                HAL_TIM_Base_MspInit
 .text.HAL_UART_MspInit
                0x00000000080021d0      0x154 ./Core/Src/stm32l4xx_hal_msp.o
                0x00000000080021d0                HAL_UART_MspInit
 .text.NMI_Handler
                0x0000000008002324        0x6 ./Core/Src/stm32l4xx_it.o
                0x0000000008002324                NMI_Handler
 .text.HardFault_Handler
                0x000000000800232a        0x6 ./Core/Src/stm32l4xx_it.o
                0x000000000800232a                HardFault_Handler
 .text.MemManage_Handler
                0x0000000008002330        0x6 ./Core/Src/stm32l4xx_it.o
                0x0000000008002330                MemManage_Handler
 .text.BusFault_Handler
                0x0000000008002336        0x6 ./Core/Src/stm32l4xx_it.o
                0x0000000008002336                BusFault_Handler
 .text.UsageFault_Handler
                0x000000000800233c        0x6 ./Core/Src/stm32l4xx_it.o
                0x000000000800233c                UsageFault_Handler
 .text.SVC_Handler
                0x0000000008002342        0xe ./Core/Src/stm32l4xx_it.o
                0x0000000008002342                SVC_Handler
 .text.DebugMon_Handler
                0x0000000008002350        0xe ./Core/Src/stm32l4xx_it.o
                0x0000000008002350                DebugMon_Handler
 .text.PendSV_Handler
                0x000000000800235e        0xe ./Core/Src/stm32l4xx_it.o
                0x000000000800235e                PendSV_Handler
 .text.SysTick_Handler
                0x000000000800236c        0xc ./Core/Src/stm32l4xx_it.o
                0x000000000800236c                SysTick_Handler
 .text.DMA1_Channel1_IRQHandler
                0x0000000008002378       0x14 ./Core/Src/stm32l4xx_it.o
                0x0000000008002378                DMA1_Channel1_IRQHandler
 .text.DMA1_Channel3_IRQHandler
                0x000000000800238c       0x14 ./Core/Src/stm32l4xx_it.o
                0x000000000800238c                DMA1_Channel3_IRQHandler
 .text.TIM1_UP_TIM16_IRQHandler
                0x00000000080023a0       0x14 ./Core/Src/stm32l4xx_it.o
                0x00000000080023a0                TIM1_UP_TIM16_IRQHandler
 .text._sbrk    0x00000000080023b4       0x6c ./Core/Src/sysmem.o
                0x00000000080023b4                _sbrk
 .text.SystemInit
                0x0000000008002420       0x24 ./Core/Src/system_stm32l4xx.o
                0x0000000008002420                SystemInit
 .text.init_tasks
                0x0000000008002444       0x2c ./Core/Src/task_manager.o
                0x0000000008002444                init_tasks
 .text.manage_tasks
                0x0000000008002470        0xc ./Core/Src/task_manager.o
                0x0000000008002470                manage_tasks
 .text.Reset_Handler
                0x000000000800247c       0x50 ./Core/Startup/startup_stm32l432kcux.o
                0x000000000800247c                Reset_Handler
 .text.Default_Handler
                0x00000000080024cc        0x2 ./Core/Startup/startup_stm32l432kcux.o
                0x00000000080024cc                RTC_Alarm_IRQHandler
                0x00000000080024cc                EXTI2_IRQHandler
                0x00000000080024cc                TIM1_CC_IRQHandler
                0x00000000080024cc                TSC_IRQHandler
                0x00000000080024cc                TAMP_STAMP_IRQHandler
                0x00000000080024cc                EXTI3_IRQHandler
                0x00000000080024cc                LPTIM2_IRQHandler
                0x00000000080024cc                I2C3_ER_IRQHandler
                0x00000000080024cc                EXTI0_IRQHandler
                0x00000000080024cc                CAN1_RX0_IRQHandler
                0x00000000080024cc                FPU_IRQHandler
                0x00000000080024cc                SPI1_IRQHandler
                0x00000000080024cc                TIM6_DAC_IRQHandler
                0x00000000080024cc                DMA2_Channel2_IRQHandler
                0x00000000080024cc                DMA1_Channel4_IRQHandler
                0x00000000080024cc                ADC1_IRQHandler
                0x00000000080024cc                DMA1_Channel7_IRQHandler
                0x00000000080024cc                CAN1_RX1_IRQHandler
                0x00000000080024cc                DMA2_Channel1_IRQHandler
                0x00000000080024cc                QUADSPI_IRQHandler
                0x00000000080024cc                I2C1_EV_IRQHandler
                0x00000000080024cc                DMA1_Channel6_IRQHandler
                0x00000000080024cc                DMA2_Channel4_IRQHandler
                0x00000000080024cc                RCC_IRQHandler
                0x00000000080024cc                TIM1_TRG_COM_IRQHandler
                0x00000000080024cc                Default_Handler
                0x00000000080024cc                DMA2_Channel7_IRQHandler
                0x00000000080024cc                EXTI15_10_IRQHandler
                0x00000000080024cc                TIM7_IRQHandler
                0x00000000080024cc                I2C3_EV_IRQHandler
                0x00000000080024cc                USB_IRQHandler
                0x00000000080024cc                EXTI9_5_IRQHandler
                0x00000000080024cc                RTC_WKUP_IRQHandler
                0x00000000080024cc                PVD_PVM_IRQHandler
                0x00000000080024cc                CAN1_TX_IRQHandler
                0x00000000080024cc                DMA2_Channel5_IRQHandler
                0x00000000080024cc                CRS_IRQHandler
                0x00000000080024cc                DMA1_Channel5_IRQHandler
                0x00000000080024cc                EXTI4_IRQHandler
                0x00000000080024cc                RNG_IRQHandler
                0x00000000080024cc                COMP_IRQHandler
                0x00000000080024cc                WWDG_IRQHandler
                0x00000000080024cc                LPUART1_IRQHandler
                0x00000000080024cc                DMA2_Channel6_IRQHandler
                0x00000000080024cc                TIM2_IRQHandler
                0x00000000080024cc                EXTI1_IRQHandler
                0x00000000080024cc                USART2_IRQHandler
                0x00000000080024cc                DMA1_Channel2_IRQHandler
                0x00000000080024cc                CAN1_SCE_IRQHandler
                0x00000000080024cc                FLASH_IRQHandler
                0x00000000080024cc                USART1_IRQHandler
                0x00000000080024cc                SPI3_IRQHandler
                0x00000000080024cc                I2C1_ER_IRQHandler
                0x00000000080024cc                SWPMI1_IRQHandler
                0x00000000080024cc                LPTIM1_IRQHandler
                0x00000000080024cc                SAI1_IRQHandler
                0x00000000080024cc                DMA2_Channel3_IRQHandler
                0x00000000080024cc                TIM1_BRK_TIM15_IRQHandler
 .text.HAL_Init
                0x00000000080024ce       0x30 ./Drivers/STM32L4xx_HAL_Driver/Src/stm32l4xx_hal.o
                0x00000000080024ce                HAL_Init
 *fill*         0x00000000080024fe        0x2 
 .text.HAL_InitTick
                0x0000000008002500       0x78 ./Drivers/STM32L4xx_HAL_Driver/Src/stm32l4xx_hal.o
                0x0000000008002500                HAL_InitTick
 .text.HAL_IncTick
                0x0000000008002578       0x28 ./Drivers/STM32L4xx_HAL_Driver/Src/stm32l4xx_hal.o
                0x0000000008002578                HAL_IncTick
 .text.HAL_GetTick
                0x00000000080025a0       0x18 ./Drivers/STM32L4xx_HAL_Driver/Src/stm32l4xx_hal.o
                0x00000000080025a0                HAL_GetTick
 .text.HAL_Delay
                0x00000000080025b8       0x48 ./Drivers/STM32L4xx_HAL_Driver/Src/stm32l4xx_hal.o
                0x00000000080025b8                HAL_Delay
 .text.LL_ADC_SetCommonClock
                0x0000000008002600       0x26 ./Drivers/STM32L4xx_HAL_Driver/Src/stm32l4xx_hal_adc.o
 .text.LL_ADC_SetCommonPathInternalCh
                0x0000000008002626       0x26 ./Drivers/STM32L4xx_HAL_Driver/Src/stm32l4xx_hal_adc.o
 .text.LL_ADC_GetCommonPathInternalCh
                0x000000000800264c       0x1c ./Drivers/STM32L4xx_HAL_Driver/Src/stm32l4xx_hal_adc.o
 .text.LL_ADC_SetOffset
                0x0000000008002668       0x48 ./Drivers/STM32L4xx_HAL_Driver/Src/stm32l4xx_hal_adc.o
 .text.LL_ADC_GetOffsetChannel
                0x00000000080026b0       0x2c ./Drivers/STM32L4xx_HAL_Driver/Src/stm32l4xx_hal_adc.o
 .text.LL_ADC_SetOffsetState
                0x00000000080026dc       0x36 ./Drivers/STM32L4xx_HAL_Driver/Src/stm32l4xx_hal_adc.o
 .text.LL_ADC_REG_IsTriggerSourceSWStart
                0x0000000008002712       0x26 ./Drivers/STM32L4xx_HAL_Driver/Src/stm32l4xx_hal_adc.o
 .text.LL_ADC_REG_SetSequencerRanks
                0x0000000008002738       0x58 ./Drivers/STM32L4xx_HAL_Driver/Src/stm32l4xx_hal_adc.o
 .text.LL_ADC_SetChannelSamplingTime
                0x0000000008002790       0x56 ./Drivers/STM32L4xx_HAL_Driver/Src/stm32l4xx_hal_adc.o
 *fill*         0x00000000080027e6        0x2 
 .text.LL_ADC_SetChannelSingleDiff
                0x00000000080027e8       0x48 ./Drivers/STM32L4xx_HAL_Driver/Src/stm32l4xx_hal_adc.o
 .text.LL_ADC_DisableDeepPowerDown
                0x0000000008002830       0x24 ./Drivers/STM32L4xx_HAL_Driver/Src/stm32l4xx_hal_adc.o
 .text.LL_ADC_IsDeepPowerDownEnabled
                0x0000000008002854       0x28 ./Drivers/STM32L4xx_HAL_Driver/Src/stm32l4xx_hal_adc.o
 .text.LL_ADC_EnableInternalRegulator
                0x000000000800287c       0x28 ./Drivers/STM32L4xx_HAL_Driver/Src/stm32l4xx_hal_adc.o
 .text.LL_ADC_IsInternalRegulatorEnabled
                0x00000000080028a4       0x28 ./Drivers/STM32L4xx_HAL_Driver/Src/stm32l4xx_hal_adc.o
 .text.LL_ADC_Enable
                0x00000000080028cc       0x28 ./Drivers/STM32L4xx_HAL_Driver/Src/stm32l4xx_hal_adc.o
 .text.LL_ADC_IsEnabled
                0x00000000080028f4       0x26 ./Drivers/STM32L4xx_HAL_Driver/Src/stm32l4xx_hal_adc.o
 .text.LL_ADC_REG_StartConversion
                0x000000000800291a       0x28 ./Drivers/STM32L4xx_HAL_Driver/Src/stm32l4xx_hal_adc.o
 .text.LL_ADC_REG_IsConversionOngoing
                0x0000000008002942       0x26 ./Drivers/STM32L4xx_HAL_Driver/Src/stm32l4xx_hal_adc.o
 .text.LL_ADC_INJ_IsConversionOngoing
                0x0000000008002968       0x26 ./Drivers/STM32L4xx_HAL_Driver/Src/stm32l4xx_hal_adc.o
 *fill*         0x000000000800298e        0x2 
 .text.HAL_ADC_Init
                0x0000000008002990      0x284 ./Drivers/STM32L4xx_HAL_Driver/Src/stm32l4xx_hal_adc.o
                0x0000000008002990                HAL_ADC_Init
 .text.HAL_ADC_Start_DMA
                0x0000000008002c14      0x108 ./Drivers/STM32L4xx_HAL_Driver/Src/stm32l4xx_hal_adc.o
                0x0000000008002c14                HAL_ADC_Start_DMA
 .text.HAL_ADC_ConvCpltCallback
                0x0000000008002d1c       0x14 ./Drivers/STM32L4xx_HAL_Driver/Src/stm32l4xx_hal_adc.o
                0x0000000008002d1c                HAL_ADC_ConvCpltCallback
 .text.HAL_ADC_ConvHalfCpltCallback
                0x0000000008002d30       0x14 ./Drivers/STM32L4xx_HAL_Driver/Src/stm32l4xx_hal_adc.o
                0x0000000008002d30                HAL_ADC_ConvHalfCpltCallback
 .text.HAL_ADC_ErrorCallback
                0x0000000008002d44       0x14 ./Drivers/STM32L4xx_HAL_Driver/Src/stm32l4xx_hal_adc.o
                0x0000000008002d44                HAL_ADC_ErrorCallback
 .text.HAL_ADC_ConfigChannel
                0x0000000008002d58      0x7c4 ./Drivers/STM32L4xx_HAL_Driver/Src/stm32l4xx_hal_adc.o
                0x0000000008002d58                HAL_ADC_ConfigChannel
 .text.ADC_Enable
                0x000000000800351c      0x10c ./Drivers/STM32L4xx_HAL_Driver/Src/stm32l4xx_hal_adc.o
                0x000000000800351c                ADC_Enable
 .text.ADC_DMAConvCplt
                0x0000000008003628       0xd8 ./Drivers/STM32L4xx_HAL_Driver/Src/stm32l4xx_hal_adc.o
                0x0000000008003628                ADC_DMAConvCplt
 .text.ADC_DMAHalfConvCplt
                0x0000000008003700       0x1c ./Drivers/STM32L4xx_HAL_Driver/Src/stm32l4xx_hal_adc.o
                0x0000000008003700                ADC_DMAHalfConvCplt
 .text.ADC_DMAError
                0x000000000800371c       0x34 ./Drivers/STM32L4xx_HAL_Driver/Src/stm32l4xx_hal_adc.o
                0x000000000800371c                ADC_DMAError
 .text.__NVIC_SetPriorityGrouping
                0x0000000008003750       0x48 ./Drivers/STM32L4xx_HAL_Driver/Src/stm32l4xx_hal_cortex.o
 .text.__NVIC_GetPriorityGrouping
                0x0000000008003798       0x1c ./Drivers/STM32L4xx_HAL_Driver/Src/stm32l4xx_hal_cortex.o
 .text.__NVIC_EnableIRQ
                0x00000000080037b4       0x3c ./Drivers/STM32L4xx_HAL_Driver/Src/stm32l4xx_hal_cortex.o
 .text.__NVIC_SetPriority
                0x00000000080037f0       0x54 ./Drivers/STM32L4xx_HAL_Driver/Src/stm32l4xx_hal_cortex.o
 .text.NVIC_EncodePriority
                0x0000000008003844       0x66 ./Drivers/STM32L4xx_HAL_Driver/Src/stm32l4xx_hal_cortex.o
 *fill*         0x00000000080038aa        0x2 
 .text.SysTick_Config
                0x00000000080038ac       0x44 ./Drivers/STM32L4xx_HAL_Driver/Src/stm32l4xx_hal_cortex.o
 .text.HAL_NVIC_SetPriorityGrouping
                0x00000000080038f0       0x16 ./Drivers/STM32L4xx_HAL_Driver/Src/stm32l4xx_hal_cortex.o
                0x00000000080038f0                HAL_NVIC_SetPriorityGrouping
 .text.HAL_NVIC_SetPriority
                0x0000000008003906       0x38 ./Drivers/STM32L4xx_HAL_Driver/Src/stm32l4xx_hal_cortex.o
                0x0000000008003906                HAL_NVIC_SetPriority
 .text.HAL_NVIC_EnableIRQ
                0x000000000800393e       0x1c ./Drivers/STM32L4xx_HAL_Driver/Src/stm32l4xx_hal_cortex.o
                0x000000000800393e                HAL_NVIC_EnableIRQ
 .text.HAL_SYSTICK_Config
                0x000000000800395a       0x18 ./Drivers/STM32L4xx_HAL_Driver/Src/stm32l4xx_hal_cortex.o
                0x000000000800395a                HAL_SYSTICK_Config
 *fill*         0x0000000008003972        0x2 
 .text.HAL_DMA_Init
                0x0000000008003974      0x170 ./Drivers/STM32L4xx_HAL_Driver/Src/stm32l4xx_hal_dma.o
                0x0000000008003974                HAL_DMA_Init
 .text.HAL_DMA_Start_IT
                0x0000000008003ae4       0xc0 ./Drivers/STM32L4xx_HAL_Driver/Src/stm32l4xx_hal_dma.o
                0x0000000008003ae4                HAL_DMA_Start_IT
 .text.HAL_DMA_IRQHandler
                0x0000000008003ba4      0x15e ./Drivers/STM32L4xx_HAL_Driver/Src/stm32l4xx_hal_dma.o
                0x0000000008003ba4                HAL_DMA_IRQHandler
 .text.HAL_DMA_GetState
                0x0000000008003d02       0x1c ./Drivers/STM32L4xx_HAL_Driver/Src/stm32l4xx_hal_dma.o
                0x0000000008003d02                HAL_DMA_GetState
 .text.DMA_SetConfig
                0x0000000008003d1e       0x60 ./Drivers/STM32L4xx_HAL_Driver/Src/stm32l4xx_hal_dma.o
 *fill*         0x0000000008003d7e        0x2 
 .text.HAL_GPIO_Init
                0x0000000008003d80      0x2d4 ./Drivers/STM32L4xx_HAL_Driver/Src/stm32l4xx_hal_gpio.o
                0x0000000008003d80                HAL_GPIO_Init
 .text.HAL_GPIO_WritePin
                0x0000000008004054       0x30 ./Drivers/STM32L4xx_HAL_Driver/Src/stm32l4xx_hal_gpio.o
                0x0000000008004054                HAL_GPIO_WritePin
 .text.HAL_OPAMP_Init
                0x0000000008004084      0x1ac ./Drivers/STM32L4xx_HAL_Driver/Src/stm32l4xx_hal_opamp.o
                0x0000000008004084                HAL_OPAMP_Init
 .text.HAL_PWR_EnableBkUpAccess
                0x0000000008004230       0x20 ./Drivers/STM32L4xx_HAL_Driver/Src/stm32l4xx_hal_pwr.o
                0x0000000008004230                HAL_PWR_EnableBkUpAccess
 .text.HAL_PWREx_GetVoltageRange
                0x0000000008004250       0x1c ./Drivers/STM32L4xx_HAL_Driver/Src/stm32l4xx_hal_pwr_ex.o
                0x0000000008004250                HAL_PWREx_GetVoltageRange
 .text.HAL_PWREx_ControlVoltageScaling
                0x000000000800426c       0xac ./Drivers/STM32L4xx_HAL_Driver/Src/stm32l4xx_hal_pwr_ex.o
                0x000000000800426c                HAL_PWREx_ControlVoltageScaling
 .text.HAL_RCC_OscConfig
                0x0000000008004318      0x828 ./Drivers/STM32L4xx_HAL_Driver/Src/stm32l4xx_hal_rcc.o
                0x0000000008004318                HAL_RCC_OscConfig
 .text.HAL_RCC_ClockConfig
                0x0000000008004b40      0x200 ./Drivers/STM32L4xx_HAL_Driver/Src/stm32l4xx_hal_rcc.o
                0x0000000008004b40                HAL_RCC_ClockConfig
 .text.HAL_RCC_GetSysClockFreq
                0x0000000008004d40      0x118 ./Drivers/STM32L4xx_HAL_Driver/Src/stm32l4xx_hal_rcc.o
                0x0000000008004d40                HAL_RCC_GetSysClockFreq
 .text.HAL_RCC_GetHCLKFreq
                0x0000000008004e58       0x18 ./Drivers/STM32L4xx_HAL_Driver/Src/stm32l4xx_hal_rcc.o
                0x0000000008004e58                HAL_RCC_GetHCLKFreq
 .text.HAL_RCC_GetPCLK1Freq
                0x0000000008004e70       0x2c ./Drivers/STM32L4xx_HAL_Driver/Src/stm32l4xx_hal_rcc.o
                0x0000000008004e70                HAL_RCC_GetPCLK1Freq
 .text.HAL_RCC_GetPCLK2Freq
                0x0000000008004e9c       0x2c ./Drivers/STM32L4xx_HAL_Driver/Src/stm32l4xx_hal_rcc.o
                0x0000000008004e9c                HAL_RCC_GetPCLK2Freq
 .text.RCC_SetFlashLatencyFromMSIRange
                0x0000000008004ec8       0xc0 ./Drivers/STM32L4xx_HAL_Driver/Src/stm32l4xx_hal_rcc.o
 .text.HAL_RCCEx_PeriphCLKConfig
                0x0000000008004f88      0x3ec ./Drivers/STM32L4xx_HAL_Driver/Src/stm32l4xx_hal_rcc_ex.o
                0x0000000008004f88                HAL_RCCEx_PeriphCLKConfig
 .text.HAL_RCCEx_EnableMSIPLLMode
                0x0000000008005374       0x20 ./Drivers/STM32L4xx_HAL_Driver/Src/stm32l4xx_hal_rcc_ex.o
                0x0000000008005374                HAL_RCCEx_EnableMSIPLLMode
 .text.RCCEx_PLLSAI1_Config
                0x0000000008005394      0x1e4 ./Drivers/STM32L4xx_HAL_Driver/Src/stm32l4xx_hal_rcc_ex.o
 .text.HAL_SPI_Init
                0x0000000008005578      0x146 ./Drivers/STM32L4xx_HAL_Driver/Src/stm32l4xx_hal_spi.o
                0x0000000008005578                HAL_SPI_Init
 .text.HAL_SPI_Transmit
                0x00000000080056be      0x2ea ./Drivers/STM32L4xx_HAL_Driver/Src/stm32l4xx_hal_spi.o
                0x00000000080056be                HAL_SPI_Transmit
 .text.HAL_SPI_Transmit_DMA
                0x00000000080059a8      0x1e0 ./Drivers/STM32L4xx_HAL_Driver/Src/stm32l4xx_hal_spi.o
                0x00000000080059a8                HAL_SPI_Transmit_DMA
 .text.HAL_SPI_TxCpltCallback
                0x0000000008005b88       0x14 ./Drivers/STM32L4xx_HAL_Driver/Src/stm32l4xx_hal_spi.o
                0x0000000008005b88                HAL_SPI_TxCpltCallback
 .text.HAL_SPI_TxHalfCpltCallback
                0x0000000008005b9c       0x14 ./Drivers/STM32L4xx_HAL_Driver/Src/stm32l4xx_hal_spi.o
                0x0000000008005b9c                HAL_SPI_TxHalfCpltCallback
 .text.HAL_SPI_ErrorCallback
                0x0000000008005bb0       0x14 ./Drivers/STM32L4xx_HAL_Driver/Src/stm32l4xx_hal_spi.o
                0x0000000008005bb0                HAL_SPI_ErrorCallback
 .text.SPI_DMATransmitCplt
                0x0000000008005bc4       0xa6 ./Drivers/STM32L4xx_HAL_Driver/Src/stm32l4xx_hal_spi.o
 .text.SPI_DMAHalfTransmitCplt
                0x0000000008005c6a       0x1c ./Drivers/STM32L4xx_HAL_Driver/Src/stm32l4xx_hal_spi.o
 .text.SPI_DMAError
                0x0000000008005c86       0x40 ./Drivers/STM32L4xx_HAL_Driver/Src/stm32l4xx_hal_spi.o
 *fill*         0x0000000008005cc6        0x2 
 .text.SPI_WaitFlagStateUntilTimeout
                0x0000000008005cc8      0x110 ./Drivers/STM32L4xx_HAL_Driver/Src/stm32l4xx_hal_spi.o
 .text.SPI_WaitFifoStateUntilTimeout
                0x0000000008005dd8      0x12c ./Drivers/STM32L4xx_HAL_Driver/Src/stm32l4xx_hal_spi.o
 .text.SPI_EndRxTxTransaction
                0x0000000008005f04       0x8c ./Drivers/STM32L4xx_HAL_Driver/Src/stm32l4xx_hal_spi.o
 .text.HAL_TIM_Base_Init
                0x0000000008005f90       0xae ./Drivers/STM32L4xx_HAL_Driver/Src/stm32l4xx_hal_tim.o
                0x0000000008005f90                HAL_TIM_Base_Init
 *fill*         0x000000000800603e        0x2 
 .text.HAL_TIM_Base_Start_IT
                0x0000000008006040       0xa8 ./Drivers/STM32L4xx_HAL_Driver/Src/stm32l4xx_hal_tim.o
                0x0000000008006040                HAL_TIM_Base_Start_IT
 .text.HAL_TIM_IRQHandler
                0x00000000080060e8      0x204 ./Drivers/STM32L4xx_HAL_Driver/Src/stm32l4xx_hal_tim.o
                0x00000000080060e8                HAL_TIM_IRQHandler
 .text.HAL_TIM_OC_DelayElapsedCallback
                0x00000000080062ec       0x14 ./Drivers/STM32L4xx_HAL_Driver/Src/stm32l4xx_hal_tim.o
                0x00000000080062ec                HAL_TIM_OC_DelayElapsedCallback
 .text.HAL_TIM_IC_CaptureCallback
                0x0000000008006300       0x14 ./Drivers/STM32L4xx_HAL_Driver/Src/stm32l4xx_hal_tim.o
                0x0000000008006300                HAL_TIM_IC_CaptureCallback
 .text.HAL_TIM_PWM_PulseFinishedCallback
                0x0000000008006314       0x14 ./Drivers/STM32L4xx_HAL_Driver/Src/stm32l4xx_hal_tim.o
                0x0000000008006314                HAL_TIM_PWM_PulseFinishedCallback
 .text.HAL_TIM_TriggerCallback
                0x0000000008006328       0x14 ./Drivers/STM32L4xx_HAL_Driver/Src/stm32l4xx_hal_tim.o
                0x0000000008006328                HAL_TIM_TriggerCallback
 .text.TIM_Base_SetConfig
                0x000000000800633c       0xc8 ./Drivers/STM32L4xx_HAL_Driver/Src/stm32l4xx_hal_tim.o
                0x000000000800633c                TIM_Base_SetConfig
 .text.HAL_TIMEx_CommutCallback
                0x0000000008006404       0x14 ./Drivers/STM32L4xx_HAL_Driver/Src/stm32l4xx_hal_tim_ex.o
                0x0000000008006404                HAL_TIMEx_CommutCallback
 .text.HAL_TIMEx_BreakCallback
                0x0000000008006418       0x14 ./Drivers/STM32L4xx_HAL_Driver/Src/stm32l4xx_hal_tim_ex.o
                0x0000000008006418                HAL_TIMEx_BreakCallback
 .text.HAL_TIMEx_Break2Callback
                0x000000000800642c       0x14 ./Drivers/STM32L4xx_HAL_Driver/Src/stm32l4xx_hal_tim_ex.o
                0x000000000800642c                HAL_TIMEx_Break2Callback
 .text.HAL_UART_Init
                0x0000000008006440       0x9c ./Drivers/STM32L4xx_HAL_Driver/Src/stm32l4xx_hal_uart.o
                0x0000000008006440                HAL_UART_Init
 .text.HAL_UART_Transmit
                0x00000000080064dc      0x114 ./Drivers/STM32L4xx_HAL_Driver/Src/stm32l4xx_hal_uart.o
                0x00000000080064dc                HAL_UART_Transmit
 .text.UART_SetConfig
                0x00000000080065f0      0x458 ./Drivers/STM32L4xx_HAL_Driver/Src/stm32l4xx_hal_uart.o
                0x00000000080065f0                UART_SetConfig
 .text.UART_AdvFeatureConfig
                0x0000000008006a48      0x144 ./Drivers/STM32L4xx_HAL_Driver/Src/stm32l4xx_hal_uart.o
                0x0000000008006a48                UART_AdvFeatureConfig
 .text.UART_CheckIdleState
                0x0000000008006b8c      0x150 ./Drivers/STM32L4xx_HAL_Driver/Src/stm32l4xx_hal_uart.o
                0x0000000008006b8c                UART_CheckIdleState
 .text.UART_WaitOnFlagUntilTimeout
                0x0000000008006cdc       0xce ./Drivers/STM32L4xx_HAL_Driver/Src/stm32l4xx_hal_uart.o
                0x0000000008006cdc                UART_WaitOnFlagUntilTimeout
 .text.UART_EndRxTransfer
                0x0000000008006daa       0xc8 ./Drivers/STM32L4xx_HAL_Driver/Src/stm32l4xx_hal_uart.o
 *fill*         0x0000000008006e72        0x2 
 .text.malloc   0x0000000008006e74       0x10 C:/ST/STM32CubeIDE_1.14.0/STM32CubeIDE/plugins/com.st.stm32cube.ide.mcu.externaltools.gnu-tools-for-stm32.11.3.rel1.win32_1.1.100.202309141235/tools/bin/../lib/gcc/arm-none-eabi/11.3.1/../../../../arm-none-eabi/lib/thumb/v7e-m+fp/hard\libc_nano.a(libc_a-malloc.o)
                0x0000000008006e74                malloc
 .text.sbrk_aligned
                0x0000000008006e84       0x40 C:/ST/STM32CubeIDE_1.14.0/STM32CubeIDE/plugins/com.st.stm32cube.ide.mcu.externaltools.gnu-tools-for-stm32.11.3.rel1.win32_1.1.100.202309141235/tools/bin/../lib/gcc/arm-none-eabi/11.3.1/../../../../arm-none-eabi/lib/thumb/v7e-m+fp/hard\libc_nano.a(libc_a-mallocr.o)
 .text._malloc_r
                0x0000000008006ec4      0x100 C:/ST/STM32CubeIDE_1.14.0/STM32CubeIDE/plugins/com.st.stm32cube.ide.mcu.externaltools.gnu-tools-for-stm32.11.3.rel1.win32_1.1.100.202309141235/tools/bin/../lib/gcc/arm-none-eabi/11.3.1/../../../../arm-none-eabi/lib/thumb/v7e-m+fp/hard\libc_nano.a(libc_a-mallocr.o)
                0x0000000008006ec4                _malloc_r
 .text.__malloc_lock
                0x0000000008006fc4        0xc C:/ST/STM32CubeIDE_1.14.0/STM32CubeIDE/plugins/com.st.stm32cube.ide.mcu.externaltools.gnu-tools-for-stm32.11.3.rel1.win32_1.1.100.202309141235/tools/bin/../lib/gcc/arm-none-eabi/11.3.1/../../../../arm-none-eabi/lib/thumb/v7e-m+fp/hard\libc_nano.a(libc_a-mlock.o)
                0x0000000008006fc4                __malloc_lock
 .text.__malloc_unlock
                0x0000000008006fd0        0xc C:/ST/STM32CubeIDE_1.14.0/STM32CubeIDE/plugins/com.st.stm32cube.ide.mcu.externaltools.gnu-tools-for-stm32.11.3.rel1.win32_1.1.100.202309141235/tools/bin/../lib/gcc/arm-none-eabi/11.3.1/../../../../arm-none-eabi/lib/thumb/v7e-m+fp/hard\libc_nano.a(libc_a-mlock.o)
                0x0000000008006fd0                __malloc_unlock
 .text.sprintf  0x0000000008006fdc       0x40 C:/ST/STM32CubeIDE_1.14.0/STM32CubeIDE/plugins/com.st.stm32cube.ide.mcu.externaltools.gnu-tools-for-stm32.11.3.rel1.win32_1.1.100.202309141235/tools/bin/../lib/gcc/arm-none-eabi/11.3.1/../../../../arm-none-eabi/lib/thumb/v7e-m+fp/hard\libc_nano.a(libc_a-sprintf.o)
                0x0000000008006fdc                siprintf
                0x0000000008006fdc                sprintf
 .text.memset   0x000000000800701c       0x10 C:/ST/STM32CubeIDE_1.14.0/STM32CubeIDE/plugins/com.st.stm32cube.ide.mcu.externaltools.gnu-tools-for-stm32.11.3.rel1.win32_1.1.100.202309141235/tools/bin/../lib/gcc/arm-none-eabi/11.3.1/../../../../arm-none-eabi/lib/thumb/v7e-m+fp/hard\libc_nano.a(libc_a-memset.o)
                0x000000000800701c                memset
 .text._sbrk_r  0x000000000800702c       0x20 C:/ST/STM32CubeIDE_1.14.0/STM32CubeIDE/plugins/com.st.stm32cube.ide.mcu.externaltools.gnu-tools-for-stm32.11.3.rel1.win32_1.1.100.202309141235/tools/bin/../lib/gcc/arm-none-eabi/11.3.1/../../../../arm-none-eabi/lib/thumb/v7e-m+fp/hard\libc_nano.a(libc_a-sbrkr.o)
                0x000000000800702c                _sbrk_r
 .text.__errno  0x000000000800704c        0xc C:/ST/STM32CubeIDE_1.14.0/STM32CubeIDE/plugins/com.st.stm32cube.ide.mcu.externaltools.gnu-tools-for-stm32.11.3.rel1.win32_1.1.100.202309141235/tools/bin/../lib/gcc/arm-none-eabi/11.3.1/../../../../arm-none-eabi/lib/thumb/v7e-m+fp/hard\libc_nano.a(libc_a-errno.o)
                0x000000000800704c                __errno
 .text.__libc_init_array
                0x0000000008007058       0x48 C:/ST/STM32CubeIDE_1.14.0/STM32CubeIDE/plugins/com.st.stm32cube.ide.mcu.externaltools.gnu-tools-for-stm32.11.3.rel1.win32_1.1.100.202309141235/tools/bin/../lib/gcc/arm-none-eabi/11.3.1/../../../../arm-none-eabi/lib/thumb/v7e-m+fp/hard\libc_nano.a(libc_a-init.o)
                0x0000000008007058                __libc_init_array
 .text.__retarget_lock_acquire_recursive
                0x00000000080070a0        0x2 C:/ST/STM32CubeIDE_1.14.0/STM32CubeIDE/plugins/com.st.stm32cube.ide.mcu.externaltools.gnu-tools-for-stm32.11.3.rel1.win32_1.1.100.202309141235/tools/bin/../lib/gcc/arm-none-eabi/11.3.1/../../../../arm-none-eabi/lib/thumb/v7e-m+fp/hard\libc_nano.a(libc_a-lock.o)
                0x00000000080070a0                __retarget_lock_acquire_recursive
 .text.__retarget_lock_release_recursive
                0x00000000080070a2        0x2 C:/ST/STM32CubeIDE_1.14.0/STM32CubeIDE/plugins/com.st.stm32cube.ide.mcu.externaltools.gnu-tools-for-stm32.11.3.rel1.win32_1.1.100.202309141235/tools/bin/../lib/gcc/arm-none-eabi/11.3.1/../../../../arm-none-eabi/lib/thumb/v7e-m+fp/hard\libc_nano.a(libc_a-lock.o)
                0x00000000080070a2                __retarget_lock_release_recursive
 .text._free_r  0x00000000080070a4       0x98 C:/ST/STM32CubeIDE_1.14.0/STM32CubeIDE/plugins/com.st.stm32cube.ide.mcu.externaltools.gnu-tools-for-stm32.11.3.rel1.win32_1.1.100.202309141235/tools/bin/../lib/gcc/arm-none-eabi/11.3.1/../../../../arm-none-eabi/lib/thumb/v7e-m+fp/hard\libc_nano.a(libc_a-freer.o)
                0x00000000080070a4                _free_r
 .text.__ssputs_r
                0x000000000800713c       0xb4 C:/ST/STM32CubeIDE_1.14.0/STM32CubeIDE/plugins/com.st.stm32cube.ide.mcu.externaltools.gnu-tools-for-stm32.11.3.rel1.win32_1.1.100.202309141235/tools/bin/../lib/gcc/arm-none-eabi/11.3.1/../../../../arm-none-eabi/lib/thumb/v7e-m+fp/hard\libc_nano.a(libc_a-nano-svfprintf.o)
                0x000000000800713c                __ssputs_r
 .text._svfprintf_r
                0x00000000080071f0      0x1fc C:/ST/STM32CubeIDE_1.14.0/STM32CubeIDE/plugins/com.st.stm32cube.ide.mcu.externaltools.gnu-tools-for-stm32.11.3.rel1.win32_1.1.100.202309141235/tools/bin/../lib/gcc/arm-none-eabi/11.3.1/../../../../arm-none-eabi/lib/thumb/v7e-m+fp/hard\libc_nano.a(libc_a-nano-svfprintf.o)
                0x00000000080071f0                _svfiprintf_r
                0x00000000080071f0                _svfprintf_r
 .text._printf_common
                0x00000000080073ec       0xda C:/ST/STM32CubeIDE_1.14.0/STM32CubeIDE/plugins/com.st.stm32cube.ide.mcu.externaltools.gnu-tools-for-stm32.11.3.rel1.win32_1.1.100.202309141235/tools/bin/../lib/gcc/arm-none-eabi/11.3.1/../../../../arm-none-eabi/lib/thumb/v7e-m+fp/hard\libc_nano.a(libc_a-nano-vfprintf_i.o)
                0x00000000080073ec                _printf_common
 *fill*         0x00000000080074c6        0x2 
 .text._printf_i
                0x00000000080074c8      0x244 C:/ST/STM32CubeIDE_1.14.0/STM32CubeIDE/plugins/com.st.stm32cube.ide.mcu.externaltools.gnu-tools-for-stm32.11.3.rel1.win32_1.1.100.202309141235/tools/bin/../lib/gcc/arm-none-eabi/11.3.1/../../../../arm-none-eabi/lib/thumb/v7e-m+fp/hard\libc_nano.a(libc_a-nano-vfprintf_i.o)
                0x00000000080074c8                _printf_i
 .text.memmove  0x000000000800770c       0x34 C:/ST/STM32CubeIDE_1.14.0/STM32CubeIDE/plugins/com.st.stm32cube.ide.mcu.externaltools.gnu-tools-for-stm32.11.3.rel1.win32_1.1.100.202309141235/tools/bin/../lib/gcc/arm-none-eabi/11.3.1/../../../../arm-none-eabi/lib/thumb/v7e-m+fp/hard\libc_nano.a(libc_a-memmove.o)
                0x000000000800770c                memmove
 .text.memcpy   0x0000000008007740       0x1c C:/ST/STM32CubeIDE_1.14.0/STM32CubeIDE/plugins/com.st.stm32cube.ide.mcu.externaltools.gnu-tools-for-stm32.11.3.rel1.win32_1.1.100.202309141235/tools/bin/../lib/gcc/arm-none-eabi/11.3.1/../../../../arm-none-eabi/lib/thumb/v7e-m+fp/hard\libc_nano.a(libc_a-memcpy-stub.o)
                0x0000000008007740                memcpy
 .text._realloc_r
                0x000000000800775c       0x5e C:/ST/STM32CubeIDE_1.14.0/STM32CubeIDE/plugins/com.st.stm32cube.ide.mcu.externaltools.gnu-tools-for-stm32.11.3.rel1.win32_1.1.100.202309141235/tools/bin/../lib/gcc/arm-none-eabi/11.3.1/../../../../arm-none-eabi/lib/thumb/v7e-m+fp/hard\libc_nano.a(libc_a-reallocr.o)
                0x000000000800775c                _realloc_r
 .text._malloc_usable_size_r
                0x00000000080077ba       0x10 C:/ST/STM32CubeIDE_1.14.0/STM32CubeIDE/plugins/com.st.stm32cube.ide.mcu.externaltools.gnu-tools-for-stm32.11.3.rel1.win32_1.1.100.202309141235/tools/bin/../lib/gcc/arm-none-eabi/11.3.1/../../../../arm-none-eabi/lib/thumb/v7e-m+fp/hard\libc_nano.a(libc_a-msizer.o)
                0x00000000080077ba                _malloc_usable_size_r
 *(.glue_7)
 .glue_7        0x00000000080077ca        0x0 linker stubs
 *(.glue_7t)
 .glue_7t       0x00000000080077ca        0x0 linker stubs
 *(.eh_frame)
 *fill*         0x00000000080077ca        0x2 
 .eh_frame      0x00000000080077cc        0x0 C:/ST/STM32CubeIDE_1.14.0/STM32CubeIDE/plugins/com.st.stm32cube.ide.mcu.externaltools.gnu-tools-for-stm32.11.3.rel1.win32_1.1.100.202309141235/tools/bin/../lib/gcc/arm-none-eabi/11.3.1/thumb/v7e-m+fp/hard/crtbegin.o
 *(.init)
 .init          0x00000000080077cc        0x4 C:/ST/STM32CubeIDE_1.14.0/STM32CubeIDE/plugins/com.st.stm32cube.ide.mcu.externaltools.gnu-tools-for-stm32.11.3.rel1.win32_1.1.100.202309141235/tools/bin/../lib/gcc/arm-none-eabi/11.3.1/thumb/v7e-m+fp/hard/crti.o
                0x00000000080077cc                _init
 .init          0x00000000080077d0        0x8 C:/ST/STM32CubeIDE_1.14.0/STM32CubeIDE/plugins/com.st.stm32cube.ide.mcu.externaltools.gnu-tools-for-stm32.11.3.rel1.win32_1.1.100.202309141235/tools/bin/../lib/gcc/arm-none-eabi/11.3.1/thumb/v7e-m+fp/hard/crtn.o
 *(.fini)
 .fini          0x00000000080077d8        0x4 C:/ST/STM32CubeIDE_1.14.0/STM32CubeIDE/plugins/com.st.stm32cube.ide.mcu.externaltools.gnu-tools-for-stm32.11.3.rel1.win32_1.1.100.202309141235/tools/bin/../lib/gcc/arm-none-eabi/11.3.1/thumb/v7e-m+fp/hard/crti.o
                0x00000000080077d8                _fini
 .fini          0x00000000080077dc        0x8 C:/ST/STM32CubeIDE_1.14.0/STM32CubeIDE/plugins/com.st.stm32cube.ide.mcu.externaltools.gnu-tools-for-stm32.11.3.rel1.win32_1.1.100.202309141235/tools/bin/../lib/gcc/arm-none-eabi/11.3.1/thumb/v7e-m+fp/hard/crtn.o
                0x00000000080077e4                . = ALIGN (0x4)
                0x00000000080077e4                _etext = .

.vfp11_veneer   0x00000000080077e4        0x0
 .vfp11_veneer  0x00000000080077e4        0x0 linker stubs

.v4_bx          0x00000000080077e4        0x0
 .v4_bx         0x00000000080077e4        0x0 linker stubs

.iplt           0x00000000080077e4        0x0
 .iplt          0x00000000080077e4        0x0 C:/ST/STM32CubeIDE_1.14.0/STM32CubeIDE/plugins/com.st.stm32cube.ide.mcu.externaltools.gnu-tools-for-stm32.11.3.rel1.win32_1.1.100.202309141235/tools/bin/../lib/gcc/arm-none-eabi/11.3.1/thumb/v7e-m+fp/hard/crtbegin.o

.rodata         0x00000000080077e4     0x1464
                0x00000000080077e4                . = ALIGN (0x4)
 *(.rodata)
 .rodata        0x00000000080077e4       0x4d ./Core/Src/display.o
 *fill*         0x0000000008007831        0x3 
 .rodata        0x0000000008007834       0x44 ./Core/Src/ili9341.o
 *(.rodata*)
 .rodata.ili9341_font_16x26
                0x0000000008007878     0x134e ./Core/Src/ili9341_font.o
                0x0000000008007878                ili9341_font_16x26
 .rodata.ILI9341_BLACK
                0x0000000008008bc6        0x2 ./Core/Src/ili9341_gfx.o
                0x0000000008008bc6                ILI9341_BLACK
 .rodata.ILI9341_LIGHTGREY
                0x0000000008008bc8        0x2 ./Core/Src/ili9341_gfx.o
                0x0000000008008bc8                ILI9341_LIGHTGREY
 *fill*         0x0000000008008bca        0x2 
 .rodata.AHBPrescTable
                0x0000000008008bcc       0x10 ./Core/Src/system_stm32l4xx.o
                0x0000000008008bcc                AHBPrescTable
 .rodata.APBPrescTable
                0x0000000008008bdc        0x8 ./Core/Src/system_stm32l4xx.o
                0x0000000008008bdc                APBPrescTable
 .rodata.MSIRangeTable
                0x0000000008008be4       0x30 ./Core/Src/system_stm32l4xx.o
                0x0000000008008be4                MSIRangeTable
 .rodata._svfprintf_r.str1.1
                0x0000000008008c14       0x11 C:/ST/STM32CubeIDE_1.14.0/STM32CubeIDE/plugins/com.st.stm32cube.ide.mcu.externaltools.gnu-tools-for-stm32.11.3.rel1.win32_1.1.100.202309141235/tools/bin/../lib/gcc/arm-none-eabi/11.3.1/../../../../arm-none-eabi/lib/thumb/v7e-m+fp/hard\libc_nano.a(libc_a-nano-svfprintf.o)
 .rodata._printf_i.str1.1
                0x0000000008008c25       0x22 C:/ST/STM32CubeIDE_1.14.0/STM32CubeIDE/plugins/com.st.stm32cube.ide.mcu.externaltools.gnu-tools-for-stm32.11.3.rel1.win32_1.1.100.202309141235/tools/bin/../lib/gcc/arm-none-eabi/11.3.1/../../../../arm-none-eabi/lib/thumb/v7e-m+fp/hard\libc_nano.a(libc_a-nano-vfprintf_i.o)
                0x0000000008008c48                . = ALIGN (0x4)
 *fill*         0x0000000008008c47        0x1 

.ARM.extab      0x0000000008008c48        0x0
                0x0000000008008c48                . = ALIGN (0x4)
 *(.ARM.extab* .gnu.linkonce.armextab.*)
                0x0000000008008c48                . = ALIGN (0x4)

.ARM            0x0000000008008c48        0x8
                0x0000000008008c48                . = ALIGN (0x4)
                0x0000000008008c48                __exidx_start = .
 *(.ARM.exidx*)
 .ARM.exidx     0x0000000008008c48        0x8 C:/ST/STM32CubeIDE_1.14.0/STM32CubeIDE/plugins/com.st.stm32cube.ide.mcu.externaltools.gnu-tools-for-stm32.11.3.rel1.win32_1.1.100.202309141235/tools/bin/../lib/gcc/arm-none-eabi/11.3.1/thumb/v7e-m+fp/hard\libgcc.a(_udivmoddi4.o)
                0x0000000008008c50                __exidx_end = .
                0x0000000008008c50                . = ALIGN (0x4)

.rel.dyn        0x0000000008008c50        0x0
 .rel.iplt      0x0000000008008c50        0x0 C:/ST/STM32CubeIDE_1.14.0/STM32CubeIDE/plugins/com.st.stm32cube.ide.mcu.externaltools.gnu-tools-for-stm32.11.3.rel1.win32_1.1.100.202309141235/tools/bin/../lib/gcc/arm-none-eabi/11.3.1/thumb/v7e-m+fp/hard/crtbegin.o

.preinit_array  0x0000000008008c50        0x0
                0x0000000008008c50                . = ALIGN (0x4)
                0x0000000008008c50                PROVIDE (__preinit_array_start = .)
 *(.preinit_array*)
                0x0000000008008c50                PROVIDE (__preinit_array_end = .)
                0x0000000008008c50                . = ALIGN (0x4)

.init_array     0x0000000008008c50        0x4
                0x0000000008008c50                . = ALIGN (0x4)
                0x0000000008008c50                PROVIDE (__init_array_start = .)
 *(SORT_BY_NAME(.init_array.*))
 *(.init_array*)
 .init_array    0x0000000008008c50        0x4 C:/ST/STM32CubeIDE_1.14.0/STM32CubeIDE/plugins/com.st.stm32cube.ide.mcu.externaltools.gnu-tools-for-stm32.11.3.rel1.win32_1.1.100.202309141235/tools/bin/../lib/gcc/arm-none-eabi/11.3.1/thumb/v7e-m+fp/hard/crtbegin.o
                0x0000000008008c54                PROVIDE (__init_array_end = .)
                0x0000000008008c54                . = ALIGN (0x4)

.fini_array     0x0000000008008c54        0x4
                0x0000000008008c54                . = ALIGN (0x4)
                [!provide]                        PROVIDE (__fini_array_start = .)
 *(SORT_BY_NAME(.fini_array.*))
 *(.fini_array*)
 .fini_array    0x0000000008008c54        0x4 C:/ST/STM32CubeIDE_1.14.0/STM32CubeIDE/plugins/com.st.stm32cube.ide.mcu.externaltools.gnu-tools-for-stm32.11.3.rel1.win32_1.1.100.202309141235/tools/bin/../lib/gcc/arm-none-eabi/11.3.1/thumb/v7e-m+fp/hard/crtbegin.o
                [!provide]                        PROVIDE (__fini_array_end = .)
                0x0000000008008c58                . = ALIGN (0x4)
                0x0000000008008c58                _sidata = LOADADDR (.data)

.data           0x0000000020000000       0x60 load address 0x0000000008008c58
                0x0000000020000000                . = ALIGN (0x4)
                0x0000000020000000                _sdata = .
 *(.data)
 *(.data*)
 .data.min_y    0x0000000020000000        0x2 ./Core/Src/display.o
                0x0000000020000000                min_y
 .data.max_y    0x0000000020000002        0x2 ./Core/Src/display.o
                0x0000000020000002                max_y
 .data.SystemCoreClock
                0x0000000020000004        0x4 ./Core/Src/system_stm32l4xx.o
                0x0000000020000004                SystemCoreClock
 .data.uwTickPrio
                0x0000000020000008        0x4 ./Drivers/STM32L4xx_HAL_Driver/Src/stm32l4xx_hal.o
                0x0000000020000008                uwTickPrio
 .data.uwTickFreq
                0x000000002000000c        0x1 ./Drivers/STM32L4xx_HAL_Driver/Src/stm32l4xx_hal.o
                0x000000002000000c                uwTickFreq
 *fill*         0x000000002000000d        0x3 
 .data._impure_data
                0x0000000020000010       0x4c C:/ST/STM32CubeIDE_1.14.0/STM32CubeIDE/plugins/com.st.stm32cube.ide.mcu.externaltools.gnu-tools-for-stm32.11.3.rel1.win32_1.1.100.202309141235/tools/bin/../lib/gcc/arm-none-eabi/11.3.1/../../../../arm-none-eabi/lib/thumb/v7e-m+fp/hard\libc_nano.a(libc_a-impure.o)
                0x0000000020000010                _impure_data
 .data._impure_ptr
                0x000000002000005c        0x4 C:/ST/STM32CubeIDE_1.14.0/STM32CubeIDE/plugins/com.st.stm32cube.ide.mcu.externaltools.gnu-tools-for-stm32.11.3.rel1.win32_1.1.100.202309141235/tools/bin/../lib/gcc/arm-none-eabi/11.3.1/../../../../arm-none-eabi/lib/thumb/v7e-m+fp/hard\libc_nano.a(libc_a-impure.o)
                0x000000002000005c                _impure_ptr
 *(.RamFunc)
 *(.RamFunc*)
                0x0000000020000060                . = ALIGN (0x4)
                0x0000000020000060                _edata = .

.igot.plt       0x0000000020000060        0x0 load address 0x0000000008008cb8
 .igot.plt      0x0000000020000060        0x0 C:/ST/STM32CubeIDE_1.14.0/STM32CubeIDE/plugins/com.st.stm32cube.ide.mcu.externaltools.gnu-tools-for-stm32.11.3.rel1.win32_1.1.100.202309141235/tools/bin/../lib/gcc/arm-none-eabi/11.3.1/thumb/v7e-m+fp/hard/crtbegin.o
                0x0000000020000060                . = ALIGN (0x4)

.bss            0x0000000020000060     0x3b4c load address 0x0000000008008cb8
                0x0000000020000060                _sbss = .
                0x0000000020000060                __bss_start__ = _sbss
 *(.bss)
 .bss           0x0000000020000060       0x1c C:/ST/STM32CubeIDE_1.14.0/STM32CubeIDE/plugins/com.st.stm32cube.ide.mcu.externaltools.gnu-tools-for-stm32.11.3.rel1.win32_1.1.100.202309141235/tools/bin/../lib/gcc/arm-none-eabi/11.3.1/thumb/v7e-m+fp/hard/crtbegin.o
 *(.bss*)
 .bss.bt_uart_hal
                0x000000002000007c        0x4 ./Core/Src/bt.o
                0x000000002000007c                bt_uart_hal
 .bss.timer_hal
                0x0000000020000080        0x4 ./Core/Src/display.o
                0x0000000020000080                timer_hal
 .bss.uart_hal  0x0000000020000084        0x4 ./Core/Src/display.o
                0x0000000020000084                uart_hal
 .bss.ili9341_lcd
                0x0000000020000088        0x4 ./Core/Src/display.o
                0x0000000020000088                ili9341_lcd
 .bss.dma_values
                0x000000002000008c        0x0 ./Core/Src/display.o
                0x000000002000008c                dma_values
 .bss.raw_values
                0x000000002000008c      0xfa0 ./Core/Src/display.o
                0x000000002000008c                raw_values
 .bss.time_buffer
                0x000000002000102c     0x1f40 ./Core/Src/display.o
                0x000000002000102c                time_buffer
 .bss.fill_index
                0x0000000020002f6c        0x2 ./Core/Src/display.o
                0x0000000020002f6c                fill_index
 .bss.draw_index
                0x0000000020002f6e        0x2 ./Core/Src/display.o
                0x0000000020002f6e                draw_index
 .bss.data_sent
                0x0000000020002f70        0x1 ./Core/Src/display.o
                0x0000000020002f70                data_sent
 *fill*         0x0000000020002f71        0x3 
 .bss.spi_tx_block
                0x0000000020002f74      0x800 ./Core/Src/ili9341_gfx.o
 .bss.hadc1     0x0000000020003774       0x64 ./Core/Src/main.o
                0x0000000020003774                hadc1
 .bss.hdma_adc1
                0x00000000200037d8       0x48 ./Core/Src/main.o
                0x00000000200037d8                hdma_adc1
 .bss.hopamp1   0x0000000020003820       0x34 ./Core/Src/main.o
                0x0000000020003820                hopamp1
 .bss.hspi1     0x0000000020003854       0x64 ./Core/Src/main.o
                0x0000000020003854                hspi1
 .bss.hdma_spi1_tx
                0x00000000200038b8       0x48 ./Core/Src/main.o
                0x00000000200038b8                hdma_spi1_tx
 .bss.htim16    0x0000000020003900       0x4c ./Core/Src/main.o
                0x0000000020003900                htim16
 .bss.huart1    0x000000002000394c       0x88 ./Core/Src/main.o
                0x000000002000394c                huart1
 .bss.huart2    0x00000000200039d4       0x88 ./Core/Src/main.o
                0x00000000200039d4                huart2
 .bss.__sbrk_heap_end
                0x0000000020003a5c        0x4 ./Core/Src/sysmem.o
 .bss.uwTick    0x0000000020003a60        0x4 ./Drivers/STM32L4xx_HAL_Driver/Src/stm32l4xx_hal.o
                0x0000000020003a60                uwTick
 .bss.__malloc_free_list
                0x0000000020003a64        0x4 C:/ST/STM32CubeIDE_1.14.0/STM32CubeIDE/plugins/com.st.stm32cube.ide.mcu.externaltools.gnu-tools-for-stm32.11.3.rel1.win32_1.1.100.202309141235/tools/bin/../lib/gcc/arm-none-eabi/11.3.1/../../../../arm-none-eabi/lib/thumb/v7e-m+fp/hard\libc_nano.a(libc_a-mallocr.o)
                0x0000000020003a64                __malloc_free_list
 .bss.__malloc_sbrk_start
                0x0000000020003a68        0x4 C:/ST/STM32CubeIDE_1.14.0/STM32CubeIDE/plugins/com.st.stm32cube.ide.mcu.externaltools.gnu-tools-for-stm32.11.3.rel1.win32_1.1.100.202309141235/tools/bin/../lib/gcc/arm-none-eabi/11.3.1/../../../../arm-none-eabi/lib/thumb/v7e-m+fp/hard\libc_nano.a(libc_a-mallocr.o)
                0x0000000020003a68                __malloc_sbrk_start
 .bss.__sf      0x0000000020003a6c      0x138 C:/ST/STM32CubeIDE_1.14.0/STM32CubeIDE/plugins/com.st.stm32cube.ide.mcu.externaltools.gnu-tools-for-stm32.11.3.rel1.win32_1.1.100.202309141235/tools/bin/../lib/gcc/arm-none-eabi/11.3.1/../../../../arm-none-eabi/lib/thumb/v7e-m+fp/hard\libc_nano.a(libc_a-findfp.o)
                0x0000000020003a6c                __sf
 .bss.errno     0x0000000020003ba4        0x4 C:/ST/STM32CubeIDE_1.14.0/STM32CubeIDE/plugins/com.st.stm32cube.ide.mcu.externaltools.gnu-tools-for-stm32.11.3.rel1.win32_1.1.100.202309141235/tools/bin/../lib/gcc/arm-none-eabi/11.3.1/../../../../arm-none-eabi/lib/thumb/v7e-m+fp/hard\libc_nano.a(libc_a-reent.o)
                0x0000000020003ba4                errno
 .bss.__lock___malloc_recursive_mutex
                0x0000000020003ba8        0x1 C:/ST/STM32CubeIDE_1.14.0/STM32CubeIDE/plugins/com.st.stm32cube.ide.mcu.externaltools.gnu-tools-for-stm32.11.3.rel1.win32_1.1.100.202309141235/tools/bin/../lib/gcc/arm-none-eabi/11.3.1/../../../../arm-none-eabi/lib/thumb/v7e-m+fp/hard\libc_nano.a(libc_a-lock.o)
                0x0000000020003ba8                __lock___malloc_recursive_mutex
 *(COMMON)
                0x0000000020003bac                . = ALIGN (0x4)
 *fill*         0x0000000020003ba9        0x3 
                0x0000000020003bac                _ebss = .
                0x0000000020003bac                __bss_end__ = _ebss

._user_heap_stack
                0x0000000020003bac     0x1004 load address 0x0000000008008cb8
                0x0000000020003bb0                . = ALIGN (0x8)
 *fill*         0x0000000020003bac        0x4 
                [!provide]                        PROVIDE (end = .)
                0x0000000020003bb0                PROVIDE (_end = .)
                0x00000000200043b0                . = (. + _Min_Heap_Size)
 *fill*         0x0000000020003bb0      0x800 
                0x0000000020004bb0                . = (. + _Min_Stack_Size)
 *fill*         0x00000000200043b0      0x800 
                0x0000000020004bb0                . = ALIGN (0x8)

/DISCARD/
 libc.a(*)
 libm.a(*)
 libgcc.a(*)

.ARM.attributes
                0x0000000000000000       0x30
 *(.ARM.attributes)
 .ARM.attributes
                0x0000000000000000       0x1e C:/ST/STM32CubeIDE_1.14.0/STM32CubeIDE/plugins/com.st.stm32cube.ide.mcu.externaltools.gnu-tools-for-stm32.11.3.rel1.win32_1.1.100.202309141235/tools/bin/../lib/gcc/arm-none-eabi/11.3.1/thumb/v7e-m+fp/hard/crti.o
 .ARM.attributes
                0x000000000000001e       0x34 C:/ST/STM32CubeIDE_1.14.0/STM32CubeIDE/plugins/com.st.stm32cube.ide.mcu.externaltools.gnu-tools-for-stm32.11.3.rel1.win32_1.1.100.202309141235/tools/bin/../lib/gcc/arm-none-eabi/11.3.1/thumb/v7e-m+fp/hard/crtbegin.o
 .ARM.attributes
                0x0000000000000052       0x34 ./Core/Src/bt.o
 .ARM.attributes
                0x0000000000000086       0x34 ./Core/Src/display.o
 .ARM.attributes
                0x00000000000000ba       0x34 ./Core/Src/ili9341.o
 .ARM.attributes
                0x00000000000000ee       0x34 ./Core/Src/ili9341_font.o
 .ARM.attributes
                0x0000000000000122       0x34 ./Core/Src/ili9341_gfx.o
 .ARM.attributes
                0x0000000000000156       0x34 ./Core/Src/main.o
 .ARM.attributes
                0x000000000000018a       0x34 ./Core/Src/stm32l4xx_hal_msp.o
 .ARM.attributes
                0x00000000000001be       0x34 ./Core/Src/stm32l4xx_it.o
 .ARM.attributes
                0x00000000000001f2       0x34 ./Core/Src/sysmem.o
 .ARM.attributes
                0x0000000000000226       0x34 ./Core/Src/system_stm32l4xx.o
 .ARM.attributes
                0x000000000000025a       0x34 ./Core/Src/task_manager.o
 .ARM.attributes
                0x000000000000028e       0x21 ./Core/Startup/startup_stm32l432kcux.o
 .ARM.attributes
                0x00000000000002af       0x34 ./Drivers/STM32L4xx_HAL_Driver/Src/stm32l4xx_hal.o
 .ARM.attributes
                0x00000000000002e3       0x34 ./Drivers/STM32L4xx_HAL_Driver/Src/stm32l4xx_hal_adc.o
 .ARM.attributes
                0x0000000000000317       0x34 ./Drivers/STM32L4xx_HAL_Driver/Src/stm32l4xx_hal_cortex.o
 .ARM.attributes
                0x000000000000034b       0x34 ./Drivers/STM32L4xx_HAL_Driver/Src/stm32l4xx_hal_dma.o
 .ARM.attributes
                0x000000000000037f       0x34 ./Drivers/STM32L4xx_HAL_Driver/Src/stm32l4xx_hal_gpio.o
 .ARM.attributes
                0x00000000000003b3       0x34 ./Drivers/STM32L4xx_HAL_Driver/Src/stm32l4xx_hal_opamp.o
 .ARM.attributes
                0x00000000000003e7       0x34 ./Drivers/STM32L4xx_HAL_Driver/Src/stm32l4xx_hal_pwr.o
 .ARM.attributes
                0x000000000000041b       0x34 ./Drivers/STM32L4xx_HAL_Driver/Src/stm32l4xx_hal_pwr_ex.o
 .ARM.attributes
                0x000000000000044f       0x34 ./Drivers/STM32L4xx_HAL_Driver/Src/stm32l4xx_hal_rcc.o
 .ARM.attributes
                0x0000000000000483       0x34 ./Drivers/STM32L4xx_HAL_Driver/Src/stm32l4xx_hal_rcc_ex.o
 .ARM.attributes
                0x00000000000004b7       0x34 ./Drivers/STM32L4xx_HAL_Driver/Src/stm32l4xx_hal_spi.o
 .ARM.attributes
                0x00000000000004eb       0x34 ./Drivers/STM32L4xx_HAL_Driver/Src/stm32l4xx_hal_tim.o
 .ARM.attributes
                0x000000000000051f       0x34 ./Drivers/STM32L4xx_HAL_Driver/Src/stm32l4xx_hal_tim_ex.o
 .ARM.attributes
                0x0000000000000553       0x34 ./Drivers/STM32L4xx_HAL_Driver/Src/stm32l4xx_hal_uart.o
 .ARM.attributes
                0x0000000000000587       0x34 C:/ST/STM32CubeIDE_1.14.0/STM32CubeIDE/plugins/com.st.stm32cube.ide.mcu.externaltools.gnu-tools-for-stm32.11.3.rel1.win32_1.1.100.202309141235/tools/bin/../lib/gcc/arm-none-eabi/11.3.1/../../../../arm-none-eabi/lib/thumb/v7e-m+fp/hard\libc_nano.a(libc_a-malloc.o)
 .ARM.attributes
                0x00000000000005bb       0x34 C:/ST/STM32CubeIDE_1.14.0/STM32CubeIDE/plugins/com.st.stm32cube.ide.mcu.externaltools.gnu-tools-for-stm32.11.3.rel1.win32_1.1.100.202309141235/tools/bin/../lib/gcc/arm-none-eabi/11.3.1/../../../../arm-none-eabi/lib/thumb/v7e-m+fp/hard\libc_nano.a(libc_a-mallocr.o)
 .ARM.attributes
                0x00000000000005ef       0x34 C:/ST/STM32CubeIDE_1.14.0/STM32CubeIDE/plugins/com.st.stm32cube.ide.mcu.externaltools.gnu-tools-for-stm32.11.3.rel1.win32_1.1.100.202309141235/tools/bin/../lib/gcc/arm-none-eabi/11.3.1/../../../../arm-none-eabi/lib/thumb/v7e-m+fp/hard\libc_nano.a(libc_a-mlock.o)
 .ARM.attributes
                0x0000000000000623       0x34 C:/ST/STM32CubeIDE_1.14.0/STM32CubeIDE/plugins/com.st.stm32cube.ide.mcu.externaltools.gnu-tools-for-stm32.11.3.rel1.win32_1.1.100.202309141235/tools/bin/../lib/gcc/arm-none-eabi/11.3.1/../../../../arm-none-eabi/lib/thumb/v7e-m+fp/hard\libc_nano.a(libc_a-findfp.o)
 .ARM.attributes
                0x0000000000000657       0x34 C:/ST/STM32CubeIDE_1.14.0/STM32CubeIDE/plugins/com.st.stm32cube.ide.mcu.externaltools.gnu-tools-for-stm32.11.3.rel1.win32_1.1.100.202309141235/tools/bin/../lib/gcc/arm-none-eabi/11.3.1/../../../../arm-none-eabi/lib/thumb/v7e-m+fp/hard\libc_nano.a(libc_a-sprintf.o)
 .ARM.attributes
                0x000000000000068b       0x34 C:/ST/STM32CubeIDE_1.14.0/STM32CubeIDE/plugins/com.st.stm32cube.ide.mcu.externaltools.gnu-tools-for-stm32.11.3.rel1.win32_1.1.100.202309141235/tools/bin/../lib/gcc/arm-none-eabi/11.3.1/../../../../arm-none-eabi/lib/thumb/v7e-m+fp/hard\libc_nano.a(libc_a-memset.o)
 .ARM.attributes
                0x00000000000006bf       0x34 C:/ST/STM32CubeIDE_1.14.0/STM32CubeIDE/plugins/com.st.stm32cube.ide.mcu.externaltools.gnu-tools-for-stm32.11.3.rel1.win32_1.1.100.202309141235/tools/bin/../lib/gcc/arm-none-eabi/11.3.1/../../../../arm-none-eabi/lib/thumb/v7e-m+fp/hard\libc_nano.a(libc_a-reent.o)
 .ARM.attributes
                0x00000000000006f3       0x34 C:/ST/STM32CubeIDE_1.14.0/STM32CubeIDE/plugins/com.st.stm32cube.ide.mcu.externaltools.gnu-tools-for-stm32.11.3.rel1.win32_1.1.100.202309141235/tools/bin/../lib/gcc/arm-none-eabi/11.3.1/../../../../arm-none-eabi/lib/thumb/v7e-m+fp/hard\libc_nano.a(libc_a-impure.o)
 .ARM.attributes
                0x0000000000000727       0x34 C:/ST/STM32CubeIDE_1.14.0/STM32CubeIDE/plugins/com.st.stm32cube.ide.mcu.externaltools.gnu-tools-for-stm32.11.3.rel1.win32_1.1.100.202309141235/tools/bin/../lib/gcc/arm-none-eabi/11.3.1/../../../../arm-none-eabi/lib/thumb/v7e-m+fp/hard\libc_nano.a(libc_a-sbrkr.o)
 .ARM.attributes
                0x000000000000075b       0x34 C:/ST/STM32CubeIDE_1.14.0/STM32CubeIDE/plugins/com.st.stm32cube.ide.mcu.externaltools.gnu-tools-for-stm32.11.3.rel1.win32_1.1.100.202309141235/tools/bin/../lib/gcc/arm-none-eabi/11.3.1/../../../../arm-none-eabi/lib/thumb/v7e-m+fp/hard\libc_nano.a(libc_a-errno.o)
 .ARM.attributes
                0x000000000000078f       0x34 C:/ST/STM32CubeIDE_1.14.0/STM32CubeIDE/plugins/com.st.stm32cube.ide.mcu.externaltools.gnu-tools-for-stm32.11.3.rel1.win32_1.1.100.202309141235/tools/bin/../lib/gcc/arm-none-eabi/11.3.1/../../../../arm-none-eabi/lib/thumb/v7e-m+fp/hard\libc_nano.a(libc_a-init.o)
 .ARM.attributes
                0x00000000000007c3       0x34 C:/ST/STM32CubeIDE_1.14.0/STM32CubeIDE/plugins/com.st.stm32cube.ide.mcu.externaltools.gnu-tools-for-stm32.11.3.rel1.win32_1.1.100.202309141235/tools/bin/../lib/gcc/arm-none-eabi/11.3.1/../../../../arm-none-eabi/lib/thumb/v7e-m+fp/hard\libc_nano.a(libc_a-lock.o)
 .ARM.attributes
                0x00000000000007f7       0x17 C:/ST/STM32CubeIDE_1.14.0/STM32CubeIDE/plugins/com.st.stm32cube.ide.mcu.externaltools.gnu-tools-for-stm32.11.3.rel1.win32_1.1.100.202309141235/tools/bin/../lib/gcc/arm-none-eabi/11.3.1/../../../../arm-none-eabi/lib/thumb/v7e-m+fp/hard\libc_nano.a(libc_a-strlen.o)
 .ARM.attributes
                0x000000000000080e       0x34 C:/ST/STM32CubeIDE_1.14.0/STM32CubeIDE/plugins/com.st.stm32cube.ide.mcu.externaltools.gnu-tools-for-stm32.11.3.rel1.win32_1.1.100.202309141235/tools/bin/../lib/gcc/arm-none-eabi/11.3.1/../../../../arm-none-eabi/lib/thumb/v7e-m+fp/hard\libc_nano.a(libc_a-freer.o)
 .ARM.attributes
                0x0000000000000842       0x34 C:/ST/STM32CubeIDE_1.14.0/STM32CubeIDE/plugins/com.st.stm32cube.ide.mcu.externaltools.gnu-tools-for-stm32.11.3.rel1.win32_1.1.100.202309141235/tools/bin/../lib/gcc/arm-none-eabi/11.3.1/../../../../arm-none-eabi/lib/thumb/v7e-m+fp/hard\libc_nano.a(libc_a-nano-svfprintf.o)
 .ARM.attributes
                0x0000000000000876       0x34 C:/ST/STM32CubeIDE_1.14.0/STM32CubeIDE/plugins/com.st.stm32cube.ide.mcu.externaltools.gnu-tools-for-stm32.11.3.rel1.win32_1.1.100.202309141235/tools/bin/../lib/gcc/arm-none-eabi/11.3.1/../../../../arm-none-eabi/lib/thumb/v7e-m+fp/hard\libc_nano.a(libc_a-nano-vfprintf_i.o)
 .ARM.attributes
                0x00000000000008aa       0x34 C:/ST/STM32CubeIDE_1.14.0/STM32CubeIDE/plugins/com.st.stm32cube.ide.mcu.externaltools.gnu-tools-for-stm32.11.3.rel1.win32_1.1.100.202309141235/tools/bin/../lib/gcc/arm-none-eabi/11.3.1/../../../../arm-none-eabi/lib/thumb/v7e-m+fp/hard\libc_nano.a(libc_a-memmove.o)
 .ARM.attributes
                0x00000000000008de       0x1c C:/ST/STM32CubeIDE_1.14.0/STM32CubeIDE/plugins/com.st.stm32cube.ide.mcu.externaltools.gnu-tools-for-stm32.11.3.rel1.win32_1.1.100.202309141235/tools/bin/../lib/gcc/arm-none-eabi/11.3.1/../../../../arm-none-eabi/lib/thumb/v7e-m+fp/hard\libc_nano.a(libc_a-memchr.o)
 .ARM.attributes
                0x00000000000008fa       0x34 C:/ST/STM32CubeIDE_1.14.0/STM32CubeIDE/plugins/com.st.stm32cube.ide.mcu.externaltools.gnu-tools-for-stm32.11.3.rel1.win32_1.1.100.202309141235/tools/bin/../lib/gcc/arm-none-eabi/11.3.1/../../../../arm-none-eabi/lib/thumb/v7e-m+fp/hard\libc_nano.a(libc_a-memcpy-stub.o)
 .ARM.attributes
                0x000000000000092e       0x34 C:/ST/STM32CubeIDE_1.14.0/STM32CubeIDE/plugins/com.st.stm32cube.ide.mcu.externaltools.gnu-tools-for-stm32.11.3.rel1.win32_1.1.100.202309141235/tools/bin/../lib/gcc/arm-none-eabi/11.3.1/../../../../arm-none-eabi/lib/thumb/v7e-m+fp/hard\libc_nano.a(libc_a-reallocr.o)
 .ARM.attributes
                0x0000000000000962       0x34 C:/ST/STM32CubeIDE_1.14.0/STM32CubeIDE/plugins/com.st.stm32cube.ide.mcu.externaltools.gnu-tools-for-stm32.11.3.rel1.win32_1.1.100.202309141235/tools/bin/../lib/gcc/arm-none-eabi/11.3.1/../../../../arm-none-eabi/lib/thumb/v7e-m+fp/hard\libc_nano.a(libc_a-msizer.o)
 .ARM.attributes
                0x0000000000000996       0x1e C:/ST/STM32CubeIDE_1.14.0/STM32CubeIDE/plugins/com.st.stm32cube.ide.mcu.externaltools.gnu-tools-for-stm32.11.3.rel1.win32_1.1.100.202309141235/tools/bin/../lib/gcc/arm-none-eabi/11.3.1/thumb/v7e-m+fp/hard\libgcc.a(_aeabi_uldivmod.o)
 .ARM.attributes
                0x00000000000009b4       0x34 C:/ST/STM32CubeIDE_1.14.0/STM32CubeIDE/plugins/com.st.stm32cube.ide.mcu.externaltools.gnu-tools-for-stm32.11.3.rel1.win32_1.1.100.202309141235/tools/bin/../lib/gcc/arm-none-eabi/11.3.1/thumb/v7e-m+fp/hard\libgcc.a(_udivmoddi4.o)
 .ARM.attributes
                0x00000000000009e8       0x1e C:/ST/STM32CubeIDE_1.14.0/STM32CubeIDE/plugins/com.st.stm32cube.ide.mcu.externaltools.gnu-tools-for-stm32.11.3.rel1.win32_1.1.100.202309141235/tools/bin/../lib/gcc/arm-none-eabi/11.3.1/thumb/v7e-m+fp/hard\libgcc.a(_dvmd_tls.o)
 .ARM.attributes
                0x0000000000000a06       0x1e C:/ST/STM32CubeIDE_1.14.0/STM32CubeIDE/plugins/com.st.stm32cube.ide.mcu.externaltools.gnu-tools-for-stm32.11.3.rel1.win32_1.1.100.202309141235/tools/bin/../lib/gcc/arm-none-eabi/11.3.1/thumb/v7e-m+fp/hard/crtn.o
OUTPUT(nucleo-l432-adc-lcd.elf elf32-littlearm)
LOAD linker stubs
LOAD C:/ST/STM32CubeIDE_1.14.0/STM32CubeIDE/plugins/com.st.stm32cube.ide.mcu.externaltools.gnu-tools-for-stm32.11.3.rel1.win32_1.1.100.202309141235/tools/bin/../lib/gcc/arm-none-eabi/11.3.1/../../../../arm-none-eabi/lib/thumb/v7e-m+fp/hard\libc.a
LOAD C:/ST/STM32CubeIDE_1.14.0/STM32CubeIDE/plugins/com.st.stm32cube.ide.mcu.externaltools.gnu-tools-for-stm32.11.3.rel1.win32_1.1.100.202309141235/tools/bin/../lib/gcc/arm-none-eabi/11.3.1/../../../../arm-none-eabi/lib/thumb/v7e-m+fp/hard\libm.a
LOAD C:/ST/STM32CubeIDE_1.14.0/STM32CubeIDE/plugins/com.st.stm32cube.ide.mcu.externaltools.gnu-tools-for-stm32.11.3.rel1.win32_1.1.100.202309141235/tools/bin/../lib/gcc/arm-none-eabi/11.3.1/thumb/v7e-m+fp/hard\libgcc.a

.comment        0x0000000000000000       0x43
 .comment       0x0000000000000000       0x43 C:/ST/STM32CubeIDE_1.14.0/STM32CubeIDE/plugins/com.st.stm32cube.ide.mcu.externaltools.gnu-tools-for-stm32.11.3.rel1.win32_1.1.100.202309141235/tools/bin/../lib/gcc/arm-none-eabi/11.3.1/thumb/v7e-m+fp/hard/crtbegin.o
                                         0x44 (size before relaxing)
 .comment       0x0000000000000043       0x44 ./Core/Src/bt.o
 .comment       0x0000000000000043       0x44 ./Core/Src/display.o
 .comment       0x0000000000000043       0x44 ./Core/Src/ili9341.o
 .comment       0x0000000000000043       0x44 ./Core/Src/ili9341_font.o
 .comment       0x0000000000000043       0x44 ./Core/Src/ili9341_gfx.o
 .comment       0x0000000000000043       0x44 ./Core/Src/main.o
 .comment       0x0000000000000043       0x44 ./Core/Src/stm32l4xx_hal_msp.o
 .comment       0x0000000000000043       0x44 ./Core/Src/stm32l4xx_it.o
 .comment       0x0000000000000043       0x44 ./Core/Src/sysmem.o
 .comment       0x0000000000000043       0x44 ./Core/Src/system_stm32l4xx.o
 .comment       0x0000000000000043       0x44 ./Core/Src/task_manager.o
 .comment       0x0000000000000043       0x44 ./Drivers/STM32L4xx_HAL_Driver/Src/stm32l4xx_hal.o
 .comment       0x0000000000000043       0x44 ./Drivers/STM32L4xx_HAL_Driver/Src/stm32l4xx_hal_adc.o
 .comment       0x0000000000000043       0x44 ./Drivers/STM32L4xx_HAL_Driver/Src/stm32l4xx_hal_cortex.o
 .comment       0x0000000000000043       0x44 ./Drivers/STM32L4xx_HAL_Driver/Src/stm32l4xx_hal_dma.o
 .comment       0x0000000000000043       0x44 ./Drivers/STM32L4xx_HAL_Driver/Src/stm32l4xx_hal_gpio.o
 .comment       0x0000000000000043       0x44 ./Drivers/STM32L4xx_HAL_Driver/Src/stm32l4xx_hal_opamp.o
 .comment       0x0000000000000043       0x44 ./Drivers/STM32L4xx_HAL_Driver/Src/stm32l4xx_hal_pwr.o
 .comment       0x0000000000000043       0x44 ./Drivers/STM32L4xx_HAL_Driver/Src/stm32l4xx_hal_pwr_ex.o
 .comment       0x0000000000000043       0x44 ./Drivers/STM32L4xx_HAL_Driver/Src/stm32l4xx_hal_rcc.o
 .comment       0x0000000000000043       0x44 ./Drivers/STM32L4xx_HAL_Driver/Src/stm32l4xx_hal_rcc_ex.o
 .comment       0x0000000000000043       0x44 ./Drivers/STM32L4xx_HAL_Driver/Src/stm32l4xx_hal_spi.o
 .comment       0x0000000000000043       0x44 ./Drivers/STM32L4xx_HAL_Driver/Src/stm32l4xx_hal_tim.o
 .comment       0x0000000000000043       0x44 ./Drivers/STM32L4xx_HAL_Driver/Src/stm32l4xx_hal_tim_ex.o
 .comment       0x0000000000000043       0x44 ./Drivers/STM32L4xx_HAL_Driver/Src/stm32l4xx_hal_uart.o

.debug_info     0x0000000000000000    0x1acd9
 .debug_info    0x0000000000000000      0x74b ./Core/Src/bt.o
 .debug_info    0x000000000000074b     0x19de ./Core/Src/display.o
 .debug_info    0x0000000000002129     0x1367 ./Core/Src/ili9341.o
 .debug_info    0x0000000000003490      0x168 ./Core/Src/ili9341_font.o
 .debug_info    0x00000000000035f8     0x1760 ./Core/Src/ili9341_gfx.o
 .debug_info    0x0000000000004d58     0x1cee ./Core/Src/main.o
 .debug_info    0x0000000000006a46     0x1c82 ./Core/Src/stm32l4xx_hal_msp.o
 .debug_info    0x00000000000086c8      0x74b ./Core/Src/stm32l4xx_it.o
 .debug_info    0x0000000000008e13      0x168 ./Core/Src/sysmem.o
 .debug_info    0x0000000000008f7b      0x5bf ./Core/Src/system_stm32l4xx.o
 .debug_info    0x000000000000953a     0x1156 ./Core/Src/task_manager.o
 .debug_info    0x000000000000a690       0x23 ./Core/Startup/startup_stm32l432kcux.o
 .debug_info    0x000000000000a6b3      0x99e ./Drivers/STM32L4xx_HAL_Driver/Src/stm32l4xx_hal.o
 .debug_info    0x000000000000b051     0x1cc4 ./Drivers/STM32L4xx_HAL_Driver/Src/stm32l4xx_hal_adc.o
 .debug_info    0x000000000000cd15      0xcce ./Drivers/STM32L4xx_HAL_Driver/Src/stm32l4xx_hal_cortex.o
 .debug_info    0x000000000000d9e3      0x6f4 ./Drivers/STM32L4xx_HAL_Driver/Src/stm32l4xx_hal_dma.o
 .debug_info    0x000000000000e0d7      0x757 ./Drivers/STM32L4xx_HAL_Driver/Src/stm32l4xx_hal_gpio.o
 .debug_info    0x000000000000e82e      0x4ee ./Drivers/STM32L4xx_HAL_Driver/Src/stm32l4xx_hal_opamp.o
 .debug_info    0x000000000000ed1c      0x92c ./Drivers/STM32L4xx_HAL_Driver/Src/stm32l4xx_hal_pwr.o
 .debug_info    0x000000000000f648      0x920 ./Drivers/STM32L4xx_HAL_Driver/Src/stm32l4xx_hal_pwr_ex.o
 .debug_info    0x000000000000ff68      0xbc3 ./Drivers/STM32L4xx_HAL_Driver/Src/stm32l4xx_hal_rcc.o
 .debug_info    0x0000000000010b2b      0xee5 ./Drivers/STM32L4xx_HAL_Driver/Src/stm32l4xx_hal_rcc_ex.o
 .debug_info    0x0000000000011a10     0x161a ./Drivers/STM32L4xx_HAL_Driver/Src/stm32l4xx_hal_spi.o
 .debug_info    0x000000000001302a     0x2a9a ./Drivers/STM32L4xx_HAL_Driver/Src/stm32l4xx_hal_tim.o
 .debug_info    0x0000000000015ac4     0x169e ./Drivers/STM32L4xx_HAL_Driver/Src/stm32l4xx_hal_tim_ex.o
 .debug_info    0x0000000000017162     0x3b77 ./Drivers/STM32L4xx_HAL_Driver/Src/stm32l4xx_hal_uart.o

.debug_abbrev   0x0000000000000000     0x36ee
 .debug_abbrev  0x0000000000000000      0x188 ./Core/Src/bt.o
 .debug_abbrev  0x0000000000000188      0x2e7 ./Core/Src/display.o
 .debug_abbrev  0x000000000000046f      0x34a ./Core/Src/ili9341.o
 .debug_abbrev  0x00000000000007b9       0xc5 ./Core/Src/ili9341_font.o
 .debug_abbrev  0x000000000000087e      0x346 ./Core/Src/ili9341_gfx.o
 .debug_abbrev  0x0000000000000bc4      0x2cf ./Core/Src/main.o
 .debug_abbrev  0x0000000000000e93      0x245 ./Core/Src/stm32l4xx_hal_msp.o
 .debug_abbrev  0x00000000000010d8      0x196 ./Core/Src/stm32l4xx_it.o
 .debug_abbrev  0x000000000000126e       0xbc ./Core/Src/sysmem.o
 .debug_abbrev  0x000000000000132a      0x11a ./Core/Src/system_stm32l4xx.o
 .debug_abbrev  0x0000000000001444      0x1d3 ./Core/Src/task_manager.o
 .debug_abbrev  0x0000000000001617       0x12 ./Core/Startup/startup_stm32l432kcux.o
 .debug_abbrev  0x0000000000001629      0x225 ./Drivers/STM32L4xx_HAL_Driver/Src/stm32l4xx_hal.o
 .debug_abbrev  0x000000000000184e      0x2d7 ./Drivers/STM32L4xx_HAL_Driver/Src/stm32l4xx_hal_adc.o
 .debug_abbrev  0x0000000000001b25      0x327 ./Drivers/STM32L4xx_HAL_Driver/Src/stm32l4xx_hal_cortex.o
 .debug_abbrev  0x0000000000001e4c      0x1e4 ./Drivers/STM32L4xx_HAL_Driver/Src/stm32l4xx_hal_dma.o
 .debug_abbrev  0x0000000000002030      0x1cb ./Drivers/STM32L4xx_HAL_Driver/Src/stm32l4xx_hal_gpio.o
 .debug_abbrev  0x00000000000021fb      0x185 ./Drivers/STM32L4xx_HAL_Driver/Src/stm32l4xx_hal_opamp.o
 .debug_abbrev  0x0000000000002380      0x1d4 ./Drivers/STM32L4xx_HAL_Driver/Src/stm32l4xx_hal_pwr.o
 .debug_abbrev  0x0000000000002554      0x1f9 ./Drivers/STM32L4xx_HAL_Driver/Src/stm32l4xx_hal_pwr_ex.o
 .debug_abbrev  0x000000000000274d      0x2cb ./Drivers/STM32L4xx_HAL_Driver/Src/stm32l4xx_hal_rcc.o
 .debug_abbrev  0x0000000000002a18      0x2a1 ./Drivers/STM32L4xx_HAL_Driver/Src/stm32l4xx_hal_rcc_ex.o
 .debug_abbrev  0x0000000000002cb9      0x26a ./Drivers/STM32L4xx_HAL_Driver/Src/stm32l4xx_hal_spi.o
 .debug_abbrev  0x0000000000002f23      0x278 ./Drivers/STM32L4xx_HAL_Driver/Src/stm32l4xx_hal_tim.o
 .debug_abbrev  0x000000000000319b      0x283 ./Drivers/STM32L4xx_HAL_Driver/Src/stm32l4xx_hal_tim_ex.o
 .debug_abbrev  0x000000000000341e      0x2d0 ./Drivers/STM32L4xx_HAL_Driver/Src/stm32l4xx_hal_uart.o

.debug_aranges  0x0000000000000000     0x1608
 .debug_aranges
                0x0000000000000000       0x28 ./Core/Src/bt.o
 .debug_aranges
                0x0000000000000028       0x40 ./Core/Src/display.o
 .debug_aranges
                0x0000000000000068       0xe0 ./Core/Src/ili9341.o
 .debug_aranges
                0x0000000000000148       0x20 ./Core/Src/ili9341_font.o
 .debug_aranges
                0x0000000000000168       0xa0 ./Core/Src/ili9341_gfx.o
 .debug_aranges
                0x0000000000000208       0x70 ./Core/Src/main.o
 .debug_aranges
                0x0000000000000278       0x70 ./Core/Src/stm32l4xx_hal_msp.o
 .debug_aranges
                0x00000000000002e8       0x78 ./Core/Src/stm32l4xx_it.o
 .debug_aranges
                0x0000000000000360       0x20 ./Core/Src/sysmem.o
 .debug_aranges
                0x0000000000000380       0x28 ./Core/Src/system_stm32l4xx.o
 .debug_aranges
                0x00000000000003a8       0x28 ./Core/Src/task_manager.o
 .debug_aranges
                0x00000000000003d0       0x28 ./Core/Startup/startup_stm32l432kcux.o
 .debug_aranges
                0x00000000000003f8      0x108 ./Drivers/STM32L4xx_HAL_Driver/Src/stm32l4xx_hal.o
 .debug_aranges
                0x0000000000000500      0x210 ./Drivers/STM32L4xx_HAL_Driver/Src/stm32l4xx_hal_adc.o
 .debug_aranges
                0x0000000000000710      0x118 ./Drivers/STM32L4xx_HAL_Driver/Src/stm32l4xx_hal_cortex.o
 .debug_aranges
                0x0000000000000828       0x80 ./Drivers/STM32L4xx_HAL_Driver/Src/stm32l4xx_hal_dma.o
 .debug_aranges
                0x00000000000008a8       0x58 ./Drivers/STM32L4xx_HAL_Driver/Src/stm32l4xx_hal_gpio.o
 .debug_aranges
                0x0000000000000900       0x68 ./Drivers/STM32L4xx_HAL_Driver/Src/stm32l4xx_hal_opamp.o
 .debug_aranges
                0x0000000000000968       0x98 ./Drivers/STM32L4xx_HAL_Driver/Src/stm32l4xx_hal_pwr.o
 .debug_aranges
                0x0000000000000a00      0x128 ./Drivers/STM32L4xx_HAL_Driver/Src/stm32l4xx_hal_pwr_ex.o
 .debug_aranges
                0x0000000000000b28       0x90 ./Drivers/STM32L4xx_HAL_Driver/Src/stm32l4xx_hal_rcc.o
 .debug_aranges
                0x0000000000000bb8       0xf0 ./Drivers/STM32L4xx_HAL_Driver/Src/stm32l4xx_hal_rcc_ex.o
 .debug_aranges
                0x0000000000000ca8      0x1d8 ./Drivers/STM32L4xx_HAL_Driver/Src/stm32l4xx_hal_spi.o
 .debug_aranges
                0x0000000000000e80      0x3e0 ./Drivers/STM32L4xx_HAL_Driver/Src/stm32l4xx_hal_tim.o
 .debug_aranges
                0x0000000000001260      0x180 ./Drivers/STM32L4xx_HAL_Driver/Src/stm32l4xx_hal_tim_ex.o
 .debug_aranges
                0x00000000000013e0      0x228 ./Drivers/STM32L4xx_HAL_Driver/Src/stm32l4xx_hal_uart.o

.debug_rnglists
                0x0000000000000000     0x1115
 .debug_rnglists
                0x0000000000000000       0x19 ./Core/Src/bt.o
 .debug_rnglists
                0x0000000000000019       0x2d ./Core/Src/display.o
 .debug_rnglists
                0x0000000000000046       0xa9 ./Core/Src/ili9341.o
 .debug_rnglists
                0x00000000000000ef       0x13 ./Core/Src/ili9341_font.o
 .debug_rnglists
                0x0000000000000102       0x7f ./Core/Src/ili9341_gfx.o
 .debug_rnglists
                0x0000000000000181       0x52 ./Core/Src/main.o
 .debug_rnglists
                0x00000000000001d3       0x52 ./Core/Src/stm32l4xx_hal_msp.o
 .debug_rnglists
                0x0000000000000225       0x55 ./Core/Src/stm32l4xx_it.o
 .debug_rnglists
                0x000000000000027a       0x13 ./Core/Src/sysmem.o
 .debug_rnglists
                0x000000000000028d       0x1a ./Core/Src/system_stm32l4xx.o
 .debug_rnglists
                0x00000000000002a7       0x19 ./Core/Src/task_manager.o
 .debug_rnglists
                0x00000000000002c0       0x19 ./Core/Startup/startup_stm32l432kcux.o
 .debug_rnglists
                0x00000000000002d9       0xc1 ./Drivers/STM32L4xx_HAL_Driver/Src/stm32l4xx_hal.o
 .debug_rnglists
                0x000000000000039a      0x196 ./Drivers/STM32L4xx_HAL_Driver/Src/stm32l4xx_hal_adc.o
 .debug_rnglists
                0x0000000000000530       0xce ./Drivers/STM32L4xx_HAL_Driver/Src/stm32l4xx_hal_cortex.o
 .debug_rnglists
                0x00000000000005fe       0x64 ./Drivers/STM32L4xx_HAL_Driver/Src/stm32l4xx_hal_dma.o
 .debug_rnglists
                0x0000000000000662       0x3f ./Drivers/STM32L4xx_HAL_Driver/Src/stm32l4xx_hal_gpio.o
 .debug_rnglists
                0x00000000000006a1       0x4c ./Drivers/STM32L4xx_HAL_Driver/Src/stm32l4xx_hal_opamp.o
 .debug_rnglists
                0x00000000000006ed       0x6e ./Drivers/STM32L4xx_HAL_Driver/Src/stm32l4xx_hal_pwr.o
 .debug_rnglists
                0x000000000000075b       0xdf ./Drivers/STM32L4xx_HAL_Driver/Src/stm32l4xx_hal_pwr_ex.o
 .debug_rnglists
                0x000000000000083a       0x6d ./Drivers/STM32L4xx_HAL_Driver/Src/stm32l4xx_hal_rcc.o
 .debug_rnglists
                0x00000000000008a7       0xba ./Drivers/STM32L4xx_HAL_Driver/Src/stm32l4xx_hal_rcc_ex.o
 .debug_rnglists
                0x0000000000000961      0x178 ./Drivers/STM32L4xx_HAL_Driver/Src/stm32l4xx_hal_spi.o
 .debug_rnglists
                0x0000000000000ad9      0x328 ./Drivers/STM32L4xx_HAL_Driver/Src/stm32l4xx_hal_tim.o
 .debug_rnglists
                0x0000000000000e01      0x139 ./Drivers/STM32L4xx_HAL_Driver/Src/stm32l4xx_hal_tim_ex.o
 .debug_rnglists
                0x0000000000000f3a      0x1db ./Drivers/STM32L4xx_HAL_Driver/Src/stm32l4xx_hal_uart.o

.debug_macro    0x0000000000000000    0x24840
 .debug_macro   0x0000000000000000      0x2f4 ./Core/Src/bt.o
 .debug_macro   0x00000000000002f4      0xaa8 ./Core/Src/bt.o
 .debug_macro   0x0000000000000d9c      0x1b9 ./Core/Src/bt.o
 .debug_macro   0x0000000000000f55       0x2e ./Core/Src/bt.o
 .debug_macro   0x0000000000000f83       0x28 ./Core/Src/bt.o
 .debug_macro   0x0000000000000fab       0x22 ./Core/Src/bt.o
 .debug_macro   0x0000000000000fcd       0x8e ./Core/Src/bt.o
 .debug_macro   0x000000000000105b       0x51 ./Core/Src/bt.o
 .debug_macro   0x00000000000010ac      0x103 ./Core/Src/bt.o
 .debug_macro   0x00000000000011af       0x6a ./Core/Src/bt.o
 .debug_macro   0x0000000000001219      0x1df ./Core/Src/bt.o
 .debug_macro   0x00000000000013f8       0x1c ./Core/Src/bt.o
 .debug_macro   0x0000000000001414       0x22 ./Core/Src/bt.o
 .debug_macro   0x0000000000001436       0xfb ./Core/Src/bt.o
 .debug_macro   0x0000000000001531     0x1011 ./Core/Src/bt.o
 .debug_macro   0x0000000000002542      0x11f ./Core/Src/bt.o
 .debug_macro   0x0000000000002661    0x147a6 ./Core/Src/bt.o
 .debug_macro   0x0000000000016e07       0x6d ./Core/Src/bt.o
 .debug_macro   0x0000000000016e74     0x38e6 ./Core/Src/bt.o
 .debug_macro   0x000000000001a75a      0x174 ./Core/Src/bt.o
 .debug_macro   0x000000000001a8ce       0x5c ./Core/Src/bt.o
 .debug_macro   0x000000000001a92a     0x11ca ./Core/Src/bt.o
 .debug_macro   0x000000000001baf4      0x53c ./Core/Src/bt.o
 .debug_macro   0x000000000001c030      0x1b9 ./Core/Src/bt.o
 .debug_macro   0x000000000001c1e9      0x122 ./Core/Src/bt.o
 .debug_macro   0x000000000001c30b      0x26b ./Core/Src/bt.o
 .debug_macro   0x000000000001c576      0x23d ./Core/Src/bt.o
 .debug_macro   0x000000000001c7b3      0xde6 ./Core/Src/bt.o
 .debug_macro   0x000000000001d599      0x61d ./Core/Src/bt.o
 .debug_macro   0x000000000001dbb6      0x241 ./Core/Src/bt.o
 .debug_macro   0x000000000001ddf7      0x241 ./Core/Src/bt.o
 .debug_macro   0x000000000001e038      0x375 ./Core/Src/bt.o
 .debug_macro   0x000000000001e3ad       0xd6 ./Core/Src/bt.o
 .debug_macro   0x000000000001e483       0xf8 ./Core/Src/bt.o
 .debug_macro   0x000000000001e57b      0x122 ./Core/Src/bt.o
 .debug_macro   0x000000000001e69d      0x356 ./Core/Src/bt.o
 .debug_macro   0x000000000001e9f3      0x2fe ./Core/Src/bt.o
 .debug_macro   0x000000000001ecf1      0xa98 ./Core/Src/bt.o
 .debug_macro   0x000000000001f789      0x12d ./Core/Src/bt.o
 .debug_macro   0x000000000001f8b6      0x5cf ./Core/Src/bt.o
 .debug_macro   0x000000000001fe85       0x44 ./Core/Src/bt.o
 .debug_macro   0x000000000001fec9      0x220 ./Core/Src/bt.o
 .debug_macro   0x00000000000200e9       0xbe ./Core/Src/bt.o
 .debug_macro   0x00000000000201a7       0x61 ./Core/Src/bt.o
 .debug_macro   0x0000000000020208       0x2a ./Core/Src/bt.o
 .debug_macro   0x0000000000020232       0x43 ./Core/Src/bt.o
 .debug_macro   0x0000000000020275       0x34 ./Core/Src/bt.o
 .debug_macro   0x00000000000202a9       0x16 ./Core/Src/bt.o
 .debug_macro   0x00000000000202bf       0x43 ./Core/Src/bt.o
 .debug_macro   0x0000000000020302       0x34 ./Core/Src/bt.o
 .debug_macro   0x0000000000020336       0x10 ./Core/Src/bt.o
 .debug_macro   0x0000000000020346       0x58 ./Core/Src/bt.o
 .debug_macro   0x000000000002039e       0x8e ./Core/Src/bt.o
 .debug_macro   0x000000000002042c       0x1c ./Core/Src/bt.o
 .debug_macro   0x0000000000020448      0x177 ./Core/Src/bt.o
 .debug_macro   0x00000000000205bf      0x369 ./Core/Src/bt.o
 .debug_macro   0x0000000000020928       0x10 ./Core/Src/bt.o
 .debug_macro   0x0000000000020938       0x35 ./Core/Src/bt.o
 .debug_macro   0x000000000002096d       0x20 ./Core/Src/bt.o
 .debug_macro   0x000000000002098d      0x36d ./Core/Src/display.o
 .debug_macro   0x0000000000020cfa       0x52 ./Core/Src/display.o
 .debug_macro   0x0000000000020d4c       0x16 ./Core/Src/display.o
 .debug_macro   0x0000000000020d62       0x1c ./Core/Src/display.o
 .debug_macro   0x0000000000020d7e       0x10 ./Core/Src/display.o
 .debug_macro   0x0000000000020d8e       0x1c ./Core/Src/display.o
 .debug_macro   0x0000000000020daa       0x16 ./Core/Src/display.o
 .debug_macro   0x0000000000020dc0      0x147 ./Core/Src/display.o
 .debug_macro   0x0000000000020f07       0x22 ./Core/Src/display.o
 .debug_macro   0x0000000000020f29      0x358 ./Core/Src/ili9341.o
 .debug_macro   0x0000000000021281       0x5b ./Core/Src/ili9341.o
 .debug_macro   0x00000000000212dc       0x94 ./Core/Src/ili9341.o
 .debug_macro   0x0000000000021370       0x16 ./Core/Src/ili9341.o
 .debug_macro   0x0000000000021386      0x10e ./Core/Src/ili9341.o
 .debug_macro   0x0000000000021494       0x8d ./Core/Src/ili9341.o
 .debug_macro   0x0000000000021521       0x57 ./Core/Src/ili9341.o
 .debug_macro   0x0000000000021578       0x16 ./Core/Src/ili9341.o
 .debug_macro   0x000000000002158e       0x29 ./Core/Src/ili9341.o
 .debug_macro   0x00000000000215b7       0x16 ./Core/Src/ili9341.o