Archive member included to satisfy reference by file (symbol)

C:/ST/STM32CubeIDE_1.14.1/STM32CubeIDE/plugins/com.st.stm32cube.ide.mcu.externaltools.gnu-tools-for-stm32.11.3.rel1.win32_1.1.100.202309141235/tools/bin/../lib/gcc/arm-none-eabi/11.3.1/../../../../arm-none-eabi/lib/thumb/v7e-m+fp/hard\libc_nano.a(libc_a-exit.o)
                              C:/ST/STM32CubeIDE_1.14.1/STM32CubeIDE/plugins/com.st.stm32cube.ide.mcu.externaltools.gnu-tools-for-stm32.11.3.rel1.win32_1.1.100.202309141235/tools/bin/../lib/gcc/arm-none-eabi/11.3.1/../../../../arm-none-eabi/lib/thumb/v7e-m+fp/hard/crt0.o (exit)
C:/ST/STM32CubeIDE_1.14.1/STM32CubeIDE/plugins/com.st.stm32cube.ide.mcu.externaltools.gnu-tools-for-stm32.11.3.rel1.win32_1.1.100.202309141235/tools/bin/../lib/gcc/arm-none-eabi/11.3.1/../../../../arm-none-eabi/lib/thumb/v7e-m+fp/hard\libc_nano.a(libc_a-malloc.o)
                              ./Core/Src/ili9341.o (malloc)
C:/ST/STM32CubeIDE_1.14.1/STM32CubeIDE/plugins/com.st.stm32cube.ide.mcu.externaltools.gnu-tools-for-stm32.11.3.rel1.win32_1.1.100.202309141235/tools/bin/../lib/gcc/arm-none-eabi/11.3.1/../../../../arm-none-eabi/lib/thumb/v7e-m+fp/hard\libc_nano.a(libc_a-mallocr.o)
                              C:/ST/STM32CubeIDE_1.14.1/STM32CubeIDE/plugins/com.st.stm32cube.ide.mcu.externaltools.gnu-tools-for-stm32.11.3.rel1.win32_1.1.100.202309141235/tools/bin/../lib/gcc/arm-none-eabi/11.3.1/../../../../arm-none-eabi/lib/thumb/v7e-m+fp/hard\libc_nano.a(libc_a-malloc.o) (_malloc_r)
C:/ST/STM32CubeIDE_1.14.1/STM32CubeIDE/plugins/com.st.stm32cube.ide.mcu.externaltools.gnu-tools-for-stm32.11.3.rel1.win32_1.1.100.202309141235/tools/bin/../lib/gcc/arm-none-eabi/11.3.1/../../../../arm-none-eabi/lib/thumb/v7e-m+fp/hard\libc_nano.a(libc_a-mlock.o)
                              C:/ST/STM32CubeIDE_1.14.1/STM32CubeIDE/plugins/com.st.stm32cube.ide.mcu.externaltools.gnu-tools-for-stm32.11.3.rel1.win32_1.1.100.202309141235/tools/bin/../lib/gcc/arm-none-eabi/11.3.1/../../../../arm-none-eabi/lib/thumb/v7e-m+fp/hard\libc_nano.a(libc_a-mallocr.o) (__malloc_lock)
C:/ST/STM32CubeIDE_1.14.1/STM32CubeIDE/plugins/com.st.stm32cube.ide.mcu.externaltools.gnu-tools-for-stm32.11.3.rel1.win32_1.1.100.202309141235/tools/bin/../lib/gcc/arm-none-eabi/11.3.1/../../../../arm-none-eabi/lib/thumb/v7e-m+fp/hard\libc_nano.a(libc_a-findfp.o)
                              C:/ST/STM32CubeIDE_1.14.1/STM32CubeIDE/plugins/com.st.stm32cube.ide.mcu.externaltools.gnu-tools-for-stm32.11.3.rel1.win32_1.1.100.202309141235/tools/bin/../lib/gcc/arm-none-eabi/11.3.1/../../../../arm-none-eabi/lib/thumb/v7e-m+fp/hard\libc_nano.a(libc_a-exit.o) (__stdio_exit_handler)
C:/ST/STM32CubeIDE_1.14.1/STM32CubeIDE/plugins/com.st.stm32cube.ide.mcu.externaltools.gnu-tools-for-stm32.11.3.rel1.win32_1.1.100.202309141235/tools/bin/../lib/gcc/arm-none-eabi/11.3.1/../../../../arm-none-eabi/lib/thumb/v7e-m+fp/hard\libc_nano.a(libc_a-fwalk.o)
                              C:/ST/STM32CubeIDE_1.14.1/STM32CubeIDE/plugins/com.st.stm32cube.ide.mcu.externaltools.gnu-tools-for-stm32.11.3.rel1.win32_1.1.100.202309141235/tools/bin/../lib/gcc/arm-none-eabi/11.3.1/../../../../arm-none-eabi/lib/thumb/v7e-m+fp/hard\libc_nano.a(libc_a-findfp.o) (_fwalk_sglue)
C:/ST/STM32CubeIDE_1.14.1/STM32CubeIDE/plugins/com.st.stm32cube.ide.mcu.externaltools.gnu-tools-for-stm32.11.3.rel1.win32_1.1.100.202309141235/tools/bin/../lib/gcc/arm-none-eabi/11.3.1/../../../../arm-none-eabi/lib/thumb/v7e-m+fp/hard\libc_nano.a(libc_a-sprintf.o)
                              ./Core/Src/display.o (sprintf)
C:/ST/STM32CubeIDE_1.14.1/STM32CubeIDE/plugins/com.st.stm32cube.ide.mcu.externaltools.gnu-tools-for-stm32.11.3.rel1.win32_1.1.100.202309141235/tools/bin/../lib/gcc/arm-none-eabi/11.3.1/../../../../arm-none-eabi/lib/thumb/v7e-m+fp/hard\libc_nano.a(libc_a-stdio.o)
                              C:/ST/STM32CubeIDE_1.14.1/STM32CubeIDE/plugins/com.st.stm32cube.ide.mcu.externaltools.gnu-tools-for-stm32.11.3.rel1.win32_1.1.100.202309141235/tools/bin/../lib/gcc/arm-none-eabi/11.3.1/../../../../arm-none-eabi/lib/thumb/v7e-m+fp/hard\libc_nano.a(libc_a-findfp.o) (__sread)
C:/ST/STM32CubeIDE_1.14.1/STM32CubeIDE/plugins/com.st.stm32cube.ide.mcu.externaltools.gnu-tools-for-stm32.11.3.rel1.win32_1.1.100.202309141235/tools/bin/../lib/gcc/arm-none-eabi/11.3.1/../../../../arm-none-eabi/lib/thumb/v7e-m+fp/hard\libc_nano.a(libc_a-memset.o)
                              C:/ST/STM32CubeIDE_1.14.1/STM32CubeIDE/plugins/com.st.stm32cube.ide.mcu.externaltools.gnu-tools-for-stm32.11.3.rel1.win32_1.1.100.202309141235/tools/bin/../lib/gcc/arm-none-eabi/11.3.1/../../../../arm-none-eabi/lib/thumb/v7e-m+fp/hard/crt0.o (memset)
C:/ST/STM32CubeIDE_1.14.1/STM32CubeIDE/plugins/com.st.stm32cube.ide.mcu.externaltools.gnu-tools-for-stm32.11.3.rel1.win32_1.1.100.202309141235/tools/bin/../lib/gcc/arm-none-eabi/11.3.1/../../../../arm-none-eabi/lib/thumb/v7e-m+fp/hard\libc_nano.a(libc_a-closer.o)
[...]
Memory Configuration

Name             Origin             Length             Attributes
RAM              0x0000000020000000 0x000000000000c000 xrw
RAM2             0x0000000010000000 0x0000000000004000 xrw
FLASH            0x0000000008000000 0x0000000000040000 xr
*default*        0x0000000000000000 0xffffffffffffffff

Linker script and memory map

LOAD C:/ST/STM32CubeIDE_1.14.1/STM32CubeIDE/plugins/com.st.stm32cube.ide.mcu.externaltools.gnu-tools-for-stm32.11.3.rel1.win32_1.1.100.202309141235/tools/bin/../lib/gcc/arm-none-eabi/11.3.1/thumb/v7e-m+fp/hard/crti.o
LOAD C:/ST/STM32CubeIDE_1.14.1/STM32CubeIDE/plugins/com.st.stm32cube.ide.mcu.externaltools.gnu-tools-for-stm32.11.3.rel1.win32_1.1.100.202309141235/tools/bin/../lib/gcc/arm-none-eabi/11.3.1/thumb/v7e-m+fp/hard/crtbegin.o
LOAD C:/ST/STM32CubeIDE_1.14.1/STM32CubeIDE/plugins/com.st.stm32cube.ide.mcu.externaltools.gnu-tools-for-stm32.11.3.rel1.win32_1.1.100.202309141235/tools/bin/../lib/gcc/arm-none-eabi/11.3.1/../../../../arm-none-eabi/lib/thumb/v7e-m+fp/hard/crt0.o
LOAD ./Core/Src/display.o
LOAD ./Core/Src/ili9341.o
LOAD ./Core/Src/ili9341_font.o
LOAD ./Core/Src/ili9341_gfx.o
LOAD ./Core/Src/main.o
LOAD ./Core/Src/stm32l4xx_hal_msp.o
LOAD ./Core/Src/stm32l4xx_it.o
LOAD ./Core/Src/sysmem.o
LOAD ./Core/Src/system_stm32l4xx.o
LOAD ./Core/Src/task.o
LOAD ./Core/Startup/startup_stm32l432kcux.o
LOAD ./Drivers/STM32L4xx_HAL_Driver/Src/stm32l4xx_hal.o
LOAD ./Drivers/STM32L4xx_HAL_Driver/Src/stm32l4xx_hal_adc.o
LOAD ./Drivers/STM32L4xx_HAL_Driver/Src/stm32l4xx_hal_adc_ex.o
LOAD ./Drivers/STM32L4xx_HAL_Driver/Src/stm32l4xx_hal_cortex.o
LOAD ./Drivers/STM32L4xx_HAL_Driver/Src/stm32l4xx_hal_dma.o
LOAD ./Drivers/STM32L4xx_HAL_Driver/Src/stm32l4xx_hal_dma_ex.o
LOAD ./Drivers/STM32L4xx_HAL_Driver/Src/stm32l4xx_hal_exti.o
LOAD ./Drivers/STM32L4xx_HAL_Driver/Src/stm32l4xx_hal_flash.o
LOAD ./Drivers/STM32L4xx_HAL_Driver/Src/stm32l4xx_hal_flash_ex.o
LOAD ./Drivers/STM32L4xx_HAL_Driver/Src/stm32l4xx_hal_flash_ramfunc.o
LOAD ./Drivers/STM32L4xx_HAL_Driver/Src/stm32l4xx_hal_gpio.o
LOAD ./Drivers/STM32L4xx_HAL_Driver/Src/stm32l4xx_hal_i2c.o
LOAD ./Drivers/STM32L4xx_HAL_Driver/Src/stm32l4xx_hal_i2c_ex.o
LOAD ./Drivers/STM32L4xx_HAL_Driver/Src/stm32l4xx_hal_opamp.o
LOAD ./Drivers/STM32L4xx_HAL_Driver/Src/stm32l4xx_hal_opamp_ex.o
LOAD ./Drivers/STM32L4xx_HAL_Driver/Src/stm32l4xx_hal_pwr.o
LOAD ./Drivers/STM32L4xx_HAL_Driver/Src/stm32l4xx_hal_pwr_ex.o
LOAD ./Drivers/STM32L4xx_HAL_Driver/Src/stm32l4xx_hal_rcc.o
LOAD ./Drivers/STM32L4xx_HAL_Driver/Src/stm32l4xx_hal_rcc_ex.o
LOAD ./Drivers/STM32L4xx_HAL_Driver/Src/stm32l4xx_hal_spi.o
LOAD ./Drivers/STM32L4xx_HAL_Driver/Src/stm32l4xx_hal_spi_ex.o
LOAD ./Drivers/STM32L4xx_HAL_Driver/Src/stm32l4xx_hal_tim.o
LOAD ./Drivers/STM32L4xx_HAL_Driver/Src/stm32l4xx_hal_tim_ex.o
LOAD ./Drivers/STM32L4xx_HAL_Driver/Src/stm32l4xx_hal_uart.o
LOAD ./Drivers/STM32L4xx_HAL_Driver/Src/stm32l4xx_hal_uart_ex.o
START GROUP
LOAD C:/ST/STM32CubeIDE_1.14.1/STM32CubeIDE/plugins/com.st.stm32cube.ide.mcu.externaltools.gnu-tools-for-stm32.11.3.rel1.win32_1.1.100.202309141235/tools/bin/../lib/gcc/arm-none-eabi/11.3.1/../../../../arm-none-eabi/lib/thumb/v7e-m+fp/hard\libc_nano.a
LOAD C:/ST/STM32CubeIDE_1.14.1/STM32CubeIDE/plugins/com.st.stm32cube.ide.mcu.externaltools.gnu-tools-for-stm32.11.3.rel1.win32_1.1.100.202309141235/tools/bin/../lib/gcc/arm-none-eabi/11.3.1/../../../../arm-none-eabi/lib/thumb/v7e-m+fp/hard\libm.a
END GROUP
START GROUP
LOAD C:/ST/STM32CubeIDE_1.14.1/STM32CubeIDE/plugins/com.st.stm32cube.ide.mcu.externaltools.gnu-tools-for-stm32.11.3.rel1.win32_1.1.100.202309141235/tools/bin/../lib/gcc/arm-none-eabi/11.3.1/thumb/v7e-m+fp/hard\libgcc.a
LOAD C:/ST/STM32CubeIDE_1.14.1/STM32CubeIDE/plugins/com.st.stm32cube.ide.mcu.externaltools.gnu-tools-for-stm32.11.3.rel1.win32_1.1.100.202309141235/tools/bin/../lib/gcc/arm-none-eabi/11.3.1/../../../../arm-none-eabi/lib/thumb/v7e-m+fp/hard\libc_nano.a
END GROUP
START GROUP
LOAD C:/ST/STM32CubeIDE_1.14.1/STM32CubeIDE/plugins/com.st.stm32cube.ide.mcu.externaltools.gnu-tools-for-stm32.11.3.rel1.win32_1.1.100.202309141235/tools/bin/../lib/gcc/arm-none-eabi/11.3.1/thumb/v7e-m+fp/hard\libgcc.a
LOAD C:/ST/STM32CubeIDE_1.14.1/STM32CubeIDE/plugins/com.st.stm32cube.ide.mcu.externaltools.gnu-tools-for-stm32.11.3.rel1.win32_1.1.100.202309141235/tools/bin/../lib/gcc/arm-none-eabi/11.3.1/../../../../arm-none-eabi/lib/thumb/v7e-m+fp/hard\libc_nano.a
LOAD C:/ST/STM32CubeIDE_1.14.1/STM32CubeIDE/plugins/com.st.stm32cube.ide.mcu.externaltools.gnu-tools-for-stm32.11.3.rel1.win32_1.1.100.202309141235/tools/bin/../lib/gcc/arm-none-eabi/11.3.1/../../../../arm-none-eabi/lib/thumb/v7e-m+fp/hard\libnosys.a
END GROUP
START GROUP
LOAD C:/ST/STM32CubeIDE_1.14.1/STM32CubeIDE/plugins/com.st.stm32cube.ide.mcu.externaltools.gnu-tools-for-stm32.11.3.rel1.win32_1.1.100.202309141235/tools/bin/../lib/gcc/arm-none-eabi/11.3.1/thumb/v7e-m+fp/hard\libgcc.a
LOAD C:/ST/STM32CubeIDE_1.14.1/STM32CubeIDE/plugins/com.st.stm32cube.ide.mcu.externaltools.gnu-tools-for-stm32.11.3.rel1.win32_1.1.100.202309141235/tools/bin/../lib/gcc/arm-none-eabi/11.3.1/../../../../arm-none-eabi/lib/thumb/v7e-m+fp/hard\libc_nano.a
LOAD C:/ST/STM32CubeIDE_1.14.1/STM32CubeIDE/plugins/com.st.stm32cube.ide.mcu.externaltools.gnu-tools-for-stm32.11.3.rel1.win32_1.1.100.202309141235/tools/bin/../lib/gcc/arm-none-eabi/11.3.1/../../../../arm-none-eabi/lib/thumb/v7e-m+fp/hard\libnosys.a
END GROUP
LOAD C:/ST/STM32CubeIDE_1.14.1/STM32CubeIDE/plugins/com.st.stm32cube.ide.mcu.externaltools.gnu-tools-for-stm32.11.3.rel1.win32_1.1.100.202309141235/tools/bin/../lib/gcc/arm-none-eabi/11.3.1/thumb/v7e-m+fp/hard/crtend.o
LOAD C:/ST/STM32CubeIDE_1.14.1/STM32CubeIDE/plugins/com.st.stm32cube.ide.mcu.externaltools.gnu-tools-for-stm32.11.3.rel1.win32_1.1.100.202309141235/tools/bin/../lib/gcc/arm-none-eabi/11.3.1/thumb/v7e-m+fp/hard/crtn.o
                0x000000002000c000                _estack = (ORIGIN (RAM) + LENGTH (RAM))
                0x0000000000000800                _Min_Heap_Size = 0x800
                0x0000000000000800                _Min_Stack_Size = 0x800

.isr_vector     0x0000000008000000      0x18c
                0x0000000008000000                . = ALIGN (0x4)
 *(.isr_vector)
 .isr_vector    0x0000000008000000      0x18c ./Core/Startup/startup_stm32l432kcux.o
                0x0000000008000000                g_pfnVectors
                0x000000000800018c                . = ALIGN (0x4)

.text           0x0000000008000190     0x74d4
                0x0000000008000190                . = ALIGN (0x4)
 *(.text)
 .text          0x0000000008000190       0x40 C:/ST/STM32CubeIDE_1.14.1/STM32CubeIDE/plugins/com.st.stm32cube.ide.mcu.externaltools.gnu-tools-for-stm32.11.3.rel1.win32_1.1.100.202309141235/tools/bin/../lib/gcc/arm-none-eabi/11.3.1/thumb/v7e-m+fp/hard/crtbegin.o
 .text          0x00000000080001d0       0x10 C:/ST/STM32CubeIDE_1.14.1/STM32CubeIDE/plugins/com.st.stm32cube.ide.mcu.externaltools.gnu-tools-for-stm32.11.3.rel1.win32_1.1.100.202309141235/tools/bin/../lib/gcc/arm-none-eabi/11.3.1/../../../../arm-none-eabi/lib/thumb/v7e-m+fp/hard\libc_nano.a(libc_a-strlen.o)
                0x00000000080001d0                strlen
 .text          0x00000000080001e0       0xa0 C:/ST/STM32CubeIDE_1.14.1/STM32CubeIDE/plugins/com.st.stm32cube.ide.mcu.externaltools.gnu-tools-for-stm32.11.3.rel1.win32_1.1.100.202309141235/tools/bin/../lib/gcc/arm-none-eabi/11.3.1/../../../../arm-none-eabi/lib/thumb/v7e-m+fp/hard\libc_nano.a(libc_a-memchr.o)
                0x00000000080001e0                memchr
 .text          0x0000000008000280       0x30 C:/ST/STM32CubeIDE_1.14.1/STM32CubeIDE/plugins/com.st.stm32cube.ide.mcu.externaltools.gnu-tools-for-stm32.11.3.rel1.win32_1.1.100.202309141235/tools/bin/../lib/gcc/arm-none-eabi/11.3.1/thumb/v7e-m+fp/hard\libgcc.a(_aeabi_uldivmod.o)
                0x0000000008000280                __aeabi_uldivmod
 .text          0x00000000080002b0      0x2c8 C:/ST/STM32CubeIDE_1.14.1/STM32CubeIDE/plugins/com.st.stm32cube.ide.mcu.externaltools.gnu-tools-for-stm32.11.3.rel1.win32_1.1.100.202309141235/tools/bin/../lib/gcc/arm-none-eabi/11.3.1/thumb/v7e-m+fp/hard\libgcc.a(_udivmoddi4.o)
                0x00000000080002b0                __udivmoddi4
 .text          0x0000000008000578        0x4 C:/ST/STM32CubeIDE_1.14.1/STM32CubeIDE/plugins/com.st.stm32cube.ide.mcu.externaltools.gnu-tools-for-stm32.11.3.rel1.win32_1.1.100.202309141235/tools/bin/../lib/gcc/arm-none-eabi/11.3.1/thumb/v7e-m+fp/hard\libgcc.a(_dvmd_tls.o)
                0x0000000008000578                __aeabi_idiv0
                0x0000000008000578                __aeabi_ldiv0
 *(.text*)
 .text.init_display
                0x000000000800057c       0xd4 ./Core/Src/display.o
                0x000000000800057c                init_display
 .text.printToUart
                0x0000000008000650       0x26 ./Core/Src/display.o
                0x0000000008000650                printToUart
 *fill*         0x0000000008000676        0x2 
 .text.translate_y
                0x0000000008000678       0x7c ./Core/Src/display.o
                0x0000000008000678                translate_y
 .text.display_graph
                0x00000000080006f4      0x10c ./Core/Src/display.o
                0x00000000080006f4                display_graph
 .text.HAL_TIM_PeriodElapsedCallback
                0x0000000008000800       0x78 ./Core/Src/display.o
                0x0000000008000800                HAL_TIM_PeriodElapsedCallback
 .text.ili9341_new
                0x0000000008000878      0x234 ./Core/Src/ili9341.o
                0x0000000008000878                ili9341_new
 .text.ili9341_spi_tft_select
                0x0000000008000aac       0x20 ./Core/Src/ili9341.o
                0x0000000008000aac                ili9341_spi_tft_select
 .text.ili9341_spi_tft_release
                0x0000000008000acc       0x20 ./Core/Src/ili9341.o
                0x0000000008000acc                ili9341_spi_tft_release
 .text.ili9341_spi_touch_select
                0x0000000008000aec       0x20 ./Core/Src/ili9341.o
                0x0000000008000aec                ili9341_spi_touch_select
 .text.ili9341_spi_touch_release
                0x0000000008000b0c       0x20 ./Core/Src/ili9341.o
                0x0000000008000b0c                ili9341_spi_touch_release
 .text.ili9341_spi_slave_select
                0x0000000008000b2c       0x32 ./Core/Src/ili9341.o
                0x0000000008000b2c                ili9341_spi_slave_select
 .text.ili9341_spi_slave_release
                0x0000000008000b5e       0x32 ./Core/Src/ili9341.o
                0x0000000008000b5e                ili9341_spi_slave_release
 .text.ili9341_spi_write_command
                0x0000000008000b90       0x70 ./Core/Src/ili9341.o
                0x0000000008000b90                ili9341_spi_write_command
 .text.ili9341_spi_write_data
                0x0000000008000c00       0x72 ./Core/Src/ili9341.o
                0x0000000008000c00                ili9341_spi_write_data
 .text.ili9341_spi_write_command_data
                0x0000000008000c72       0x76 ./Core/Src/ili9341.o
                0x0000000008000c72                ili9341_spi_write_command_data
 .text.ili9341_reset
                0x0000000008000ce8       0x42 ./Core/Src/ili9341.o
 *fill*         0x0000000008000d2a        0x2 
 .text.ili9341_initialize
                0x0000000008000d2c      0x2c0 ./Core/Src/ili9341.o
 .text.ili9341_screen_size
                0x0000000008000fec       0x60 ./Core/Src/ili9341.o
 .text.ili9341_screen_rotation
                0x000000000800104c       0x38 ./Core/Src/ili9341.o
 .text.glyph_index
                0x0000000008001084       0x2c ./Core/Src/ili9341_font.o
                0x0000000008001084                glyph_index
 .text.ili9341_spi_tft_set_address_rect
                0x00000000080010b0       0xa2 ./Core/Src/ili9341_gfx.o
                0x00000000080010b0                ili9341_spi_tft_set_address_rect
 .text.ili9341_transmit_wait
                0x0000000008001152       0x2e ./Core/Src/ili9341_gfx.o
                0x0000000008001152                ili9341_transmit_wait
 .text.ili9341_transmit_color
                0x0000000008001180       0x4a ./Core/Src/ili9341_gfx.o
                0x0000000008001180                ili9341_transmit_color
 .text.ili9341_draw_pixel
                0x00000000080011ca       0xb0 ./Core/Src/ili9341_gfx.o
                0x00000000080011ca                ili9341_draw_pixel
 .text.ili9341_draw_line
                0x000000000800127a      0x1da ./Core/Src/ili9341_gfx.o
                0x000000000800127a                ili9341_draw_line
 .text.ili9341_fill_rect
                0x0000000008001454      0x124 ./Core/Src/ili9341_gfx.o
                0x0000000008001454                ili9341_fill_rect
 .text.ili9341_fill_screen
                0x0000000008001578       0x2c ./Core/Src/ili9341_gfx.o
                0x0000000008001578                ili9341_fill_screen
 .text.ili9341_draw_char
                0x00000000080015a4      0x1d0 ./Core/Src/ili9341_gfx.o
                0x00000000080015a4                ili9341_draw_char
 .text.ili9341_draw_string
                0x0000000008001774       0x9a ./Core/Src/ili9341_gfx.o
                0x0000000008001774                ili9341_draw_string
 .text.ili9341_clip_rect
                0x000000000800180e      0x13e ./Core/Src/ili9341_gfx.o
 .text.main     0x000000000800194c       0x4c ./Core/Src/main.o
                0x000000000800194c                main
 .text.SystemClock_Config
                0x0000000008001998       0xc4 ./Core/Src/main.o
                0x0000000008001998                SystemClock_Config
 .text.MX_ADC1_Init
                0x0000000008001a5c       0xc8 ./Core/Src/main.o
 .text.MX_OPAMP1_Init
                0x0000000008001b24       0x48 ./Core/Src/main.o
 .text.MX_SPI1_Init
                0x0000000008001b6c       0x7c ./Core/Src/main.o
 .text.MX_TIM16_Init
                0x0000000008001be8       0x4c ./Core/Src/main.o
 .text.MX_USART2_UART_Init
                0x0000000008001c34       0x60 ./Core/Src/main.o
 .text.MX_DMA_Init
                0x0000000008001c94       0x4c ./Core/Src/main.o
 .text.MX_GPIO_Init
                0x0000000008001ce0       0xb0 ./Core/Src/main.o
 .text.Error_Handler
                0x0000000008001d90        0xa ./Core/Src/main.o
                0x0000000008001d90                Error_Handler
 *fill*         0x0000000008001d9a        0x2 
 .text.HAL_MspInit
                0x0000000008001d9c       0x48 ./Core/Src/stm32l4xx_hal_msp.o
                0x0000000008001d9c                HAL_MspInit
 .text.HAL_ADC_MspInit
                0x0000000008001de4      0x128 ./Core/Src/stm32l4xx_hal_msp.o
                0x0000000008001de4                HAL_ADC_MspInit
 .text.HAL_OPAMP_MspInit
                0x0000000008001f0c       0x7c ./Core/Src/stm32l4xx_hal_msp.o
                0x0000000008001f0c                HAL_OPAMP_MspInit
 .text.HAL_SPI_MspInit
                0x0000000008001f88      0x100 ./Core/Src/stm32l4xx_hal_msp.o
                0x0000000008001f88                HAL_SPI_MspInit
 .text.HAL_TIM_Base_MspInit
                0x0000000008002088       0x4c ./Core/Src/stm32l4xx_hal_msp.o
                0x0000000008002088                HAL_TIM_Base_MspInit
 .text.HAL_UART_MspInit
                0x00000000080020d4       0xd4 ./Core/Src/stm32l4xx_hal_msp.o
                0x00000000080020d4                HAL_UART_MspInit
 .text.NMI_Handler
                0x00000000080021a8        0x6 ./Core/Src/stm32l4xx_it.o
                0x00000000080021a8                NMI_Handler
 .text.HardFault_Handler
                0x00000000080021ae        0x6 ./Core/Src/stm32l4xx_it.o
                0x00000000080021ae                HardFault_Handler
 .text.MemManage_Handler
                0x00000000080021b4        0x6 ./Core/Src/stm32l4xx_it.o
                0x00000000080021b4                MemManage_Handler
 .text.BusFault_Handler
                0x00000000080021ba        0x6 ./Core/Src/stm32l4xx_it.o
                0x00000000080021ba                BusFault_Handler
 .text.UsageFault_Handler
                0x00000000080021c0        0x6 ./Core/Src/stm32l4xx_it.o
                0x00000000080021c0                UsageFault_Handler
 .text.SVC_Handler
                0x00000000080021c6        0xe ./Core/Src/stm32l4xx_it.o
                0x00000000080021c6                SVC_Handler
 .text.DebugMon_Handler
                0x00000000080021d4        0xe ./Core/Src/stm32l4xx_it.o
                0x00000000080021d4                DebugMon_Handler
 .text.PendSV_Handler
                0x00000000080021e2        0xe ./Core/Src/stm32l4xx_it.o
                0x00000000080021e2                PendSV_Handler
 .text.SysTick_Handler
                0x00000000080021f0        0xc ./Core/Src/stm32l4xx_it.o
                0x00000000080021f0                SysTick_Handler
 .text.DMA1_Channel1_IRQHandler
                0x00000000080021fc       0x14 ./Core/Src/stm32l4xx_it.o
                0x00000000080021fc                DMA1_Channel1_IRQHandler
 .text.DMA1_Channel3_IRQHandler
                0x0000000008002210       0x14 ./Core/Src/stm32l4xx_it.o
                0x0000000008002210                DMA1_Channel3_IRQHandler
 .text.TIM1_UP_TIM16_IRQHandler
                0x0000000008002224       0x14 ./Core/Src/stm32l4xx_it.o
                0x0000000008002224                TIM1_UP_TIM16_IRQHandler
 .text._sbrk    0x0000000008002238       0x6c ./Core/Src/sysmem.o
                0x0000000008002238                _sbrk
 .text.SystemInit
                0x00000000080022a4       0x24 ./Core/Src/system_stm32l4xx.o
                0x00000000080022a4                SystemInit
 .text.init_tasks
                0x00000000080022c8       0x28 ./Core/Src/task.o
                0x00000000080022c8                init_tasks
 .text.manage_tasks
                0x00000000080022f0        0xc ./Core/Src/task.o
                0x00000000080022f0                manage_tasks
 .text.Reset_Handler
                0x00000000080022fc       0x50 ./Core/Startup/startup_stm32l432kcux.o
                0x00000000080022fc                Reset_Handler
 .text.Default_Handler
                0x000000000800234c        0x2 ./Core/Startup/startup_stm32l432kcux.o
                0x000000000800234c                RTC_Alarm_IRQHandler
                0x000000000800234c                EXTI2_IRQHandler
                0x000000000800234c                TIM1_CC_IRQHandler
                0x000000000800234c                TSC_IRQHandler
                0x000000000800234c                TAMP_STAMP_IRQHandler
                0x000000000800234c                EXTI3_IRQHandler
                0x000000000800234c                LPTIM2_IRQHandler
                0x000000000800234c                I2C3_ER_IRQHandler
                0x000000000800234c                EXTI0_IRQHandler
                0x000000000800234c                CAN1_RX0_IRQHandler
                0x000000000800234c                FPU_IRQHandler
                0x000000000800234c                SPI1_IRQHandler
                0x000000000800234c                TIM6_DAC_IRQHandler
                0x000000000800234c                DMA2_Channel2_IRQHandler
                0x000000000800234c                DMA1_Channel4_IRQHandler
                0x000000000800234c                ADC1_IRQHandler
                0x000000000800234c                DMA1_Channel7_IRQHandler
                0x000000000800234c                CAN1_RX1_IRQHandler
                0x000000000800234c                DMA2_Channel1_IRQHandler
                0x000000000800234c                QUADSPI_IRQHandler
                0x000000000800234c                I2C1_EV_IRQHandler
                0x000000000800234c                DMA1_Channel6_IRQHandler
                0x000000000800234c                DMA2_Channel4_IRQHandler
                0x000000000800234c                RCC_IRQHandler
                0x000000000800234c                TIM1_TRG_COM_IRQHandler
                0x000000000800234c                Default_Handler
                0x000000000800234c                DMA2_Channel7_IRQHandler
                0x000000000800234c                EXTI15_10_IRQHandler
                0x000000000800234c                TIM7_IRQHandler
                0x000000000800234c                I2C3_EV_IRQHandler
                0x000000000800234c                USB_IRQHandler
                0x000000000800234c                EXTI9_5_IRQHandler
                0x000000000800234c                RTC_WKUP_IRQHandler
                0x000000000800234c                PVD_PVM_IRQHandler
                0x000000000800234c                CAN1_TX_IRQHandler
                0x000000000800234c                DMA2_Channel5_IRQHandler
                0x000000000800234c                CRS_IRQHandler
                0x000000000800234c                DMA1_Channel5_IRQHandler
                0x000000000800234c                EXTI4_IRQHandler
                0x000000000800234c                RNG_IRQHandler
                0x000000000800234c                COMP_IRQHandler
                0x000000000800234c                WWDG_IRQHandler
                0x000000000800234c                LPUART1_IRQHandler
                0x000000000800234c                DMA2_Channel6_IRQHandler
                0x000000000800234c                TIM2_IRQHandler
                0x000000000800234c                EXTI1_IRQHandler
                0x000000000800234c                USART2_IRQHandler
                0x000000000800234c                DMA1_Channel2_IRQHandler
                0x000000000800234c                CAN1_SCE_IRQHandler
                0x000000000800234c                FLASH_IRQHandler
                0x000000000800234c                USART1_IRQHandler
                0x000000000800234c                SPI3_IRQHandler
                0x000000000800234c                I2C1_ER_IRQHandler
                0x000000000800234c                SWPMI1_IRQHandler
                0x000000000800234c                LPTIM1_IRQHandler
                0x000000000800234c                SAI1_IRQHandler
                0x000000000800234c                DMA2_Channel3_IRQHandler
                0x000000000800234c                TIM1_BRK_TIM15_IRQHandler
 .text.HAL_Init
                0x000000000800234e       0x30 ./Drivers/STM32L4xx_HAL_Driver/Src/stm32l4xx_hal.o
                0x000000000800234e                HAL_Init
 *fill*         0x000000000800237e        0x2 
 .text.HAL_InitTick
                0x0000000008002380       0x78 ./Drivers/STM32L4xx_HAL_Driver/Src/stm32l4xx_hal.o
                0x0000000008002380                HAL_InitTick
 .text.HAL_IncTick
                0x00000000080023f8       0x28 ./Drivers/STM32L4xx_HAL_Driver/Src/stm32l4xx_hal.o
                0x00000000080023f8                HAL_IncTick
 .text.HAL_GetTick
                0x0000000008002420       0x18 ./Drivers/STM32L4xx_HAL_Driver/Src/stm32l4xx_hal.o
                0x0000000008002420                HAL_GetTick
 .text.HAL_Delay
                0x0000000008002438       0x48 ./Drivers/STM32L4xx_HAL_Driver/Src/stm32l4xx_hal.o
                0x0000000008002438                HAL_Delay
 .text.LL_ADC_SetCommonClock
                0x0000000008002480       0x26 ./Drivers/STM32L4xx_HAL_Driver/Src/stm32l4xx_hal_adc.o
 .text.LL_ADC_SetCommonPathInternalCh
                0x00000000080024a6       0x26 ./Drivers/STM32L4xx_HAL_Driver/Src/stm32l4xx_hal_adc.o
 .text.LL_ADC_GetCommonPathInternalCh
                0x00000000080024cc       0x1c ./Drivers/STM32L4xx_HAL_Driver/Src/stm32l4xx_hal_adc.o
 .text.LL_ADC_SetOffset
                0x00000000080024e8       0x48 ./Drivers/STM32L4xx_HAL_Driver/Src/stm32l4xx_hal_adc.o
 .text.LL_ADC_GetOffsetChannel
                0x0000000008002530       0x2c ./Drivers/STM32L4xx_HAL_Driver/Src/stm32l4xx_hal_adc.o
 .text.LL_ADC_SetOffsetState
                0x000000000800255c       0x36 ./Drivers/STM32L4xx_HAL_Driver/Src/stm32l4xx_hal_adc.o
 .text.LL_ADC_REG_IsTriggerSourceSWStart
                0x0000000008002592       0x26 ./Drivers/STM32L4xx_HAL_Driver/Src/stm32l4xx_hal_adc.o
 .text.LL_ADC_REG_SetSequencerRanks
                0x00000000080025b8       0x58 ./Drivers/STM32L4xx_HAL_Driver/Src/stm32l4xx_hal_adc.o
 .text.LL_ADC_SetChannelSamplingTime
                0x0000000008002610       0x56 ./Drivers/STM32L4xx_HAL_Driver/Src/stm32l4xx_hal_adc.o
 *fill*         0x0000000008002666        0x2 
 .text.LL_ADC_SetChannelSingleDiff
                0x0000000008002668       0x48 ./Drivers/STM32L4xx_HAL_Driver/Src/stm32l4xx_hal_adc.o
 .text.LL_ADC_DisableDeepPowerDown
                0x00000000080026b0       0x24 ./Drivers/STM32L4xx_HAL_Driver/Src/stm32l4xx_hal_adc.o
 .text.LL_ADC_IsDeepPowerDownEnabled
                0x00000000080026d4       0x28 ./Drivers/STM32L4xx_HAL_Driver/Src/stm32l4xx_hal_adc.o
 .text.LL_ADC_EnableInternalRegulator
                0x00000000080026fc       0x28 ./Drivers/STM32L4xx_HAL_Driver/Src/stm32l4xx_hal_adc.o
 .text.LL_ADC_IsInternalRegulatorEnabled
                0x0000000008002724       0x28 ./Drivers/STM32L4xx_HAL_Driver/Src/stm32l4xx_hal_adc.o
 .text.LL_ADC_Enable
                0x000000000800274c       0x28 ./Drivers/STM32L4xx_HAL_Driver/Src/stm32l4xx_hal_adc.o
 .text.LL_ADC_IsEnabled
                0x0000000008002774       0x26 ./Drivers/STM32L4xx_HAL_Driver/Src/stm32l4xx_hal_adc.o
 .text.LL_ADC_REG_StartConversion
                0x000000000800279a       0x28 ./Drivers/STM32L4xx_HAL_Driver/Src/stm32l4xx_hal_adc.o
 .text.LL_ADC_REG_IsConversionOngoing
                0x00000000080027c2       0x26 ./Drivers/STM32L4xx_HAL_Driver/Src/stm32l4xx_hal_adc.o
 .text.LL_ADC_INJ_IsConversionOngoing
                0x00000000080027e8       0x26 ./Drivers/STM32L4xx_HAL_Driver/Src/stm32l4xx_hal_adc.o
 *fill*         0x000000000800280e        0x2 
 .text.HAL_ADC_Init
                0x0000000008002810      0x284 ./Drivers/STM32L4xx_HAL_Driver/Src/stm32l4xx_hal_adc.o
                0x0000000008002810                HAL_ADC_Init
 .text.HAL_ADC_Start_DMA
                0x0000000008002a94      0x108 ./Drivers/STM32L4xx_HAL_Driver/Src/stm32l4xx_hal_adc.o
                0x0000000008002a94                HAL_ADC_Start_DMA
 .text.HAL_ADC_ConvCpltCallback
                0x0000000008002b9c       0x14 ./Drivers/STM32L4xx_HAL_Driver/Src/stm32l4xx_hal_adc.o
                0x0000000008002b9c                HAL_ADC_ConvCpltCallback
 .text.HAL_ADC_ConvHalfCpltCallback
                0x0000000008002bb0       0x14 ./Drivers/STM32L4xx_HAL_Driver/Src/stm32l4xx_hal_adc.o
                0x0000000008002bb0                HAL_ADC_ConvHalfCpltCallback
 .text.HAL_ADC_ErrorCallback
                0x0000000008002bc4       0x14 ./Drivers/STM32L4xx_HAL_Driver/Src/stm32l4xx_hal_adc.o
                0x0000000008002bc4                HAL_ADC_ErrorCallback
 .text.HAL_ADC_ConfigChannel
                0x0000000008002bd8      0x7c4 ./Drivers/STM32L4xx_HAL_Driver/Src/stm32l4xx_hal_adc.o
                0x0000000008002bd8                HAL_ADC_ConfigChannel
 .text.ADC_Enable
                0x000000000800339c      0x10c ./Drivers/STM32L4xx_HAL_Driver/Src/stm32l4xx_hal_adc.o
                0x000000000800339c                ADC_Enable
 .text.ADC_DMAConvCplt
                0x00000000080034a8       0xd8 ./Drivers/STM32L4xx_HAL_Driver/Src/stm32l4xx_hal_adc.o
                0x00000000080034a8                ADC_DMAConvCplt
 .text.ADC_DMAHalfConvCplt
                0x0000000008003580       0x1c ./Drivers/STM32L4xx_HAL_Driver/Src/stm32l4xx_hal_adc.o
                0x0000000008003580                ADC_DMAHalfConvCplt
 .text.ADC_DMAError
                0x000000000800359c       0x34 ./Drivers/STM32L4xx_HAL_Driver/Src/stm32l4xx_hal_adc.o
                0x000000000800359c                ADC_DMAError
 .text.__NVIC_SetPriorityGrouping
                0x00000000080035d0       0x48 ./Drivers/STM32L4xx_HAL_Driver/Src/stm32l4xx_hal_cortex.o
 .text.__NVIC_GetPriorityGrouping
                0x0000000008003618       0x1c ./Drivers/STM32L4xx_HAL_Driver/Src/stm32l4xx_hal_cortex.o
 .text.__NVIC_EnableIRQ
                0x0000000008003634       0x3c ./Drivers/STM32L4xx_HAL_Driver/Src/stm32l4xx_hal_cortex.o
 .text.__NVIC_SetPriority
                0x0000000008003670       0x54 ./Drivers/STM32L4xx_HAL_Driver/Src/stm32l4xx_hal_cortex.o
 .text.NVIC_EncodePriority
                0x00000000080036c4       0x66 ./Drivers/STM32L4xx_HAL_Driver/Src/stm32l4xx_hal_cortex.o
 *fill*         0x000000000800372a        0x2 
 .text.SysTick_Config
                0x000000000800372c       0x44 ./Drivers/STM32L4xx_HAL_Driver/Src/stm32l4xx_hal_cortex.o
 .text.HAL_NVIC_SetPriorityGrouping
                0x0000000008003770       0x16 ./Drivers/STM32L4xx_HAL_Driver/Src/stm32l4xx_hal_cortex.o
                0x0000000008003770                HAL_NVIC_SetPriorityGrouping
 .text.HAL_NVIC_SetPriority
                0x0000000008003786       0x38 ./Drivers/STM32L4xx_HAL_Driver/Src/stm32l4xx_hal_cortex.o
                0x0000000008003786                HAL_NVIC_SetPriority
 .text.HAL_NVIC_EnableIRQ
                0x00000000080037be       0x1c ./Drivers/STM32L4xx_HAL_Driver/Src/stm32l4xx_hal_cortex.o
                0x00000000080037be                HAL_NVIC_EnableIRQ
 .text.HAL_SYSTICK_Config
                0x00000000080037da       0x18 ./Drivers/STM32L4xx_HAL_Driver/Src/stm32l4xx_hal_cortex.o
                0x00000000080037da                HAL_SYSTICK_Config
 *fill*         0x00000000080037f2        0x2 
 .text.HAL_DMA_Init
                0x00000000080037f4      0x170 ./Drivers/STM32L4xx_HAL_Driver/Src/stm32l4xx_hal_dma.o
                0x00000000080037f4                HAL_DMA_Init
 .text.HAL_DMA_Start_IT
                0x0000000008003964       0xc0 ./Drivers/STM32L4xx_HAL_Driver/Src/stm32l4xx_hal_dma.o
                0x0000000008003964                HAL_DMA_Start_IT
 .text.HAL_DMA_IRQHandler
                0x0000000008003a24      0x15e ./Drivers/STM32L4xx_HAL_Driver/Src/stm32l4xx_hal_dma.o
                0x0000000008003a24                HAL_DMA_IRQHandler
 .text.HAL_DMA_GetState
                0x0000000008003b82       0x1c ./Drivers/STM32L4xx_HAL_Driver/Src/stm32l4xx_hal_dma.o
                0x0000000008003b82                HAL_DMA_GetState
 .text.DMA_SetConfig
                0x0000000008003b9e       0x60 ./Drivers/STM32L4xx_HAL_Driver/Src/stm32l4xx_hal_dma.o
 *fill*         0x0000000008003bfe        0x2 
 .text.HAL_GPIO_Init
                0x0000000008003c00      0x2d4 ./Drivers/STM32L4xx_HAL_Driver/Src/stm32l4xx_hal_gpio.o
                0x0000000008003c00                HAL_GPIO_Init
 .text.HAL_GPIO_WritePin
                0x0000000008003ed4       0x30 ./Drivers/STM32L4xx_HAL_Driver/Src/stm32l4xx_hal_gpio.o
                0x0000000008003ed4                HAL_GPIO_WritePin
 .text.HAL_OPAMP_Init
                0x0000000008003f04      0x1ac ./Drivers/STM32L4xx_HAL_Driver/Src/stm32l4xx_hal_opamp.o
                0x0000000008003f04                HAL_OPAMP_Init
 .text.HAL_PWR_EnableBkUpAccess
                0x00000000080040b0       0x20 ./Drivers/STM32L4xx_HAL_Driver/Src/stm32l4xx_hal_pwr.o
                0x00000000080040b0                HAL_PWR_EnableBkUpAccess
 .text.HAL_PWREx_GetVoltageRange
                0x00000000080040d0       0x1c ./Drivers/STM32L4xx_HAL_Driver/Src/stm32l4xx_hal_pwr_ex.o
                0x00000000080040d0                HAL_PWREx_GetVoltageRange
 .text.HAL_PWREx_ControlVoltageScaling
                0x00000000080040ec       0xac ./Drivers/STM32L4xx_HAL_Driver/Src/stm32l4xx_hal_pwr_ex.o
                0x00000000080040ec                HAL_PWREx_ControlVoltageScaling
 .text.HAL_RCC_OscConfig
                0x0000000008004198      0x828 ./Drivers/STM32L4xx_HAL_Driver/Src/stm32l4xx_hal_rcc.o
                0x0000000008004198                HAL_RCC_OscConfig
 .text.HAL_RCC_ClockConfig
                0x00000000080049c0      0x200 ./Drivers/STM32L4xx_HAL_Driver/Src/stm32l4xx_hal_rcc.o
                0x00000000080049c0                HAL_RCC_ClockConfig
 .text.HAL_RCC_GetSysClockFreq
                0x0000000008004bc0      0x118 ./Drivers/STM32L4xx_HAL_Driver/Src/stm32l4xx_hal_rcc.o
                0x0000000008004bc0                HAL_RCC_GetSysClockFreq
 .text.HAL_RCC_GetHCLKFreq
                0x0000000008004cd8       0x18 ./Drivers/STM32L4xx_HAL_Driver/Src/stm32l4xx_hal_rcc.o
                0x0000000008004cd8                HAL_RCC_GetHCLKFreq
 .text.HAL_RCC_GetPCLK1Freq
                0x0000000008004cf0       0x2c ./Drivers/STM32L4xx_HAL_Driver/Src/stm32l4xx_hal_rcc.o
                0x0000000008004cf0                HAL_RCC_GetPCLK1Freq
 .text.HAL_RCC_GetPCLK2Freq
                0x0000000008004d1c       0x2c ./Drivers/STM32L4xx_HAL_Driver/Src/stm32l4xx_hal_rcc.o
                0x0000000008004d1c                HAL_RCC_GetPCLK2Freq
 .text.RCC_SetFlashLatencyFromMSIRange
                0x0000000008004d48       0xc0 ./Drivers/STM32L4xx_HAL_Driver/Src/stm32l4xx_hal_rcc.o
 .text.HAL_RCCEx_PeriphCLKConfig
                0x0000000008004e08      0x3ec ./Drivers/STM32L4xx_HAL_Driver/Src/stm32l4xx_hal_rcc_ex.o
                0x0000000008004e08                HAL_RCCEx_PeriphCLKConfig
 .text.HAL_RCCEx_EnableMSIPLLMode
                0x00000000080051f4       0x20 ./Drivers/STM32L4xx_HAL_Driver/Src/stm32l4xx_hal_rcc_ex.o
                0x00000000080051f4                HAL_RCCEx_EnableMSIPLLMode
 .text.RCCEx_PLLSAI1_Config
                0x0000000008005214      0x1e4 ./Drivers/STM32L4xx_HAL_Driver/Src/stm32l4xx_hal_rcc_ex.o
 .text.HAL_SPI_Init
                0x00000000080053f8      0x146 ./Drivers/STM32L4xx_HAL_Driver/Src/stm32l4xx_hal_spi.o
                0x00000000080053f8                HAL_SPI_Init
 .text.HAL_SPI_Transmit
                0x000000000800553e      0x2ea ./Drivers/STM32L4xx_HAL_Driver/Src/stm32l4xx_hal_spi.o
                0x000000000800553e                HAL_SPI_Transmit
 .text.HAL_SPI_Transmit_DMA
                0x0000000008005828      0x1e0 ./Drivers/STM32L4xx_HAL_Driver/Src/stm32l4xx_hal_spi.o
                0x0000000008005828                HAL_SPI_Transmit_DMA
 .text.HAL_SPI_TxCpltCallback
                0x0000000008005a08       0x14 ./Drivers/STM32L4xx_HAL_Driver/Src/stm32l4xx_hal_spi.o
                0x0000000008005a08                HAL_SPI_TxCpltCallback
 .text.HAL_SPI_TxHalfCpltCallback
                0x0000000008005a1c       0x14 ./Drivers/STM32L4xx_HAL_Driver/Src/stm32l4xx_hal_spi.o
                0x0000000008005a1c                HAL_SPI_TxHalfCpltCallback
 .text.HAL_SPI_ErrorCallback
                0x0000000008005a30       0x14 ./Drivers/STM32L4xx_HAL_Driver/Src/stm32l4xx_hal_spi.o
                0x0000000008005a30                HAL_SPI_ErrorCallback
 .text.SPI_DMATransmitCplt
                0x0000000008005a44       0xa6 ./Drivers/STM32L4xx_HAL_Driver/Src/stm32l4xx_hal_spi.o
 .text.SPI_DMAHalfTransmitCplt
                0x0000000008005aea       0x1c ./Drivers/STM32L4xx_HAL_Driver/Src/stm32l4xx_hal_spi.o
 .text.SPI_DMAError
                0x0000000008005b06       0x40 ./Drivers/STM32L4xx_HAL_Driver/Src/stm32l4xx_hal_spi.o
 *fill*         0x0000000008005b46        0x2 
 .text.SPI_WaitFlagStateUntilTimeout
                0x0000000008005b48      0x110 ./Drivers/STM32L4xx_HAL_Driver/Src/stm32l4xx_hal_spi.o
 .text.SPI_WaitFifoStateUntilTimeout
                0x0000000008005c58      0x12c ./Drivers/STM32L4xx_HAL_Driver/Src/stm32l4xx_hal_spi.o
 .text.SPI_EndRxTxTransaction
                0x0000000008005d84       0x8c ./Drivers/STM32L4xx_HAL_Driver/Src/stm32l4xx_hal_spi.o
 .text.HAL_TIM_Base_Init
                0x0000000008005e10       0xae ./Drivers/STM32L4xx_HAL_Driver/Src/stm32l4xx_hal_tim.o
                0x0000000008005e10                HAL_TIM_Base_Init
 *fill*         0x0000000008005ebe        0x2 
 .text.HAL_TIM_Base_Start_IT
                0x0000000008005ec0       0xa8 ./Drivers/STM32L4xx_HAL_Driver/Src/stm32l4xx_hal_tim.o
                0x0000000008005ec0                HAL_TIM_Base_Start_IT
 .text.HAL_TIM_IRQHandler
                0x0000000008005f68      0x204 ./Drivers/STM32L4xx_HAL_Driver/Src/stm32l4xx_hal_tim.o
                0x0000000008005f68                HAL_TIM_IRQHandler
 .text.HAL_TIM_OC_DelayElapsedCallback
                0x000000000800616c       0x14 ./Drivers/STM32L4xx_HAL_Driver/Src/stm32l4xx_hal_tim.o
                0x000000000800616c                HAL_TIM_OC_DelayElapsedCallback
 .text.HAL_TIM_IC_CaptureCallback
                0x0000000008006180       0x14 ./Drivers/STM32L4xx_HAL_Driver/Src/stm32l4xx_hal_tim.o
                0x0000000008006180                HAL_TIM_IC_CaptureCallback
 .text.HAL_TIM_PWM_PulseFinishedCallback
                0x0000000008006194       0x14 ./Drivers/STM32L4xx_HAL_Driver/Src/stm32l4xx_hal_tim.o
                0x0000000008006194                HAL_TIM_PWM_PulseFinishedCallback
 .text.HAL_TIM_TriggerCallback
                0x00000000080061a8       0x14 ./Drivers/STM32L4xx_HAL_Driver/Src/stm32l4xx_hal_tim.o
                0x00000000080061a8                HAL_TIM_TriggerCallback
 .text.TIM_Base_SetConfig
                0x00000000080061bc       0xc8 ./Drivers/STM32L4xx_HAL_Driver/Src/stm32l4xx_hal_tim.o
                0x00000000080061bc                TIM_Base_SetConfig
 .text.HAL_TIMEx_CommutCallback
                0x0000000008006284       0x14 ./Drivers/STM32L4xx_HAL_Driver/Src/stm32l4xx_hal_tim_ex.o
                0x0000000008006284                HAL_TIMEx_CommutCallback
 .text.HAL_TIMEx_BreakCallback
                0x0000000008006298       0x14 ./Drivers/STM32L4xx_HAL_Driver/Src/stm32l4xx_hal_tim_ex.o
                0x0000000008006298                HAL_TIMEx_BreakCallback
 .text.HAL_TIMEx_Break2Callback
                0x00000000080062ac       0x14 ./Drivers/STM32L4xx_HAL_Driver/Src/stm32l4xx_hal_tim_ex.o
                0x00000000080062ac                HAL_TIMEx_Break2Callback
 .text.HAL_UART_Init
                0x00000000080062c0       0x9c ./Drivers/STM32L4xx_HAL_Driver/Src/stm32l4xx_hal_uart.o
                0x00000000080062c0                HAL_UART_Init
 .text.HAL_UART_Transmit
                0x000000000800635c      0x114 ./Drivers/STM32L4xx_HAL_Driver/Src/stm32l4xx_hal_uart.o
                0x000000000800635c                HAL_UART_Transmit
 .text.UART_SetConfig
                0x0000000008006470      0x458 ./Drivers/STM32L4xx_HAL_Driver/Src/stm32l4xx_hal_uart.o
                0x0000000008006470                UART_SetConfig
 .text.UART_AdvFeatureConfig
                0x00000000080068c8      0x144 ./Drivers/STM32L4xx_HAL_Driver/Src/stm32l4xx_hal_uart.o
                0x00000000080068c8                UART_AdvFeatureConfig
 .text.UART_CheckIdleState
                0x0000000008006a0c      0x150 ./Drivers/STM32L4xx_HAL_Driver/Src/stm32l4xx_hal_uart.o
                0x0000000008006a0c                UART_CheckIdleState
 .text.UART_WaitOnFlagUntilTimeout
                0x0000000008006b5c       0xce ./Drivers/STM32L4xx_HAL_Driver/Src/stm32l4xx_hal_uart.o
                0x0000000008006b5c                UART_WaitOnFlagUntilTimeout
 .text.UART_EndRxTransfer
                0x0000000008006c2a       0xc8 ./Drivers/STM32L4xx_HAL_Driver/Src/stm32l4xx_hal_uart.o
 *fill*         0x0000000008006cf2        0x2 
 .text.malloc   0x0000000008006cf4       0x10 C:/ST/STM32CubeIDE_1.14.1/STM32CubeIDE/plugins/com.st.stm32cube.ide.mcu.externaltools.gnu-tools-for-stm32.11.3.rel1.win32_1.1.100.202309141235/tools/bin/../lib/gcc/arm-none-eabi/11.3.1/../../../../arm-none-eabi/lib/thumb/v7e-m+fp/hard\libc_nano.a(libc_a-malloc.o)
                0x0000000008006cf4                malloc
 .text.sbrk_aligned
                0x0000000008006d04       0x40 C:/ST/STM32CubeIDE_1.14.1/STM32CubeIDE/plugins/com.st.stm32cube.ide.mcu.externaltools.gnu-tools-for-stm32.11.3.rel1.win32_1.1.100.202309141235/tools/bin/../lib/gcc/arm-none-eabi/11.3.1/../../../../arm-none-eabi/lib/thumb/v7e-m+fp/hard\libc_nano.a(libc_a-mallocr.o)
 .text._malloc_r
                0x0000000008006d44      0x100 C:/ST/STM32CubeIDE_1.14.1/STM32CubeIDE/plugins/com.st.stm32cube.ide.mcu.externaltools.gnu-tools-for-stm32.11.3.rel1.win32_1.1.100.202309141235/tools/bin/../lib/gcc/arm-none-eabi/11.3.1/../../../../arm-none-eabi/lib/thumb/v7e-m+fp/hard\libc_nano.a(libc_a-mallocr.o)
                0x0000000008006d44                _malloc_r
 .text.__malloc_lock
                0x0000000008006e44        0xc C:/ST/STM32CubeIDE_1.14.1/STM32CubeIDE/plugins/com.st.stm32cube.ide.mcu.externaltools.gnu-tools-for-stm32.11.3.rel1.win32_1.1.100.202309141235/tools/bin/../lib/gcc/arm-none-eabi/11.3.1/../../../../arm-none-eabi/lib/thumb/v7e-m+fp/hard\libc_nano.a(libc_a-mlock.o)
                0x0000000008006e44                __malloc_lock
 .text.__malloc_unlock
                0x0000000008006e50        0xc C:/ST/STM32CubeIDE_1.14.1/STM32CubeIDE/plugins/com.st.stm32cube.ide.mcu.externaltools.gnu-tools-for-stm32.11.3.rel1.win32_1.1.100.202309141235/tools/bin/../lib/gcc/arm-none-eabi/11.3.1/../../../../arm-none-eabi/lib/thumb/v7e-m+fp/hard\libc_nano.a(libc_a-mlock.o)
                0x0000000008006e50                __malloc_unlock
 .text.sprintf  0x0000000008006e5c       0x40 C:/ST/STM32CubeIDE_1.14.1/STM32CubeIDE/plugins/com.st.stm32cube.ide.mcu.externaltools.gnu-tools-for-stm32.11.3.rel1.win32_1.1.100.202309141235/tools/bin/../lib/gcc/arm-none-eabi/11.3.1/../../../../arm-none-eabi/lib/thumb/v7e-m+fp/hard\libc_nano.a(libc_a-sprintf.o)
                0x0000000008006e5c                siprintf
                0x0000000008006e5c                sprintf
 .text.memset   0x0000000008006e9c       0x10 C:/ST/STM32CubeIDE_1.14.1/STM32CubeIDE/plugins/com.st.stm32cube.ide.mcu.externaltools.gnu-tools-for-stm32.11.3.rel1.win32_1.1.100.202309141235/tools/bin/../lib/gcc/arm-none-eabi/11.3.1/../../../../arm-none-eabi/lib/thumb/v7e-m+fp/hard\libc_nano.a(libc_a-memset.o)
                0x0000000008006e9c                memset
 .text._sbrk_r  0x0000000008006eac       0x20 C:/ST/STM32CubeIDE_1.14.1/STM32CubeIDE/plugins/com.st.stm32cube.ide.mcu.externaltools.gnu-tools-for-stm32.11.3.rel1.win32_1.1.100.202309141235/tools/bin/../lib/gcc/arm-none-eabi/11.3.1/../../../../arm-none-eabi/lib/thumb/v7e-m+fp/hard\libc_nano.a(libc_a-sbrkr.o)
                0x0000000008006eac                _sbrk_r
 .text.__errno  0x0000000008006ecc        0xc C:/ST/STM32CubeIDE_1.14.1/STM32CubeIDE/plugins/com.st.stm32cube.ide.mcu.externaltools.gnu-tools-for-stm32.11.3.rel1.win32_1.1.100.202309141235/tools/bin/../lib/gcc/arm-none-eabi/11.3.1/../../../../arm-none-eabi/lib/thumb/v7e-m+fp/hard\libc_nano.a(libc_a-errno.o)
                0x0000000008006ecc                __errno
 .text.__libc_init_array
                0x0000000008006ed8       0x48 C:/ST/STM32CubeIDE_1.14.1/STM32CubeIDE/plugins/com.st.stm32cube.ide.mcu.externaltools.gnu-tools-for-stm32.11.3.rel1.win32_1.1.100.202309141235/tools/bin/../lib/gcc/arm-none-eabi/11.3.1/../../../../arm-none-eabi/lib/thumb/v7e-m+fp/hard\libc_nano.a(libc_a-init.o)
                0x0000000008006ed8                __libc_init_array
 .text.__retarget_lock_acquire_recursive
                0x0000000008006f20        0x2 C:/ST/STM32CubeIDE_1.14.1/STM32CubeIDE/plugins/com.st.stm32cube.ide.mcu.externaltools.gnu-tools-for-stm32.11.3.rel1.win32_1.1.100.202309141235/tools/bin/../lib/gcc/arm-none-eabi/11.3.1/../../../../arm-none-eabi/lib/thumb/v7e-m+fp/hard\libc_nano.a(libc_a-lock.o)
                0x0000000008006f20                __retarget_lock_acquire_recursive
 .text.__retarget_lock_release_recursive
                0x0000000008006f22        0x2 C:/ST/STM32CubeIDE_1.14.1/STM32CubeIDE/plugins/com.st.stm32cube.ide.mcu.externaltools.gnu-tools-for-stm32.11.3.rel1.win32_1.1.100.202309141235/tools/bin/../lib/gcc/arm-none-eabi/11.3.1/../../../../arm-none-eabi/lib/thumb/v7e-m+fp/hard\libc_nano.a(libc_a-lock.o)
                0x0000000008006f22                __retarget_lock_release_recursive
 .text._free_r  0x0000000008006f24       0x98 C:/ST/STM32CubeIDE_1.14.1/STM32CubeIDE/plugins/com.st.stm32cube.ide.mcu.externaltools.gnu-tools-for-stm32.11.3.rel1.win32_1.1.100.202309141235/tools/bin/../lib/gcc/arm-none-eabi/11.3.1/../../../../arm-none-eabi/lib/thumb/v7e-m+fp/hard\libc_nano.a(libc_a-freer.o)
                0x0000000008006f24                _free_r
 .text.__ssputs_r
                0x0000000008006fbc       0xb4 C:/ST/STM32CubeIDE_1.14.1/STM32CubeIDE/plugins/com.st.stm32cube.ide.mcu.externaltools.gnu-tools-for-stm32.11.3.rel1.win32_1.1.100.202309141235/tools/bin/../lib/gcc/arm-none-eabi/11.3.1/../../../../arm-none-eabi/lib/thumb/v7e-m+fp/hard\libc_nano.a(libc_a-nano-svfprintf.o)
                0x0000000008006fbc                __ssputs_r
 .text._svfprintf_r
                0x0000000008007070      0x1fc C:/ST/STM32CubeIDE_1.14.1/STM32CubeIDE/plugins/com.st.stm32cube.ide.mcu.externaltools.gnu-tools-for-stm32.11.3.rel1.win32_1.1.100.202309141235/tools/bin/../lib/gcc/arm-none-eabi/11.3.1/../../../../arm-none-eabi/lib/thumb/v7e-m+fp/hard\libc_nano.a(libc_a-nano-svfprintf.o)
                0x0000000008007070                _svfiprintf_r
                0x0000000008007070                _svfprintf_r
 .text._printf_common
                0x000000000800726c       0xda C:/ST/STM32CubeIDE_1.14.1/STM32CubeIDE/plugins/com.st.stm32cube.ide.mcu.externaltools.gnu-tools-for-stm32.11.3.rel1.win32_1.1.100.202309141235/tools/bin/../lib/gcc/arm-none-eabi/11.3.1/../../../../arm-none-eabi/lib/thumb/v7e-m+fp/hard\libc_nano.a(libc_a-nano-vfprintf_i.o)
                0x000000000800726c                _printf_common
 *fill*         0x0000000008007346        0x2 
 .text._printf_i
                0x0000000008007348      0x244 C:/ST/STM32CubeIDE_1.14.1/STM32CubeIDE/plugins/com.st.stm32cube.ide.mcu.externaltools.gnu-tools-for-stm32.11.3.rel1.win32_1.1.100.202309141235/tools/bin/../lib/gcc/arm-none-eabi/11.3.1/../../../../arm-none-eabi/lib/thumb/v7e-m+fp/hard\libc_nano.a(libc_a-nano-vfprintf_i.o)
                0x0000000008007348                _printf_i
 .text.memmove  0x000000000800758c       0x34 C:/ST/STM32CubeIDE_1.14.1/STM32CubeIDE/plugins/com.st.stm32cube.ide.mcu.externaltools.gnu-tools-for-stm32.11.3.rel1.win32_1.1.100.202309141235/tools/bin/../lib/gcc/arm-none-eabi/11.3.1/../../../../arm-none-eabi/lib/thumb/v7e-m+fp/hard\libc_nano.a(libc_a-memmove.o)
                0x000000000800758c                memmove
 .text.memcpy   0x00000000080075c0       0x1c C:/ST/STM32CubeIDE_1.14.1/STM32CubeIDE/plugins/com.st.stm32cube.ide.mcu.externaltools.gnu-tools-for-stm32.11.3.rel1.win32_1.1.100.202309141235/tools/bin/../lib/gcc/arm-none-eabi/11.3.1/../../../../arm-none-eabi/lib/thumb/v7e-m+fp/hard\libc_nano.a(libc_a-memcpy-stub.o)
                0x00000000080075c0                memcpy
 .text._realloc_r
                0x00000000080075dc       0x5e C:/ST/STM32CubeIDE_1.14.1/STM32CubeIDE/plugins/com.st.stm32cube.ide.mcu.externaltools.gnu-tools-for-stm32.11.3.rel1.win32_1.1.100.202309141235/tools/bin/../lib/gcc/arm-none-eabi/11.3.1/../../../../arm-none-eabi/lib/thumb/v7e-m+fp/hard\libc_nano.a(libc_a-reallocr.o)
                0x00000000080075dc                _realloc_r
 .text._malloc_usable_size_r
                0x000000000800763a       0x10 C:/ST/STM32CubeIDE_1.14.1/STM32CubeIDE/plugins/com.st.stm32cube.ide.mcu.externaltools.gnu-tools-for-stm32.11.3.rel1.win32_1.1.100.202309141235/tools/bin/../lib/gcc/arm-none-eabi/11.3.1/../../../../arm-none-eabi/lib/thumb/v7e-m+fp/hard\libc_nano.a(libc_a-msizer.o)
                0x000000000800763a                _malloc_usable_size_r
 *(.glue_7)
 .glue_7        0x000000000800764a        0x0 linker stubs
 *(.glue_7t)
 .glue_7t       0x000000000800764a        0x0 linker stubs
 *(.eh_frame)
 *fill*         0x000000000800764a        0x2 
 .eh_frame      0x000000000800764c        0x0 C:/ST/STM32CubeIDE_1.14.1/STM32CubeIDE/plugins/com.st.stm32cube.ide.mcu.externaltools.gnu-tools-for-stm32.11.3.rel1.win32_1.1.100.202309141235/tools/bin/../lib/gcc/arm-none-eabi/11.3.1/thumb/v7e-m+fp/hard/crtbegin.o
 *(.init)
 .init          0x000000000800764c        0x4 C:/ST/STM32CubeIDE_1.14.1/STM32CubeIDE/plugins/com.st.stm32cube.ide.mcu.externaltools.gnu-tools-for-stm32.11.3.rel1.win32_1.1.100.202309141235/tools/bin/../lib/gcc/arm-none-eabi/11.3.1/thumb/v7e-m+fp/hard/crti.o
                0x000000000800764c                _init
 .init          0x0000000008007650        0x8 C:/ST/STM32CubeIDE_1.14.1/STM32CubeIDE/plugins/com.st.stm32cube.ide.mcu.externaltools.gnu-tools-for-stm32.11.3.rel1.win32_1.1.100.202309141235/tools/bin/../lib/gcc/arm-none-eabi/11.3.1/thumb/v7e-m+fp/hard/crtn.o
 *(.fini)
 .fini          0x0000000008007658        0x4 C:/ST/STM32CubeIDE_1.14.1/STM32CubeIDE/plugins/com.st.stm32cube.ide.mcu.externaltools.gnu-tools-for-stm32.11.3.rel1.win32_1.1.100.202309141235/tools/bin/../lib/gcc/arm-none-eabi/11.3.1/thumb/v7e-m+fp/hard/crti.o
                0x0000000008007658                _fini
 .fini          0x000000000800765c        0x8 C:/ST/STM32CubeIDE_1.14.1/STM32CubeIDE/plugins/com.st.stm32cube.ide.mcu.externaltools.gnu-tools-for-stm32.11.3.rel1.win32_1.1.100.202309141235/tools/bin/../lib/gcc/arm-none-eabi/11.3.1/thumb/v7e-m+fp/hard/crtn.o
                0x0000000008007664                . = ALIGN (0x4)
                0x0000000008007664                _etext = .

.vfp11_veneer   0x0000000008007664        0x0
 .vfp11_veneer  0x0000000008007664        0x0 linker stubs

.v4_bx          0x0000000008007664        0x0
 .v4_bx         0x0000000008007664        0x0 linker stubs

.iplt           0x0000000008007664        0x0
 .iplt          0x0000000008007664        0x0 C:/ST/STM32CubeIDE_1.14.1/STM32CubeIDE/plugins/com.st.stm32cube.ide.mcu.externaltools.gnu-tools-for-stm32.11.3.rel1.win32_1.1.100.202309141235/tools/bin/../lib/gcc/arm-none-eabi/11.3.1/thumb/v7e-m+fp/hard/crtbegin.o

.rodata         0x0000000008007664     0x1420
                0x0000000008007664                . = ALIGN (0x4)
 *(.rodata)
 .rodata        0x0000000008007664        0x9 ./Core/Src/display.o
 *fill*         0x000000000800766d        0x3 
 .rodata        0x0000000008007670       0x44 ./Core/Src/ili9341.o
 *(.rodata*)
 .rodata.ili9341_font_16x26
                0x00000000080076b4     0x134e ./Core/Src/ili9341_font.o
                0x00000000080076b4                ili9341_font_16x26
 .rodata.ILI9341_BLACK
                0x0000000008008a02        0x2 ./Core/Src/ili9341_gfx.o
                0x0000000008008a02                ILI9341_BLACK
 .rodata.ILI9341_LIGHTGREY
                0x0000000008008a04        0x2 ./Core/Src/ili9341_gfx.o
                0x0000000008008a04                ILI9341_LIGHTGREY
 *fill*         0x0000000008008a06        0x2 
 .rodata.AHBPrescTable
                0x0000000008008a08       0x10 ./Core/Src/system_stm32l4xx.o
                0x0000000008008a08                AHBPrescTable
 .rodata.APBPrescTable
                0x0000000008008a18        0x8 ./Core/Src/system_stm32l4xx.o
                0x0000000008008a18                APBPrescTable
 .rodata.MSIRangeTable
                0x0000000008008a20       0x30 ./Core/Src/system_stm32l4xx.o
                0x0000000008008a20                MSIRangeTable
 .rodata._svfprintf_r.str1.1
                0x0000000008008a50       0x11 C:/ST/STM32CubeIDE_1.14.1/STM32CubeIDE/plugins/com.st.stm32cube.ide.mcu.externaltools.gnu-tools-for-stm32.11.3.rel1.win32_1.1.100.202309141235/tools/bin/../lib/gcc/arm-none-eabi/11.3.1/../../../../arm-none-eabi/lib/thumb/v7e-m+fp/hard\libc_nano.a(libc_a-nano-svfprintf.o)
 .rodata._printf_i.str1.1
                0x0000000008008a61       0x22 C:/ST/STM32CubeIDE_1.14.1/STM32CubeIDE/plugins/com.st.stm32cube.ide.mcu.externaltools.gnu-tools-for-stm32.11.3.rel1.win32_1.1.100.202309141235/tools/bin/../lib/gcc/arm-none-eabi/11.3.1/../../../../arm-none-eabi/lib/thumb/v7e-m+fp/hard\libc_nano.a(libc_a-nano-vfprintf_i.o)
                0x0000000008008a84                . = ALIGN (0x4)
 *fill*         0x0000000008008a83        0x1 

.ARM.extab      0x0000000008008a84        0x0
                0x0000000008008a84                . = ALIGN (0x4)
 *(.ARM.extab* .gnu.linkonce.armextab.*)
                0x0000000008008a84                . = ALIGN (0x4)

.ARM            0x0000000008008a84        0x8
                0x0000000008008a84                . = ALIGN (0x4)
                0x0000000008008a84                __exidx_start = .
 *(.ARM.exidx*)
 .ARM.exidx     0x0000000008008a84        0x8 C:/ST/STM32CubeIDE_1.14.1/STM32CubeIDE/plugins/com.st.stm32cube.ide.mcu.externaltools.gnu-tools-for-stm32.11.3.rel1.win32_1.1.100.202309141235/tools/bin/../lib/gcc/arm-none-eabi/11.3.1/thumb/v7e-m+fp/hard\libgcc.a(_udivmoddi4.o)
                0x0000000008008a8c                __exidx_end = .
                0x0000000008008a8c                . = ALIGN (0x4)

.rel.dyn        0x0000000008008a8c        0x0
 .rel.iplt      0x0000000008008a8c        0x0 C:/ST/STM32CubeIDE_1.14.1/STM32CubeIDE/plugins/com.st.stm32cube.ide.mcu.externaltools.gnu-tools-for-stm32.11.3.rel1.win32_1.1.100.202309141235/tools/bin/../lib/gcc/arm-none-eabi/11.3.1/thumb/v7e-m+fp/hard/crtbegin.o

.preinit_array  0x0000000008008a8c        0x0
                0x0000000008008a8c                . = ALIGN (0x4)
                0x0000000008008a8c                PROVIDE (__preinit_array_start = .)
 *(.preinit_array*)
                0x0000000008008a8c                PROVIDE (__preinit_array_end = .)
                0x0000000008008a8c                . = ALIGN (0x4)

.init_array     0x0000000008008a8c        0x4
                0x0000000008008a8c                . = ALIGN (0x4)
                0x0000000008008a8c                PROVIDE (__init_array_start = .)
 *(SORT_BY_NAME(.init_array.*))
 *(.init_array*)
 .init_array    0x0000000008008a8c        0x4 C:/ST/STM32CubeIDE_1.14.1/STM32CubeIDE/plugins/com.st.stm32cube.ide.mcu.externaltools.gnu-tools-for-stm32.11.3.rel1.win32_1.1.100.202309141235/tools/bin/../lib/gcc/arm-none-eabi/11.3.1/thumb/v7e-m+fp/hard/crtbegin.o
                0x0000000008008a90                PROVIDE (__init_array_end = .)
                0x0000000008008a90                . = ALIGN (0x4)

.fini_array     0x0000000008008a90        0x4
                0x0000000008008a90                . = ALIGN (0x4)
                [!provide]                        PROVIDE (__fini_array_start = .)
 *(SORT_BY_NAME(.fini_array.*))
 *(.fini_array*)
 .fini_array    0x0000000008008a90        0x4 C:/ST/STM32CubeIDE_1.14.1/STM32CubeIDE/plugins/com.st.stm32cube.ide.mcu.externaltools.gnu-tools-for-stm32.11.3.rel1.win32_1.1.100.202309141235/tools/bin/../lib/gcc/arm-none-eabi/11.3.1/thumb/v7e-m+fp/hard/crtbegin.o
                [!provide]                        PROVIDE (__fini_array_end = .)
                0x0000000008008a94                . = ALIGN (0x4)
                0x0000000008008a94                _sidata = LOADADDR (.data)

.data           0x0000000020000000       0x60 load address 0x0000000008008a94
                0x0000000020000000                . = ALIGN (0x4)
                0x0000000020000000                _sdata = .
 *(.data)
 *(.data*)
 .data.min_y    0x0000000020000000        0x2 ./Core/Src/display.o
                0x0000000020000000                min_y
 .data.max_y    0x0000000020000002        0x2 ./Core/Src/display.o
                0x0000000020000002                max_y
 .data.SystemCoreClock
                0x0000000020000004        0x4 ./Core/Src/system_stm32l4xx.o
                0x0000000020000004                SystemCoreClock
 .data.uwTickPrio
                0x0000000020000008        0x4 ./Drivers/STM32L4xx_HAL_Driver/Src/stm32l4xx_hal.o
                0x0000000020000008                uwTickPrio
 .data.uwTickFreq
                0x000000002000000c        0x1 ./Drivers/STM32L4xx_HAL_Driver/Src/stm32l4xx_hal.o
                0x000000002000000c                uwTickFreq
 *fill*         0x000000002000000d        0x3 
 .data._impure_data
                0x0000000020000010       0x4c C:/ST/STM32CubeIDE_1.14.1/STM32CubeIDE/plugins/com.st.stm32cube.ide.mcu.externaltools.gnu-tools-for-stm32.11.3.rel1.win32_1.1.100.202309141235/tools/bin/../lib/gcc/arm-none-eabi/11.3.1/../../../../arm-none-eabi/lib/thumb/v7e-m+fp/hard\libc_nano.a(libc_a-impure.o)
                0x0000000020000010                _impure_data
 .data._impure_ptr
                0x000000002000005c        0x4 C:/ST/STM32CubeIDE_1.14.1/STM32CubeIDE/plugins/com.st.stm32cube.ide.mcu.externaltools.gnu-tools-for-stm32.11.3.rel1.win32_1.1.100.202309141235/tools/bin/../lib/gcc/arm-none-eabi/11.3.1/../../../../arm-none-eabi/lib/thumb/v7e-m+fp/hard\libc_nano.a(libc_a-impure.o)
                0x000000002000005c                _impure_ptr
 *(.RamFunc)
 *(.RamFunc*)
                0x0000000020000060                . = ALIGN (0x4)
                0x0000000020000060                _edata = .

.igot.plt       0x0000000020000060        0x0 load address 0x0000000008008af4
 .igot.plt      0x0000000020000060        0x0 C:/ST/STM32CubeIDE_1.14.1/STM32CubeIDE/plugins/com.st.stm32cube.ide.mcu.externaltools.gnu-tools-for-stm32.11.3.rel1.win32_1.1.100.202309141235/tools/bin/../lib/gcc/arm-none-eabi/11.3.1/thumb/v7e-m+fp/hard/crtbegin.o
                0x0000000020000060                . = ALIGN (0x4)

.bss            0x0000000020000060     0x1f64 load address 0x0000000008008af4
                0x0000000020000060                _sbss = .
                0x0000000020000060                __bss_start__ = _sbss
 *(.bss)
 .bss           0x0000000020000060       0x1c C:/ST/STM32CubeIDE_1.14.1/STM32CubeIDE/plugins/com.st.stm32cube.ide.mcu.externaltools.gnu-tools-for-stm32.11.3.rel1.win32_1.1.100.202309141235/tools/bin/../lib/gcc/arm-none-eabi/11.3.1/thumb/v7e-m+fp/hard/crtbegin.o
 *(.bss*)
 .bss.timer_hal
                0x000000002000007c        0x4 ./Core/Src/display.o
                0x000000002000007c                timer_hal
 .bss.uart_hal  0x0000000020000080        0x4 ./Core/Src/display.o
                0x0000000020000080                uart_hal
 .bss.ili9341_lcd
                0x0000000020000084        0x4 ./Core/Src/display.o
                0x0000000020000084                ili9341_lcd
 .bss.dma_values
                0x0000000020000088        0x0 ./Core/Src/display.o
                0x0000000020000088                dma_values
 .bss.raw_values
                0x0000000020000088     0x1388 ./Core/Src/display.o
                0x0000000020000088                raw_values
 .bss.fill_index
                0x0000000020001410        0x2 ./Core/Src/display.o
                0x0000000020001410                fill_index
 .bss.draw_index
                0x0000000020001412        0x2 ./Core/Src/display.o
                0x0000000020001412                draw_index
 .bss.spi_tx_block
                0x0000000020001414      0x800 ./Core/Src/ili9341_gfx.o
 .bss.hadc1     0x0000000020001c14       0x64 ./Core/Src/main.o
                0x0000000020001c14                hadc1
 .bss.hdma_adc1
                0x0000000020001c78       0x48 ./Core/Src/main.o
                0x0000000020001c78                hdma_adc1
 .bss.hopamp1   0x0000000020001cc0       0x34 ./Core/Src/main.o
                0x0000000020001cc0                hopamp1
 .bss.hspi1     0x0000000020001cf4       0x64 ./Core/Src/main.o
                0x0000000020001cf4                hspi1
 .bss.hdma_spi1_tx
                0x0000000020001d58       0x48 ./Core/Src/main.o
                0x0000000020001d58                hdma_spi1_tx
 .bss.htim16    0x0000000020001da0       0x4c ./Core/Src/main.o
                0x0000000020001da0                htim16
 .bss.huart2    0x0000000020001dec       0x88 ./Core/Src/main.o
                0x0000000020001dec                huart2
 .bss.__sbrk_heap_end
                0x0000000020001e74        0x4 ./Core/Src/sysmem.o
 .bss.uwTick    0x0000000020001e78        0x4 ./Drivers/STM32L4xx_HAL_Driver/Src/stm32l4xx_hal.o
                0x0000000020001e78                uwTick
 .bss.__malloc_free_list
                0x0000000020001e7c        0x4 C:/ST/STM32CubeIDE_1.14.1/STM32CubeIDE/plugins/com.st.stm32cube.ide.mcu.externaltools.gnu-tools-for-stm32.11.3.rel1.win32_1.1.100.202309141235/tools/bin/../lib/gcc/arm-none-eabi/11.3.1/../../../../arm-none-eabi/lib/thumb/v7e-m+fp/hard\libc_nano.a(libc_a-mallocr.o)
                0x0000000020001e7c                __malloc_free_list
 .bss.__malloc_sbrk_start
                0x0000000020001e80        0x4 C:/ST/STM32CubeIDE_1.14.1/STM32CubeIDE/plugins/com.st.stm32cube.ide.mcu.externaltools.gnu-tools-for-stm32.11.3.rel1.win32_1.1.100.202309141235/tools/bin/../lib/gcc/arm-none-eabi/11.3.1/../../../../arm-none-eabi/lib/thumb/v7e-m+fp/hard\libc_nano.a(libc_a-mallocr.o)
                0x0000000020001e80                __malloc_sbrk_start
 .bss.__sf      0x0000000020001e84      0x138 C:/ST/STM32CubeIDE_1.14.1/STM32CubeIDE/plugins/com.st.stm32cube.ide.mcu.externaltools.gnu-tools-for-stm32.11.3.rel1.win32_1.1.100.202309141235/tools/bin/../lib/gcc/arm-none-eabi/11.3.1/../../../../arm-none-eabi/lib/thumb/v7e-m+fp/hard\libc_nano.a(libc_a-findfp.o)
                0x0000000020001e84                __sf
 .bss.errno     0x0000000020001fbc        0x4 C:/ST/STM32CubeIDE_1.14.1/STM32CubeIDE/plugins/com.st.stm32cube.ide.mcu.externaltools.gnu-tools-for-stm32.11.3.rel1.win32_1.1.100.202309141235/tools/bin/../lib/gcc/arm-none-eabi/11.3.1/../../../../arm-none-eabi/lib/thumb/v7e-m+fp/hard\libc_nano.a(libc_a-reent.o)
                0x0000000020001fbc                errno
 .bss.__lock___malloc_recursive_mutex
                0x0000000020001fc0        0x1 C:/ST/STM32CubeIDE_1.14.1/STM32CubeIDE/plugins/com.st.stm32cube.ide.mcu.externaltools.gnu-tools-for-stm32.11.3.rel1.win32_1.1.100.202309141235/tools/bin/../lib/gcc/arm-none-eabi/11.3.1/../../../../arm-none-eabi/lib/thumb/v7e-m+fp/hard\libc_nano.a(libc_a-lock.o)
                0x0000000020001fc0                __lock___malloc_recursive_mutex
 *(COMMON)
                0x0000000020001fc4                . = ALIGN (0x4)
 *fill*         0x0000000020001fc1        0x3 
                0x0000000020001fc4                _ebss = .
                0x0000000020001fc4                __bss_end__ = _ebss

._user_heap_stack
                0x0000000020001fc4     0x1004 load address 0x0000000008008af4
                0x0000000020001fc8                . = ALIGN (0x8)
 *fill*         0x0000000020001fc4        0x4 
                [!provide]                        PROVIDE (end = .)
                0x0000000020001fc8                PROVIDE (_end = .)
                0x00000000200027c8                . = (. + _Min_Heap_Size)
 *fill*         0x0000000020001fc8      0x800 
                0x0000000020002fc8                . = (. + _Min_Stack_Size)
 *fill*         0x00000000200027c8      0x800 
                0x0000000020002fc8                . = ALIGN (0x8)

/DISCARD/
 libc.a(*)
 libm.a(*)
 libgcc.a(*)

.ARM.attributes
                0x0000000000000000       0x30
 *(.ARM.attributes)
 .ARM.attributes
                0x0000000000000000       0x1e C:/ST/STM32CubeIDE_1.14.1/STM32CubeIDE/plugins/com.st.stm32cube.ide.mcu.externaltools.gnu-tools-for-stm32.11.3.rel1.win32_1.1.100.202309141235/tools/bin/../lib/gcc/arm-none-eabi/11.3.1/thumb/v7e-m+fp/hard/crti.o
 .ARM.attributes
                0x000000000000001e       0x34 C:/ST/STM32CubeIDE_1.14.1/STM32CubeIDE/plugins/com.st.stm32cube.ide.mcu.externaltools.gnu-tools-for-stm32.11.3.rel1.win32_1.1.100.202309141235/tools/bin/../lib/gcc/arm-none-eabi/11.3.1/thumb/v7e-m+fp/hard/crtbegin.o
 .ARM.attributes
                0x0000000000000052       0x34 ./Core/Src/display.o
 .ARM.attributes
                0x0000000000000086       0x34 ./Core/Src/ili9341.o
 .ARM.attributes
                0x00000000000000ba       0x34 ./Core/Src/ili9341_font.o
 .ARM.attributes
                0x00000000000000ee       0x34 ./Core/Src/ili9341_gfx.o
 .ARM.attributes
                0x0000000000000122       0x34 ./Core/Src/main.o
 .ARM.attributes
                0x0000000000000156       0x34 ./Core/Src/stm32l4xx_hal_msp.o
 .ARM.attributes
                0x000000000000018a       0x34 ./Core/Src/stm32l4xx_it.o
 .ARM.attributes
                0x00000000000001be       0x34 ./Core/Src/sysmem.o
 .ARM.attributes
                0x00000000000001f2       0x34 ./Core/Src/system_stm32l4xx.o
 .ARM.attributes
                0x0000000000000226       0x34 ./Core/Src/task.o
 .ARM.attributes
                0x000000000000025a       0x21 ./Core/Startup/startup_stm32l432kcux.o
 .ARM.attributes
                0x000000000000027b       0x34 ./Drivers/STM32L4xx_HAL_Driver/Src/stm32l4xx_hal.o
 .ARM.attributes
                0x00000000000002af       0x34 ./Drivers/STM32L4xx_HAL_Driver/Src/stm32l4xx_hal_adc.o
 .ARM.attributes
                0x00000000000002e3       0x34 ./Drivers/STM32L4xx_HAL_Driver/Src/stm32l4xx_hal_cortex.o
 .ARM.attributes
                0x0000000000000317       0x34 ./Drivers/STM32L4xx_HAL_Driver/Src/stm32l4xx_hal_dma.o
 .ARM.attributes
                0x000000000000034b       0x34 ./Drivers/STM32L4xx_HAL_Driver/Src/stm32l4xx_hal_gpio.o
 .ARM.attributes
                0x000000000000037f       0x34 ./Drivers/STM32L4xx_HAL_Driver/Src/stm32l4xx_hal_opamp.o
 .ARM.attributes
                0x00000000000003b3       0x34 ./Drivers/STM32L4xx_HAL_Driver/Src/stm32l4xx_hal_pwr.o
 .ARM.attributes
                0x00000000000003e7       0x34 ./Drivers/STM32L4xx_HAL_Driver/Src/stm32l4xx_hal_pwr_ex.o
 .ARM.attributes
                0x000000000000041b       0x34 ./Drivers/STM32L4xx_HAL_Driver/Src/stm32l4xx_hal_rcc.o
 .ARM.attributes
                0x000000000000044f       0x34 ./Drivers/STM32L4xx_HAL_Driver/Src/stm32l4xx_hal_rcc_ex.o
 .ARM.attributes
                0x0000000000000483       0x34 ./Drivers/STM32L4xx_HAL_Driver/Src/stm32l4xx_hal_spi.o
 .ARM.attributes
                0x00000000000004b7       0x34 ./Drivers/STM32L4xx_HAL_Driver/Src/stm32l4xx_hal_tim.o
 .ARM.attributes
                0x00000000000004eb       0x34 ./Drivers/STM32L4xx_HAL_Driver/Src/stm32l4xx_hal_tim_ex.o
 .ARM.attributes
                0x000000000000051f       0x34 ./Drivers/STM32L4xx_HAL_Driver/Src/stm32l4xx_hal_uart.o
 .ARM.attributes
                0x0000000000000553       0x34 C:/ST/STM32CubeIDE_1.14.1/STM32CubeIDE/plugins/com.st.stm32cube.ide.mcu.externaltools.gnu-tools-for-stm32.11.3.rel1.win32_1.1.100.202309141235/tools/bin/../lib/gcc/arm-none-eabi/11.3.1/../../../../arm-none-eabi/lib/thumb/v7e-m+fp/hard\libc_nano.a(libc_a-malloc.o)
 .ARM.attributes
                0x0000000000000587       0x34 C:/ST/STM32CubeIDE_1.14.1/STM32CubeIDE/plugins/com.st.stm32cube.ide.mcu.externaltools.gnu-tools-for-stm32.11.3.rel1.win32_1.1.100.202309141235/tools/bin/../lib/gcc/arm-none-eabi/11.3.1/../../../../arm-none-eabi/lib/thumb/v7e-m+fp/hard\libc_nano.a(libc_a-mallocr.o)
 .ARM.attributes
                0x00000000000005bb       0x34 C:/ST/STM32CubeIDE_1.14.1/STM32CubeIDE/plugins/com.st.stm32cube.ide.mcu.externaltools.gnu-tools-for-stm32.11.3.rel1.win32_1.1.100.202309141235/tools/bin/../lib/gcc/arm-none-eabi/11.3.1/../../../../arm-none-eabi/lib/thumb/v7e-m+fp/hard\libc_nano.a(libc_a-mlock.o)
 .ARM.attributes
                0x00000000000005ef       0x34 C:/ST/STM32CubeIDE_1.14.1/STM32CubeIDE/plugins/com.st.stm32cube.ide.mcu.externaltools.gnu-tools-for-stm32.11.3.rel1.win32_1.1.100.202309141235/tools/bin/../lib/gcc/arm-none-eabi/11.3.1/../../../../arm-none-eabi/lib/thumb/v7e-m+fp/hard\libc_nano.a(libc_a-findfp.o)
 .ARM.attributes
                0x0000000000000623       0x34 C:/ST/STM32CubeIDE_1.14.1/STM32CubeIDE/plugins/com.st.stm32cube.ide.mcu.externaltools.gnu-tools-for-stm32.11.3.rel1.win32_1.1.100.202309141235/tools/bin/../lib/gcc/arm-none-eabi/11.3.1/../../../../arm-none-eabi/lib/thumb/v7e-m+fp/hard\libc_nano.a(libc_a-sprintf.o)
 .ARM.attributes
                0x0000000000000657       0x34 C:/ST/STM32CubeIDE_1.14.1/STM32CubeIDE/plugins/com.st.stm32cube.ide.mcu.externaltools.gnu-tools-for-stm32.11.3.rel1.win32_1.1.100.202309141235/tools/bin/../lib/gcc/arm-none-eabi/11.3.1/../../../../arm-none-eabi/lib/thumb/v7e-m+fp/hard\libc_nano.a(libc_a-memset.o)
 .ARM.attributes
                0x000000000000068b       0x34 C:/ST/STM32CubeIDE_1.14.1/STM32CubeIDE/plugins/com.st.stm32cube.ide.mcu.externaltools.gnu-tools-for-stm32.11.3.rel1.win32_1.1.100.202309141235/tools/bin/../lib/gcc/arm-none-eabi/11.3.1/../../../../arm-none-eabi/lib/thumb/v7e-m+fp/hard\libc_nano.a(libc_a-reent.o)
 .ARM.attributes
                0x00000000000006bf       0x34 C:/ST/STM32CubeIDE_1.14.1/STM32CubeIDE/plugins/com.st.stm32cube.ide.mcu.externaltools.gnu-tools-for-stm32.11.3.rel1.win32_1.1.100.202309141235/tools/bin/../lib/gcc/arm-none-eabi/11.3.1/../../../../arm-none-eabi/lib/thumb/v7e-m+fp/hard\libc_nano.a(libc_a-impure.o)
 .ARM.attributes
                0x00000000000006f3       0x34 C:/ST/STM32CubeIDE_1.14.1/STM32CubeIDE/plugins/com.st.stm32cube.ide.mcu.externaltools.gnu-tools-for-stm32.11.3.rel1.win32_1.1.100.202309141235/tools/bin/../lib/gcc/arm-none-eabi/11.3.1/../../../../arm-none-eabi/lib/thumb/v7e-m+fp/hard\libc_nano.a(libc_a-sbrkr.o)
 .ARM.attributes
                0x0000000000000727       0x34 C:/ST/STM32CubeIDE_1.14.1/STM32CubeIDE/plugins/com.st.stm32cube.ide.mcu.externaltools.gnu-tools-for-stm32.11.3.rel1.win32_1.1.100.202309141235/tools/bin/../lib/gcc/arm-none-eabi/11.3.1/../../../../arm-none-eabi/lib/thumb/v7e-m+fp/hard\libc_nano.a(libc_a-errno.o)
 .ARM.attributes
                0x000000000000075b       0x34 C:/ST/STM32CubeIDE_1.14.1/STM32CubeIDE/plugins/com.st.stm32cube.ide.mcu.externaltools.gnu-tools-for-stm32.11.3.rel1.win32_1.1.100.202309141235/tools/bin/../lib/gcc/arm-none-eabi/11.3.1/../../../../arm-none-eabi/lib/thumb/v7e-m+fp/hard\libc_nano.a(libc_a-init.o)
 .ARM.attributes
                0x000000000000078f       0x34 C:/ST/STM32CubeIDE_1.14.1/STM32CubeIDE/plugins/com.st.stm32cube.ide.mcu.externaltools.gnu-tools-for-stm32.11.3.rel1.win32_1.1.100.202309141235/tools/bin/../lib/gcc/arm-none-eabi/11.3.1/../../../../arm-none-eabi/lib/thumb/v7e-m+fp/hard\libc_nano.a(libc_a-lock.o)
 .ARM.attributes
                0x00000000000007c3       0x17 C:/ST/STM32CubeIDE_1.14.1/STM32CubeIDE/plugins/com.st.stm32cube.ide.mcu.externaltools.gnu-tools-for-stm32.11.3.rel1.win32_1.1.100.202309141235/tools/bin/../lib/gcc/arm-none-eabi/11.3.1/../../../../arm-none-eabi/lib/thumb/v7e-m+fp/hard\libc_nano.a(libc_a-strlen.o)
 .ARM.attributes
                0x00000000000007da       0x34 C:/ST/STM32CubeIDE_1.14.1/STM32CubeIDE/plugins/com.st.stm32cube.ide.mcu.externaltools.gnu-tools-for-stm32.11.3.rel1.win32_1.1.100.202309141235/tools/bin/../lib/gcc/arm-none-eabi/11.3.1/../../../../arm-none-eabi/lib/thumb/v7e-m+fp/hard\libc_nano.a(libc_a-freer.o)
 .ARM.attributes
                0x000000000000080e       0x34 C:/ST/STM32CubeIDE_1.14.1/STM32CubeIDE/plugins/com.st.stm32cube.ide.mcu.externaltools.gnu-tools-for-stm32.11.3.rel1.win32_1.1.100.202309141235/tools/bin/../lib/gcc/arm-none-eabi/11.3.1/../../../../arm-none-eabi/lib/thumb/v7e-m+fp/hard\libc_nano.a(libc_a-nano-svfprintf.o)
 .ARM.attributes
                0x0000000000000842       0x34 C:/ST/STM32CubeIDE_1.14.1/STM32CubeIDE/plugins/com.st.stm32cube.ide.mcu.externaltools.gnu-tools-for-stm32.11.3.rel1.win32_1.1.100.202309141235/tools/bin/../lib/gcc/arm-none-eabi/11.3.1/../../../../arm-none-eabi/lib/thumb/v7e-m+fp/hard\libc_nano.a(libc_a-nano-vfprintf_i.o)
 .ARM.attributes
                0x0000000000000876       0x34 C:/ST/STM32CubeIDE_1.14.1/STM32CubeIDE/plugins/com.st.stm32cube.ide.mcu.externaltools.gnu-tools-for-stm32.11.3.rel1.win32_1.1.100.202309141235/tools/bin/../lib/gcc/arm-none-eabi/11.3.1/../../../../arm-none-eabi/lib/thumb/v7e-m+fp/hard\libc_nano.a(libc_a-memmove.o)
 .ARM.attributes
                0x00000000000008aa       0x1c C:/ST/STM32CubeIDE_1.14.1/STM32CubeIDE/plugins/com.st.stm32cube.ide.mcu.externaltools.gnu-tools-for-stm32.11.3.rel1.win32_1.1.100.202309141235/tools/bin/../lib/gcc/arm-none-eabi/11.3.1/../../../../arm-none-eabi/lib/thumb/v7e-m+fp/hard\libc_nano.a(libc_a-memchr.o)
 .ARM.attributes
                0x00000000000008c6       0x34 C:/ST/STM32CubeIDE_1.14.1/STM32CubeIDE/plugins/com.st.stm32cube.ide.mcu.externaltools.gnu-tools-for-stm32.11.3.rel1.win32_1.1.100.202309141235/tools/bin/../lib/gcc/arm-none-eabi/11.3.1/../../../../arm-none-eabi/lib/thumb/v7e-m+fp/hard\libc_nano.a(libc_a-memcpy-stub.o)
 .ARM.attributes
                0x00000000000008fa       0x34 C:/ST/STM32CubeIDE_1.14.1/STM32CubeIDE/plugins/com.st.stm32cube.ide.mcu.externaltools.gnu-tools-for-stm32.11.3.rel1.win32_1.1.100.202309141235/tools/bin/../lib/gcc/arm-none-eabi/11.3.1/../../../../arm-none-eabi/lib/thumb/v7e-m+fp/hard\libc_nano.a(libc_a-reallocr.o)
 .ARM.attributes
                0x000000000000092e       0x34 C:/ST/STM32CubeIDE_1.14.1/STM32CubeIDE/plugins/com.st.stm32cube.ide.mcu.externaltools.gnu-tools-for-stm32.11.3.rel1.win32_1.1.100.202309141235/tools/bin/../lib/gcc/arm-none-eabi/11.3.1/../../../../arm-none-eabi/lib/thumb/v7e-m+fp/hard\libc_nano.a(libc_a-msizer.o)
 .ARM.attributes
                0x0000000000000962       0x1e C:/ST/STM32CubeIDE_1.14.1/STM32CubeIDE/plugins/com.st.stm32cube.ide.mcu.externaltools.gnu-tools-for-stm32.11.3.rel1.win32_1.1.100.202309141235/tools/bin/../lib/gcc/arm-none-eabi/11.3.1/thumb/v7e-m+fp/hard\libgcc.a(_aeabi_uldivmod.o)
 .ARM.attributes
                0x0000000000000980       0x34 C:/ST/STM32CubeIDE_1.14.1/STM32CubeIDE/plugins/com.st.stm32cube.ide.mcu.externaltools.gnu-tools-for-stm32.11.3.rel1.win32_1.1.100.202309141235/tools/bin/../lib/gcc/arm-none-eabi/11.3.1/thumb/v7e-m+fp/hard\libgcc.a(_udivmoddi4.o)
 .ARM.attributes
                0x00000000000009b4       0x1e C:/ST/STM32CubeIDE_1.14.1/STM32CubeIDE/plugins/com.st.stm32cube.ide.mcu.externaltools.gnu-tools-for-stm32.11.3.rel1.win32_1.1.100.202309141235/tools/bin/../lib/gcc/arm-none-eabi/11.3.1/thumb/v7e-m+fp/hard\libgcc.a(_dvmd_tls.o)
 .ARM.attributes
                0x00000000000009d2       0x1e C:/ST/STM32CubeIDE_1.14.1/STM32CubeIDE/plugins/com.st.stm32cube.ide.mcu.externaltools.gnu-tools-for-stm32.11.3.rel1.win32_1.1.100.202309141235/tools/bin/../lib/gcc/arm-none-eabi/11.3.1/thumb/v7e-m+fp/hard/crtn.o
OUTPUT(nucleo-l432-adc-lcd.elf elf32-littlearm)
LOAD linker stubs
LOAD C:/ST/STM32CubeIDE_1.14.1/STM32CubeIDE/plugins/com.st.stm32cube.ide.mcu.externaltools.gnu-tools-for-stm32.11.3.rel1.win32_1.1.100.202309141235/tools/bin/../lib/gcc/arm-none-eabi/11.3.1/../../../../arm-none-eabi/lib/thumb/v7e-m+fp/hard\libc.a
LOAD C:/ST/STM32CubeIDE_1.14.1/STM32CubeIDE/plugins/com.st.stm32cube.ide.mcu.externaltools.gnu-tools-for-stm32.11.3.rel1.win32_1.1.100.202309141235/tools/bin/../lib/gcc/arm-none-eabi/11.3.1/../../../../arm-none-eabi/lib/thumb/v7e-m+fp/hard\libm.a
LOAD C:/ST/STM32CubeIDE_1.14.1/STM32CubeIDE/plugins/com.st.stm32cube.ide.mcu.externaltools.gnu-tools-for-stm32.11.3.rel1.win32_1.1.100.202309141235/tools/bin/../lib/gcc/arm-none-eabi/11.3.1/thumb/v7e-m+fp/hard\libgcc.a

.comment        0x0000000000000000       0x43
 .comment       0x0000000000000000       0x43 C:/ST/STM32CubeIDE_1.14.1/STM32CubeIDE/plugins/com.st.stm32cube.ide.mcu.externaltools.gnu-tools-for-stm32.11.3.rel1.win32_1.1.100.202309141235/tools/bin/../lib/gcc/arm-none-eabi/11.3.1/thumb/v7e-m+fp/hard/crtbegin.o
                                         0x44 (size before relaxing)
 .comment       0x0000000000000043       0x44 ./Core/Src/display.o
 .comment       0x0000000000000043       0x44 ./Core/Src/ili9341.o
 .comment       0x0000000000000043       0x44 ./Core/Src/ili9341_font.o
 .comment       0x0000000000000043       0x44 ./Core/Src/ili9341_gfx.o
 .comment       0x0000000000000043       0x44 ./Core/Src/main.o
 .comment       0x0000000000000043       0x44 ./Core/Src/stm32l4xx_hal_msp.o
 .comment       0x0000000000000043       0x44 ./Core/Src/stm32l4xx_it.o
 .comment       0x0000000000000043       0x44 ./Core/Src/sysmem.o
 .comment       0x0000000000000043       0x44 ./Core/Src/system_stm32l4xx.o
 .comment       0x0000000000000043       0x44 ./Core/Src/task.o
 .comment       0x0000000000000043       0x44 ./Drivers/STM32L4xx_HAL_Driver/Src/stm32l4xx_hal.o
 .comment       0x0000000000000043       0x44 ./Drivers/STM32L4xx_HAL_Driver/Src/stm32l4xx_hal_adc.o
 .comment       0x0000000000000043       0x44 ./Drivers/STM32L4xx_HAL_Driver/Src/stm32l4xx_hal_cortex.o
 .comment       0x0000000000000043       0x44 ./Drivers/STM32L4xx_HAL_Driver/Src/stm32l4xx_hal_dma.o
 .comment       0x0000000000000043       0x44 ./Drivers/STM32L4xx_HAL_Driver/Src/stm32l4xx_hal_gpio.o
 .comment       0x0000000000000043       0x44 ./Drivers/STM32L4xx_HAL_Driver/Src/stm32l4xx_hal_opamp.o
 .comment       0x0000000000000043       0x44 ./Drivers/STM32L4xx_HAL_Driver/Src/stm32l4xx_hal_pwr.o
 .comment       0x0000000000000043       0x44 ./Drivers/STM32L4xx_HAL_Driver/Src/stm32l4xx_hal_pwr_ex.o
 .comment       0x0000000000000043       0x44 ./Drivers/STM32L4xx_HAL_Driver/Src/stm32l4xx_hal_rcc.o
 .comment       0x0000000000000043       0x44 ./Drivers/STM32L4xx_HAL_Driver/Src/stm32l4xx_hal_rcc_ex.o
 .comment       0x0000000000000043       0x44 ./Drivers/STM32L4xx_HAL_Driver/Src/stm32l4xx_hal_spi.o
 .comment       0x0000000000000043       0x44 ./Drivers/STM32L4xx_HAL_Driver/Src/stm32l4xx_hal_tim.o
 .comment       0x0000000000000043       0x44 ./Drivers/STM32L4xx_HAL_Driver/Src/stm32l4xx_hal_tim_ex.o
 .comment       0x0000000000000043       0x44 ./Drivers/STM32L4xx_HAL_Driver/Src/stm32l4xx_hal_uart.o

.debug_info     0x0000000000000000    0x1a481
 .debug_info    0x0000000000000000     0x1947 ./Core/Src/display.o
 .debug_info    0x0000000000001947     0x1367 ./Core/Src/ili9341.o
 .debug_info    0x0000000000002cae      0x168 ./Core/Src/ili9341_font.o
 .debug_info    0x0000000000002e16     0x1760 ./Core/Src/ili9341_gfx.o
 .debug_info    0x0000000000004576     0x1cc7 ./Core/Src/main.o
 .debug_info    0x000000000000623d     0x1c46 ./Core/Src/stm32l4xx_hal_msp.o
 .debug_info    0x0000000000007e83      0x74b ./Core/Src/stm32l4xx_it.o
 .debug_info    0x00000000000085ce      0x168 ./Core/Src/sysmem.o
 .debug_info    0x0000000000008736      0x5bf ./Core/Src/system_stm32l4xx.o
 .debug_info    0x0000000000008cf5     0x1143 ./Core/Src/task.o
 .debug_info    0x0000000000009e38       0x23 ./Core/Startup/startup_stm32l432kcux.o
 .debug_info    0x0000000000009e5b      0x99e ./Drivers/STM32L4xx_HAL_Driver/Src/stm32l4xx_hal.o
 .debug_info    0x000000000000a7f9     0x1cc4 ./Drivers/STM32L4xx_HAL_Driver/Src/stm32l4xx_hal_adc.o
 .debug_info    0x000000000000c4bd      0xcce ./Drivers/STM32L4xx_HAL_Driver/Src/stm32l4xx_hal_cortex.o
 .debug_info    0x000000000000d18b      0x6f4 ./Drivers/STM32L4xx_HAL_Driver/Src/stm32l4xx_hal_dma.o
 .debug_info    0x000000000000d87f      0x757 ./Drivers/STM32L4xx_HAL_Driver/Src/stm32l4xx_hal_gpio.o
 .debug_info    0x000000000000dfd6      0x4ee ./Drivers/STM32L4xx_HAL_Driver/Src/stm32l4xx_hal_opamp.o
 .debug_info    0x000000000000e4c4      0x92c ./Drivers/STM32L4xx_HAL_Driver/Src/stm32l4xx_hal_pwr.o
 .debug_info    0x000000000000edf0      0x920 ./Drivers/STM32L4xx_HAL_Driver/Src/stm32l4xx_hal_pwr_ex.o
 .debug_info    0x000000000000f710      0xbc3 ./Drivers/STM32L4xx_HAL_Driver/Src/stm32l4xx_hal_rcc.o
 .debug_info    0x00000000000102d3      0xee5 ./Drivers/STM32L4xx_HAL_Driver/Src/stm32l4xx_hal_rcc_ex.o
 .debug_info    0x00000000000111b8     0x161a ./Drivers/STM32L4xx_HAL_Driver/Src/stm32l4xx_hal_spi.o
 .debug_info    0x00000000000127d2     0x2a9a ./Drivers/STM32L4xx_HAL_Driver/Src/stm32l4xx_hal_tim.o
 .debug_info    0x000000000001526c     0x169e ./Drivers/STM32L4xx_HAL_Driver/Src/stm32l4xx_hal_tim_ex.o
 .debug_info    0x000000000001690a     0x3b77 ./Drivers/STM32L4xx_HAL_Driver/Src/stm32l4xx_hal_uart.o

.debug_abbrev   0x0000000000000000     0x3543
 .debug_abbrev  0x0000000000000000      0x2c4 ./Core/Src/display.o
 .debug_abbrev  0x00000000000002c4      0x34a ./Core/Src/ili9341.o
 .debug_abbrev  0x000000000000060e       0xc5 ./Core/Src/ili9341_font.o
 .debug_abbrev  0x00000000000006d3      0x346 ./Core/Src/ili9341_gfx.o
 .debug_abbrev  0x0000000000000a19      0x2cf ./Core/Src/main.o
 .debug_abbrev  0x0000000000000ce8      0x245 ./Core/Src/stm32l4xx_hal_msp.o
 .debug_abbrev  0x0000000000000f2d      0x196 ./Core/Src/stm32l4xx_it.o
 .debug_abbrev  0x00000000000010c3       0xbc ./Core/Src/sysmem.o
 .debug_abbrev  0x000000000000117f      0x11a ./Core/Src/system_stm32l4xx.o
 .debug_abbrev  0x0000000000001299      0x1d3 ./Core/Src/task.o
 .debug_abbrev  0x000000000000146c       0x12 ./Core/Startup/startup_stm32l432kcux.o
 .debug_abbrev  0x000000000000147e      0x225 ./Drivers/STM32L4xx_HAL_Driver/Src/stm32l4xx_hal.o
 .debug_abbrev  0x00000000000016a3      0x2d7 ./Drivers/STM32L4xx_HAL_Driver/Src/stm32l4xx_hal_adc.o
 .debug_abbrev  0x000000000000197a      0x327 ./Drivers/STM32L4xx_HAL_Driver/Src/stm32l4xx_hal_cortex.o
 .debug_abbrev  0x0000000000001ca1      0x1e4 ./Drivers/STM32L4xx_HAL_Driver/Src/stm32l4xx_hal_dma.o
 .debug_abbrev  0x0000000000001e85      0x1cb ./Drivers/STM32L4xx_HAL_Driver/Src/stm32l4xx_hal_gpio.o
 .debug_abbrev  0x0000000000002050      0x185 ./Drivers/STM32L4xx_HAL_Driver/Src/stm32l4xx_hal_opamp.o
 .debug_abbrev  0x00000000000021d5      0x1d4 ./Drivers/STM32L4xx_HAL_Driver/Src/stm32l4xx_hal_pwr.o
 .debug_abbrev  0x00000000000023a9      0x1f9 ./Drivers/STM32L4xx_HAL_Driver/Src/stm32l4xx_hal_pwr_ex.o
 .debug_abbrev  0x00000000000025a2      0x2cb ./Drivers/STM32L4xx_HAL_Driver/Src/stm32l4xx_hal_rcc.o
 .debug_abbrev  0x000000000000286d      0x2a1 ./Drivers/STM32L4xx_HAL_Driver/Src/stm32l4xx_hal_rcc_ex.o
 .debug_abbrev  0x0000000000002b0e      0x26a ./Drivers/STM32L4xx_HAL_Driver/Src/stm32l4xx_hal_spi.o
 .debug_abbrev  0x0000000000002d78      0x278 ./Drivers/STM32L4xx_HAL_Driver/Src/stm32l4xx_hal_tim.o
 .debug_abbrev  0x0000000000002ff0      0x283 ./Drivers/STM32L4xx_HAL_Driver/Src/stm32l4xx_hal_tim_ex.o
 .debug_abbrev  0x0000000000003273      0x2d0 ./Drivers/STM32L4xx_HAL_Driver/Src/stm32l4xx_hal_uart.o

.debug_aranges  0x0000000000000000     0x15d8
 .debug_aranges
                0x0000000000000000       0x40 ./Core/Src/display.o
 .debug_aranges
                0x0000000000000040       0xe0 ./Core/Src/ili9341.o
 .debug_aranges
                0x0000000000000120       0x20 ./Core/Src/ili9341_font.o
 .debug_aranges
                0x0000000000000140       0xa0 ./Core/Src/ili9341_gfx.o
 .debug_aranges
                0x00000000000001e0       0x68 ./Core/Src/main.o
 .debug_aranges
                0x0000000000000248       0x70 ./Core/Src/stm32l4xx_hal_msp.o
 .debug_aranges
                0x00000000000002b8       0x78 ./Core/Src/stm32l4xx_it.o
 .debug_aranges
                0x0000000000000330       0x20 ./Core/Src/sysmem.o
 .debug_aranges
                0x0000000000000350       0x28 ./Core/Src/system_stm32l4xx.o
 .debug_aranges
                0x0000000000000378       0x28 ./Core/Src/task.o
 .debug_aranges
                0x00000000000003a0       0x28 ./Core/Startup/startup_stm32l432kcux.o
 .debug_aranges
                0x00000000000003c8      0x108 ./Drivers/STM32L4xx_HAL_Driver/Src/stm32l4xx_hal.o
 .debug_aranges
                0x00000000000004d0      0x210 ./Drivers/STM32L4xx_HAL_Driver/Src/stm32l4xx_hal_adc.o
 .debug_aranges
                0x00000000000006e0      0x118 ./Drivers/STM32L4xx_HAL_Driver/Src/stm32l4xx_hal_cortex.o
 .debug_aranges
                0x00000000000007f8       0x80 ./Drivers/STM32L4xx_HAL_Driver/Src/stm32l4xx_hal_dma.o
 .debug_aranges
                0x0000000000000878       0x58 ./Drivers/STM32L4xx_HAL_Driver/Src/stm32l4xx_hal_gpio.o
 .debug_aranges
                0x00000000000008d0       0x68 ./Drivers/STM32L4xx_HAL_Driver/Src/stm32l4xx_hal_opamp.o
 .debug_aranges
                0x0000000000000938       0x98 ./Drivers/STM32L4xx_HAL_Driver/Src/stm32l4xx_hal_pwr.o
 .debug_aranges
                0x00000000000009d0      0x128 ./Drivers/STM32L4xx_HAL_Driver/Src/stm32l4xx_hal_pwr_ex.o
 .debug_aranges
                0x0000000000000af8       0x90 ./Drivers/STM32L4xx_HAL_Driver/Src/stm32l4xx_hal_rcc.o
 .debug_aranges
                0x0000000000000b88       0xf0 ./Drivers/STM32L4xx_HAL_Driver/Src/stm32l4xx_hal_rcc_ex.o
 .debug_aranges
                0x0000000000000c78      0x1d8 ./Drivers/STM32L4xx_HAL_Driver/Src/stm32l4xx_hal_spi.o
 .debug_aranges
                0x0000000000000e50      0x3e0 ./Drivers/STM32L4xx_HAL_Driver/Src/stm32l4xx_hal_tim.o
 .debug_aranges
                0x0000000000001230      0x180 ./Drivers/STM32L4xx_HAL_Driver/Src/stm32l4xx_hal_tim_ex.o
 .debug_aranges
                0x00000000000013b0      0x228 ./Drivers/STM32L4xx_HAL_Driver/Src/stm32l4xx_hal_uart.o

.debug_rnglists
                0x0000000000000000     0x10f6
 .debug_rnglists
                0x0000000000000000       0x2d ./Core/Src/display.o
 .debug_rnglists
                0x000000000000002d       0xa9 ./Core/Src/ili9341.o
 .debug_rnglists
                0x00000000000000d6       0x13 ./Core/Src/ili9341_font.o
 .debug_rnglists
                0x00000000000000e9       0x7f ./Core/Src/ili9341_gfx.o
 .debug_rnglists
                0x0000000000000168       0x4c ./Core/Src/main.o
 .debug_rnglists
                0x00000000000001b4       0x52 ./Core/Src/stm32l4xx_hal_msp.o
 .debug_rnglists
                0x0000000000000206       0x55 ./Core/Src/stm32l4xx_it.o
 .debug_rnglists
                0x000000000000025b       0x13 ./Core/Src/sysmem.o
 .debug_rnglists
                0x000000000000026e       0x1a ./Core/Src/system_stm32l4xx.o
 .debug_rnglists
                0x0000000000000288       0x19 ./Core/Src/task.o
 .debug_rnglists
                0x00000000000002a1       0x19 ./Core/Startup/startup_stm32l432kcux.o
 .debug_rnglists
                0x00000000000002ba       0xc1 ./Drivers/STM32L4xx_HAL_Driver/Src/stm32l4xx_hal.o
 .debug_rnglists
                0x000000000000037b      0x196 ./Drivers/STM32L4xx_HAL_Driver/Src/stm32l4xx_hal_adc.o
 .debug_rnglists
                0x0000000000000511       0xce ./Drivers/STM32L4xx_HAL_Driver/Src/stm32l4xx_hal_cortex.o
 .debug_rnglists
                0x00000000000005df       0x64 ./Drivers/STM32L4xx_HAL_Driver/Src/stm32l4xx_hal_dma.o
 .debug_rnglists
                0x0000000000000643       0x3f ./Drivers/STM32L4xx_HAL_Driver/Src/stm32l4xx_hal_gpio.o
 .debug_rnglists
                0x0000000000000682       0x4c ./Drivers/STM32L4xx_HAL_Driver/Src/stm32l4xx_hal_opamp.o
 .debug_rnglists
                0x00000000000006ce       0x6e ./Drivers/STM32L4xx_HAL_Driver/Src/stm32l4xx_hal_pwr.o
 .debug_rnglists
                0x000000000000073c       0xdf ./Drivers/STM32L4xx_HAL_Driver/Src/stm32l4xx_hal_pwr_ex.o
 .debug_rnglists
                0x000000000000081b       0x6d ./Drivers/STM32L4xx_HAL_Driver/Src/stm32l4xx_hal_rcc.o
 .debug_rnglists
                0x0000000000000888       0xba ./Drivers/STM32L4xx_HAL_Driver/Src/stm32l4xx_hal_rcc_ex.o
 .debug_rnglists
                0x0000000000000942      0x178 ./Drivers/STM32L4xx_HAL_Driver/Src/stm32l4xx_hal_spi.o
 .debug_rnglists
                0x0000000000000aba      0x328 ./Drivers/STM32L4xx_HAL_Driver/Src/stm32l4xx_hal_tim.o
 .debug_rnglists
                0x0000000000000de2      0x139 ./Drivers/STM32L4xx_HAL_Driver/Src/stm32l4xx_hal_tim_ex.o
 .debug_rnglists
                0x0000000000000f1b      0x1db ./Drivers/STM32L4xx_HAL_Driver/Src/stm32l4xx_hal_uart.o

.debug_macro    0x0000000000000000    0x24517
 .debug_macro   0x0000000000000000      0x35a ./Core/Src/display.o
 .debug_macro   0x000000000000035a      0xaa8 ./Core/Src/display.o
 .debug_macro   0x0000000000000e02      0x1b9 ./Core/Src/display.o
 .debug_macro   0x0000000000000fbb       0x2e ./Core/Src/display.o
 .debug_macro   0x0000000000000fe9       0x28 ./Core/Src/display.o
 .debug_macro   0x0000000000001011       0x22 ./Core/Src/display.o
 .debug_macro   0x0000000000001033       0x8e ./Core/Src/display.o
 .debug_macro   0x00000000000010c1       0x51 ./Core/Src/display.o
 .debug_macro   0x0000000000001112      0x103 ./Core/Src/display.o
 .debug_macro   0x0000000000001215       0x6a ./Core/Src/display.o
 .debug_macro   0x000000000000127f      0x1df ./Core/Src/display.o
 .debug_macro   0x000000000000145e       0x1c ./Core/Src/display.o
 .debug_macro   0x000000000000147a       0x22 ./Core/Src/display.o
 .debug_macro   0x000000000000149c       0xfb ./Core/Src/display.o
 .debug_macro   0x0000000000001597     0x1011 ./Core/Src/display.o
 .debug_macro   0x00000000000025a8      0x11f ./Core/Src/display.o
 .debug_macro   0x00000000000026c7    0x147a6 ./Core/Src/display.o
 .debug_macro   0x0000000000016e6d       0x6d ./Core/Src/display.o
 .debug_macro   0x0000000000016eda     0x38e6 ./Core/Src/display.o
 .debug_macro   0x000000000001a7c0      0x174 ./Core/Src/display.o
 .debug_macro   0x000000000001a934       0x5c ./Core/Src/display.o
 .debug_macro   0x000000000001a990     0x11ca ./Core/Src/display.o
 .debug_macro   0x000000000001bb5a      0x53c ./Core/Src/display.o
 .debug_macro   0x000000000001c096      0x1b9 ./Core/Src/display.o
 .debug_macro   0x000000000001c24f      0x122 ./Core/Src/display.o
 .debug_macro   0x000000000001c371      0x26b ./Core/Src/display.o
 .debug_macro   0x000000000001c5dc      0x23d ./Core/Src/display.o
 .debug_macro   0x000000000001c819      0xde6 ./Core/Src/display.o
 .debug_macro   0x000000000001d5ff      0x61d ./Core/Src/display.o
 .debug_macro   0x000000000001dc1c      0x241 ./Core/Src/display.o
 .debug_macro   0x000000000001de5d      0x241 ./Core/Src/display.o
 .debug_macro   0x000000000001e09e      0x375 ./Core/Src/display.o
 .debug_macro   0x000000000001e413       0xd6 ./Core/Src/display.o
 .debug_macro   0x000000000001e4e9       0xf8 ./Core/Src/display.o
 .debug_macro   0x000000000001e5e1      0x122 ./Core/Src/display.o
 .debug_macro   0x000000000001e703      0x356 ./Core/Src/display.o
 .debug_macro   0x000000000001ea59      0x2fe ./Core/Src/display.o
 .debug_macro   0x000000000001ed57      0xa98 ./Core/Src/display.o
 .debug_macro   0x000000000001f7ef      0x12d ./Core/Src/display.o
 .debug_macro   0x000000000001f91c      0x5cf ./Core/Src/display.o
 .debug_macro   0x000000000001feeb       0x44 ./Core/Src/display.o
 .debug_macro   0x000000000001ff2f      0x220 ./Core/Src/display.o
 .debug_macro   0x000000000002014f       0xbe ./Core/Src/display.o
 .debug_macro   0x000000000002020d       0x52 ./Core/Src/display.o
 .debug_macro   0x000000000002025f       0x16 ./Core/Src/display.o
 .debug_macro   0x0000000000020275       0x61 ./Core/Src/display.o
 .debug_macro   0x00000000000202d6       0x2a ./Core/Src/display.o
 .debug_macro   0x0000000000020300       0x43 ./Core/Src/display.o
 .debug_macro   0x0000000000020343       0x34 ./Core/Src/display.o
 .debug_macro   0x0000000000020377       0x16 ./Core/Src/display.o
 .debug_macro   0x000000000002038d       0x43 ./Core/Src/display.o
 .debug_macro   0x00000000000203d0       0x34 ./Core/Src/display.o
 .debug_macro   0x0000000000020404       0x10 ./Core/Src/display.o
 .debug_macro   0x0000000000020414       0x58 ./Core/Src/display.o
 .debug_macro   0x000000000002046c       0x8e ./Core/Src/display.o
 .debug_macro   0x00000000000204fa       0x1c ./Core/Src/display.o
 .debug_macro   0x0000000000020516      0x177 ./Core/Src/display.o
 .debug_macro   0x000000000002068d      0x369 ./Core/Src/display.o
 .debug_macro   0x00000000000209f6       0x10 ./Core/Src/display.o
 .debug_macro   0x0000000000020a06       0x35 ./Core/Src/display.o
 .debug_macro   0x0000000000020a3b       0x20 ./Core/Src/display.o
 .debug_macro   0x0000000000020a5b       0x1c ./Core/Src/display.o
 .debug_macro   0x0000000000020a77       0x10 ./Core/Src/display.o
 .debug_macro   0x0000000000020a87       0x1c ./Core/Src/display.o
 .debug_macro   0x0000000000020aa3       0x16 ./Core/Src/display.o
 .debug_macro   0x0000000000020ab9      0x147 ./Core/Src/display.o
 .debug_macro   0x0000000000020c00      0x358 ./Core/Src/ili9341.o
 .debug_macro   0x0000000000020f58       0x5b ./Core/Src/ili9341.o
 .debug_macro   0x0000000000020fb3       0x94 ./Core/Src/ili9341.o
 .debug_macro   0x0000000000021047       0x16 ./Core/Src/ili9341.o
 .debug_macro   0x000000000002105d      0x10e ./Core/Src/ili9341.o
 .debug_macro   0x000000000002116b       0x8d ./Core/Src/ili9341.o
 .debug_macro   0x00000000000211f8       0x57 ./Core/Src/ili9341.o
 .debug_macro   0x000000000002124f       0x16 ./Core/Src/ili9341.o
 .debug_macro   0x0000000000021265       0x29 ./Core/Src/ili9341.o
 .debug_macro   0x000000000002128e       0x16 ./Core/Src/ili9341.o
 .debug_macro   0x00000000000212a4      0x11f ./Core/Src/ili9341.o
 .debug_macro   0x00000000000213c3       0x56 ./Core/Src/ili9341.o
 .debug_macro   0x0000000000021419       0x79 ./Core/Src/ili9341_font.o
 .debug_macro   0x0000000000021492      0x335 ./Core/Src/ili9341_gfx.o
 .debug_macro   0x00000000000217c7      0x358 ./Core/Src/main.o
 .debug_macro   0x0000000000021b1f      0x21c ./Core/Src/stm32l4xx_hal_msp.o
 .debug_macro   0x0000000000021d3b      0x226 ./Core/Src/stm32l4xx_it.o
 .debug_macro   0x0000000000021f61       0xff ./Core/Src/sysmem.o
 .debug_macro   0x0000000000022060       0x10 ./Core/Src/sysmem.o
 .debug_macro   0x0000000000022070      0x23c ./Core/Src/sysmem.o
 .debug_macro   0x00000000000222ac      0x20d ./Core/Src/system_stm32l4xx.o
 .debug_macro   0x00000000000224b9      0x230 ./Core/Src/task.o
 .debug_macro   0x00000000000226e9      0x255 ./Drivers/STM32L4xx_HAL_Driver/Src/stm32l4xx_hal.o
 .debug_macro   0x000000000002293e      0x22a ./Drivers/STM32L4xx_HAL_Driver/Src/stm32l4xx_hal_adc.o
 .debug_macro   0x0000000000022b68      0x20d ./Drivers/STM32L4xx_HAL_Driver/Src/stm32l4xx_hal_cortex.o