../Core/Src/main.c:92:5:main	104	static
../Core/Src/main.c:170:6:SystemClock_Config	96	static
../Core/Src/main.c:231:13:MX_ADC1_Init	32	static
../Core/Src/main.c:289:13:MX_OPAMP1_Init	8	static
../Core/Src/main.c:320:13:MX_SPI1_Init	8	static
../Core/Src/main.c:359:13:MX_TIM16_Init	8	static
../Core/Src/main.c:391:13:MX_USART2_UART_Init	8	static
../Core/Src/main.c:424:13:MX_DMA_Init	16	static
../Core/Src/main.c:445:13:MX_GPIO_Init	40	static
../Core/Src/main.c:479:6:printToUart	16	static
../Core/Src/main.c:483:10:translate_y	16	static
../Core/Src/main.c:487:6:HAL_TIM_PeriodElapsedCallback	56	static
../Core/Src/main.c:516:6:Error_Handler	4	static,ignoring_inline_asm
