../Core/Src/main.c:86:5:main	8	static
../Core/Src/main.c:137:6:SystemClock_Config	96	static
../Core/Src/main.c:198:13:MX_ADC1_Init	32	static
../Core/Src/main.c:256:13:MX_OPAMP1_Init	8	static
../Core/Src/main.c:287:13:MX_SPI1_Init	8	static
../Core/Src/main.c:326:13:MX_TIM16_Init	8	static
../Core/Src/main.c:358:13:MX_USART2_UART_Init	8	static
../Core/Src/main.c:391:13:MX_DMA_Init	16	static
../Core/Src/main.c:412:13:MX_GPIO_Init	40	static
../Core/Src/main.c:457:6:Error_Handler	4	static,ignoring_inline_asm
